Component: ARM Compiler 5.06 update 1 (build 61) Tool: armlink [4d35a8]

==============================================================================

Section Cross References

    main.o(i.Init_I2C) refers to i2c_lpc17xx.o(.constdata) for Driver_I2C0
    main.o(i.Init_UART) refers to uart_lpc17xx.o(.constdata) for Driver_USART1
    main.o(i.main) refers to _printf_pad.o(.text) for _printf_pre_padding
    main.o(i.main) refers to _printf_percent.o(.ARM.Collect$$_printf_percent$$00000000) for _printf_percent
    main.o(i.main) refers to _printf_d.o(.ARM.Collect$$_printf_percent$$00000009) for _printf_d
    main.o(i.main) refers to _printf_dec.o(.text) for _printf_int_dec
    main.o(i.main) refers to main.o(i.Init_UART) for Init_UART
    main.o(i.main) refers to main.o(i.Init_I2C) for Init_I2C
    main.o(i.main) refers to glcd_mcb1700.o(i.GLCD_Initialize) for GLCD_Initialize
    main.o(i.main) refers to glcd_mcb1700.o(i.GLCD_ClearScreen) for GLCD_ClearScreen
    main.o(i.main) refers to glcd_mcb1700.o(i.GLCD_SetFont) for GLCD_SetFont
    main.o(i.main) refers to main.o(i.trigger_signal) for trigger_signal
    main.o(i.main) refers to noretval__2sprintf.o(.text) for __2sprintf
    main.o(i.main) refers to glcd_mcb1700.o(i.GLCD_DrawString) for GLCD_DrawString
    main.o(i.main) refers to glcd_fonts.o(.constdata) for GLCD_Font_16x24
    main.o(i.main) refers to i2c_lpc17xx.o(.constdata) for Driver_I2C0
    main.o(i.main) refers to uart_lpc17xx.o(.constdata) for Driver_USART1
    glcd_mcb1700.o(i.GLCD_ClearScreen) refers to glcd_mcb1700.o(i.GLCD_WindowMax) for GLCD_WindowMax
    glcd_mcb1700.o(i.GLCD_ClearScreen) refers to glcd_mcb1700.o(i.wr_cmd) for wr_cmd
    glcd_mcb1700.o(i.GLCD_ClearScreen) refers to glcd_mcb1700.o(i.wr_dat_start) for wr_dat_start
    glcd_mcb1700.o(i.GLCD_ClearScreen) refers to glcd_mcb1700.o(i.wr_dat_only) for wr_dat_only
    glcd_mcb1700.o(i.GLCD_ClearScreen) refers to glcd_mcb1700.o(i.wr_dat_stop) for wr_dat_stop
    glcd_mcb1700.o(i.GLCD_ClearScreen) refers to glcd_mcb1700.o(.data) for background_color
    glcd_mcb1700.o(i.GLCD_DrawBargraph) refers to glcd_mcb1700.o(i.GLCD_SetWindow) for GLCD_SetWindow
    glcd_mcb1700.o(i.GLCD_DrawBargraph) refers to glcd_mcb1700.o(i.wr_cmd) for wr_cmd
    glcd_mcb1700.o(i.GLCD_DrawBargraph) refers to glcd_mcb1700.o(i.wr_dat_start) for wr_dat_start
    glcd_mcb1700.o(i.GLCD_DrawBargraph) refers to glcd_mcb1700.o(i.wr_dat_only) for wr_dat_only
    glcd_mcb1700.o(i.GLCD_DrawBargraph) refers to glcd_mcb1700.o(i.wr_dat_stop) for wr_dat_stop
    glcd_mcb1700.o(i.GLCD_DrawBargraph) refers to glcd_mcb1700.o(.data) for background_color
    glcd_mcb1700.o(i.GLCD_DrawBitmap) refers to glcd_mcb1700.o(i.GLCD_SetWindow) for GLCD_SetWindow
    glcd_mcb1700.o(i.GLCD_DrawBitmap) refers to glcd_mcb1700.o(i.wr_cmd) for wr_cmd
    glcd_mcb1700.o(i.GLCD_DrawBitmap) refers to glcd_mcb1700.o(i.wr_dat_start) for wr_dat_start
    glcd_mcb1700.o(i.GLCD_DrawBitmap) refers to glcd_mcb1700.o(i.wr_dat_only) for wr_dat_only
    glcd_mcb1700.o(i.GLCD_DrawBitmap) refers to glcd_mcb1700.o(i.wr_dat_stop) for wr_dat_stop
    glcd_mcb1700.o(i.GLCD_DrawChar) refers to glcd_mcb1700.o(i.GLCD_SetWindow) for GLCD_SetWindow
    glcd_mcb1700.o(i.GLCD_DrawChar) refers to glcd_mcb1700.o(i.wr_cmd) for wr_cmd
    glcd_mcb1700.o(i.GLCD_DrawChar) refers to glcd_mcb1700.o(i.wr_dat_start) for wr_dat_start
    glcd_mcb1700.o(i.GLCD_DrawChar) refers to glcd_mcb1700.o(i.wr_dat_only) for wr_dat_only
    glcd_mcb1700.o(i.GLCD_DrawChar) refers to glcd_mcb1700.o(i.wr_dat_stop) for wr_dat_stop
    glcd_mcb1700.o(i.GLCD_DrawChar) refers to glcd_mcb1700.o(.data) for active_font
    glcd_mcb1700.o(i.GLCD_DrawHLine) refers to glcd_mcb1700.o(i.GLCD_SetWindow) for GLCD_SetWindow
    glcd_mcb1700.o(i.GLCD_DrawHLine) refers to glcd_mcb1700.o(i.wr_cmd) for wr_cmd
    glcd_mcb1700.o(i.GLCD_DrawHLine) refers to glcd_mcb1700.o(i.wr_dat_start) for wr_dat_start
    glcd_mcb1700.o(i.GLCD_DrawHLine) refers to glcd_mcb1700.o(i.wr_dat_only) for wr_dat_only
    glcd_mcb1700.o(i.GLCD_DrawHLine) refers to glcd_mcb1700.o(i.wr_dat_stop) for wr_dat_stop
    glcd_mcb1700.o(i.GLCD_DrawHLine) refers to glcd_mcb1700.o(.data) for foreground_color
    glcd_mcb1700.o(i.GLCD_DrawPixel) refers to glcd_mcb1700.o(i.wr_reg) for wr_reg
    glcd_mcb1700.o(i.GLCD_DrawPixel) refers to glcd_mcb1700.o(i.wr_cmd) for wr_cmd
    glcd_mcb1700.o(i.GLCD_DrawPixel) refers to glcd_mcb1700.o(i.wr_dat) for wr_dat
    glcd_mcb1700.o(i.GLCD_DrawPixel) refers to glcd_mcb1700.o(.data) for Himax
    glcd_mcb1700.o(i.GLCD_DrawRectangle) refers to glcd_mcb1700.o(i.GLCD_DrawHLine) for GLCD_DrawHLine
    glcd_mcb1700.o(i.GLCD_DrawRectangle) refers to glcd_mcb1700.o(i.GLCD_DrawVLine) for GLCD_DrawVLine
    glcd_mcb1700.o(i.GLCD_DrawString) refers to glcd_mcb1700.o(i.GLCD_DrawChar) for GLCD_DrawChar
    glcd_mcb1700.o(i.GLCD_DrawString) refers to glcd_mcb1700.o(.data) for active_font
[...]
    ../clib/angel/sysapp.c                   0x00000000   Number         0  sys_exit.o ABSOLUTE
    ../clib/armsys.c                         0x00000000   Number         0  argv_veneer.o ABSOLUTE
    ../clib/armsys.c                         0x00000000   Number         0  _get_argv_nomalloc.o ABSOLUTE
    ../clib/armsys.c                         0x00000000   Number         0  no_argv.o ABSOLUTE
    ../clib/armsys.c                         0x00000000   Number         0  argv_veneer.o ABSOLUTE
    ../clib/heapalloc.c                      0x00000000   Number         0  hrguard.o ABSOLUTE
    ../clib/heapaux.c                        0x00000000   Number         0  heapauxi.o ABSOLUTE
    ../clib/libinit.s                        0x00000000   Number         0  libinit2.o ABSOLUTE
    ../clib/libinit.s                        0x00000000   Number         0  libshutdown.o ABSOLUTE
    ../clib/libinit.s                        0x00000000   Number         0  libinit.o ABSOLUTE
    ../clib/libinit.s                        0x00000000   Number         0  libshutdown2.o ABSOLUTE
    ../clib/longlong.s                       0x00000000   Number         0  lludivv7m.o ABSOLUTE
    ../clib/memcpset.s                       0x00000000   Number         0  rt_memclr_w.o ABSOLUTE
    ../clib/misc.s                           0x00000000   Number         0  printf_stubs.o ABSOLUTE
    ../clib/printf.c                         0x00000000   Number         0  __printf_ss.o ABSOLUTE
    ../clib/printf.c                         0x00000000   Number         0  __printf_ss_wp.o ABSOLUTE
    ../clib/printf.c                         0x00000000   Number         0  __printf_flags_ss_wp.o ABSOLUTE
    ../clib/printf.c                         0x00000000   Number         0  __printf_wp.o ABSOLUTE
    ../clib/printf.c                         0x00000000   Number         0  __printf_flags_ss.o ABSOLUTE
    ../clib/printf.c                         0x00000000   Number         0  _sputc.o ABSOLUTE
    ../clib/printf.c                         0x00000000   Number         0  __2sprintf.o ABSOLUTE
    ../clib/printf.c                         0x00000000   Number         0  __printf_flags.o ABSOLUTE
    ../clib/printf.c                         0x00000000   Number         0  noretval__2sprintf.o ABSOLUTE
    ../clib/printf.c                         0x00000000   Number         0  __printf.o ABSOLUTE
    ../clib/printf.c                         0x00000000   Number         0  _printf_dec.o ABSOLUTE
    ../clib/printf.c                         0x00000000   Number         0  __printf_flags_wp.o ABSOLUTE
    ../clib/printf.c                         0x00000000   Number         0  _printf_char_common.o ABSOLUTE
    ../clib/printf.c                         0x00000000   Number         0  _printf_intcommon.o ABSOLUTE
    ../clib/printf.c                         0x00000000   Number         0  _printf_pad.o ABSOLUTE
    ../clib/printf.c                         0x00000000   Number         0  __printf_nopercent.o ABSOLUTE
    ../clib/printf_percent.s                 0x00000000   Number         0  _printf_percent.o ABSOLUTE
    ../clib/printf_percent.s                 0x00000000   Number         0  _printf_percent_end.o ABSOLUTE
    ../clib/printf_percent.s                 0x00000000   Number         0  _printf_d.o ABSOLUTE
    ../clib/signal.c                         0x00000000   Number         0  defsig_abrt_inner.o ABSOLUTE
    ../clib/signal.c                         0x00000000   Number         0  defsig_rtred_inner.o ABSOLUTE
    ../clib/signal.c                         0x00000000   Number         0  defsig_rtmem_inner.o ABSOLUTE
    ../clib/signal.c                         0x00000000   Number         0  defsig_rtmem_outer.o ABSOLUTE
    ../clib/signal.c                         0x00000000   Number         0  defsig_fpe_outer.o ABSOLUTE
    ../clib/signal.c                         0x00000000   Number         0  defsig_fpe_formal.o ABSOLUTE
    ../clib/signal.c                         0x00000000   Number         0  defsig_rtmem_formal.o ABSOLUTE
    ../clib/signal.c                         0x00000000   Number         0  defsig_stak_inner.o ABSOLUTE
    ../clib/signal.c                         0x00000000   Number         0  defsig_other.o ABSOLUTE
    ../clib/signal.c                         0x00000000   Number         0  defsig_fpe_inner.o ABSOLUTE
    ../clib/signal.c                         0x00000000   Number         0  defsig_segv_inner.o ABSOLUTE
    ../clib/signal.c                         0x00000000   Number         0  defsig_cppl_inner.o ABSOLUTE
    ../clib/signal.c                         0x00000000   Number         0  defsig_pvfn_inner.o ABSOLUTE
    ../clib/signal.c                         0x00000000   Number         0  defsig_general.o ABSOLUTE
    ../clib/signal.c                         0x00000000   Number         0  __raise.o ABSOLUTE
    ../clib/signal.c                         0x00000000   Number         0  defsig_exit.o ABSOLUTE
    ../clib/signal.s                         0x00000000   Number         0  defsig.o ABSOLUTE
    ../clib/stdlib.c                         0x00000000   Number         0  exit.o ABSOLUTE
    ../fplib/fpinit.s                        0x00000000   Number         0  fpinit.o ABSOLUTE
    C:\Keil_v5\ARM\PACK\Keil\LPC1700_DFP\2.3.0\Boards\Keil\MCB1700\Common\GLCD_Fonts.c 0x00000000   Number         0  glcd_fonts.o ABSOLUTE
    C:\Keil_v5\ARM\PACK\Keil\LPC1700_DFP\2.3.0\Boards\Keil\MCB1700\Common\GLCD_MCB1700.c 0x00000000   Number         0  glcd_mcb1700.o ABSOLUTE
    C:\Keil_v5\ARM\PACK\Keil\LPC1700_DFP\2.3.0\RTE_Driver\GPDMA_LPC17xx.c 0x00000000   Number         0  gpdma_lpc17xx.o ABSOLUTE
    C:\Keil_v5\ARM\PACK\Keil\LPC1700_DFP\2.3.0\RTE_Driver\GPIO_LPC17xx.c 0x00000000   Number         0  gpio_lpc17xx.o ABSOLUTE
    C:\Keil_v5\ARM\PACK\Keil\LPC1700_DFP\2.3.0\RTE_Driver\I2C_LPC17xx.c 0x00000000   Number         0  i2c_lpc17xx.o ABSOLUTE
    C:\Keil_v5\ARM\PACK\Keil\LPC1700_DFP\2.3.0\RTE_Driver\PIN_LPC17xx.c 0x00000000   Number         0  pin_lpc17xx.o ABSOLUTE
    C:\Keil_v5\ARM\PACK\Keil\LPC1700_DFP\2.3.0\RTE_Driver\SSP_LPC17xx.c 0x00000000   Number         0  ssp_lpc17xx.o ABSOLUTE
    C:\Keil_v5\ARM\PACK\Keil\LPC1700_DFP\2.3.0\RTE_Driver\UART_LPC17xx.c 0x00000000   Number         0  uart_lpc17xx.o ABSOLUTE
    C:\\Keil_v5\\ARM\\PACK\\Keil\\LPC1700_DFP\\2.3.0\\Boards\\Keil\\MCB1700\\Common\\GLCD_MCB1700.c 0x00000000   Number         0  glcd_mcb1700.o ABSOLUTE
    C:\\Keil_v5\\ARM\\PACK\\Keil\\LPC1700_DFP\\2.3.0\\RTE_Driver\\GPDMA_LPC17xx.c 0x00000000   Number         0  gpdma_lpc17xx.o ABSOLUTE
    C:\\Keil_v5\\ARM\\PACK\\Keil\\LPC1700_DFP\\2.3.0\\RTE_Driver\\GPIO_LPC17xx.c 0x00000000   Number         0  gpio_lpc17xx.o ABSOLUTE
    C:\\Keil_v5\\ARM\\PACK\\Keil\\LPC1700_DFP\\2.3.0\\RTE_Driver\\I2C_LPC17xx.c 0x00000000   Number         0  i2c_lpc17xx.o ABSOLUTE
    C:\\Keil_v5\\ARM\\PACK\\Keil\\LPC1700_DFP\\2.3.0\\RTE_Driver\\PIN_LPC17xx.c 0x00000000   Number         0  pin_lpc17xx.o ABSOLUTE
    C:\\Keil_v5\\ARM\\PACK\\Keil\\LPC1700_DFP\\2.3.0\\RTE_Driver\\SSP_LPC17xx.c 0x00000000   Number         0  ssp_lpc17xx.o ABSOLUTE
    C:\\Keil_v5\\ARM\\PACK\\Keil\\LPC1700_DFP\\2.3.0\\RTE_Driver\\UART_LPC17xx.c 0x00000000   Number         0  uart_lpc17xx.o ABSOLUTE
    RTE\Device\LPC1768\startup_LPC17xx.s     0x00000000   Number         0  startup_lpc17xx.o ABSOLUTE
    RTE\Device\LPC1768\system_LPC17xx.c      0x00000000   Number         0  system_lpc17xx.o ABSOLUTE
    RTE\\Device\\LPC1768\\system_LPC17xx.c   0x00000000   Number         0  system_lpc17xx.o ABSOLUTE
    dc.s                                     0x00000000   Number         0  dc.o ABSOLUTE
    main.c                                   0x00000000   Number         0  main.o ABSOLUTE
    main.c                                   0x00000000   Number         0  main.o ABSOLUTE
    !!!main                                  0x000000cc   Section        8  __main.o(!!!main)
    !!!scatter                               0x000000d4   Section       52  __scatter.o(!!!scatter)
    !!handler_copy                           0x00000108   Section       26  __scatter_copy.o(!!handler_copy)
    !!handler_zi                             0x00000124   Section       28  __scatter_zi.o(!!handler_zi)
    .ARM.Collect$$_printf_percent$$00000000  0x00000140   Section        0  _printf_percent.o(.ARM.Collect$$_printf_percent$$00000000)
    .ARM.Collect$$_printf_percent$$00000009  0x00000140   Section        6  _printf_d.o(.ARM.Collect$$_printf_percent$$00000009)
    .ARM.Collect$$_printf_percent$$00000017  0x00000146   Section        4  _printf_percent_end.o(.ARM.Collect$$_printf_percent$$00000017)
    .ARM.Collect$$libinit$$00000000          0x0000014a   Section        2  libinit.o(.ARM.Collect$$libinit$$00000000)
    .ARM.Collect$$libinit$$00000002          0x0000014c   Section        0  libinit2.o(.ARM.Collect$$libinit$$00000002)
    .ARM.Collect$$libinit$$00000004          0x0000014c   Section        0  libinit2.o(.ARM.Collect$$libinit$$00000004)
    .ARM.Collect$$libinit$$0000000A          0x0000014c   Section        0  libinit2.o(.ARM.Collect$$libinit$$0000000A)
    .ARM.Collect$$libinit$$0000000C          0x0000014c   Section        0  libinit2.o(.ARM.Collect$$libinit$$0000000C)
    .ARM.Collect$$libinit$$0000000E          0x0000014c   Section        0  libinit2.o(.ARM.Collect$$libinit$$0000000E)
    .ARM.Collect$$libinit$$00000011          0x0000014c   Section        0  libinit2.o(.ARM.Collect$$libinit$$00000011)
    .ARM.Collect$$libinit$$00000013          0x0000014c   Section        0  libinit2.o(.ARM.Collect$$libinit$$00000013)
    .ARM.Collect$$libinit$$00000015          0x0000014c   Section        0  libinit2.o(.ARM.Collect$$libinit$$00000015)
    .ARM.Collect$$libinit$$00000017          0x0000014c   Section        0  libinit2.o(.ARM.Collect$$libinit$$00000017)
    .ARM.Collect$$libinit$$00000019          0x0000014c   Section        0  libinit2.o(.ARM.Collect$$libinit$$00000019)
    .ARM.Collect$$libinit$$0000001B          0x0000014c   Section        0  libinit2.o(.ARM.Collect$$libinit$$0000001B)
    .ARM.Collect$$libinit$$0000001D          0x0000014c   Section        0  libinit2.o(.ARM.Collect$$libinit$$0000001D)
    .ARM.Collect$$libinit$$0000001F          0x0000014c   Section        0  libinit2.o(.ARM.Collect$$libinit$$0000001F)
    .ARM.Collect$$libinit$$00000021          0x0000014c   Section        0  libinit2.o(.ARM.Collect$$libinit$$00000021)
    .ARM.Collect$$libinit$$00000023          0x0000014c   Section        0  libinit2.o(.ARM.Collect$$libinit$$00000023)
    .ARM.Collect$$libinit$$00000025          0x0000014c   Section        0  libinit2.o(.ARM.Collect$$libinit$$00000025)
    .ARM.Collect$$libinit$$0000002C          0x0000014c   Section        0  libinit2.o(.ARM.Collect$$libinit$$0000002C)
    .ARM.Collect$$libinit$$0000002E          0x0000014c   Section        0  libinit2.o(.ARM.Collect$$libinit$$0000002E)
    .ARM.Collect$$libinit$$00000030          0x0000014c   Section        0  libinit2.o(.ARM.Collect$$libinit$$00000030)
    .ARM.Collect$$libinit$$00000032          0x0000014c   Section        0  libinit2.o(.ARM.Collect$$libinit$$00000032)
    .ARM.Collect$$libinit$$00000033          0x0000014c   Section        2  libinit2.o(.ARM.Collect$$libinit$$00000033)
    .ARM.Collect$$libshutdown$$00000000      0x0000014e   Section        2  libshutdown.o(.ARM.Collect$$libshutdown$$00000000)
    .ARM.Collect$$libshutdown$$00000002      0x00000150   Section        0  libshutdown2.o(.ARM.Collect$$libshutdown$$00000002)
    .ARM.Collect$$libshutdown$$00000004      0x00000150   Section        0  libshutdown2.o(.ARM.Collect$$libshutdown$$00000004)
    .ARM.Collect$$libshutdown$$00000007      0x00000150   Section        0  libshutdown2.o(.ARM.Collect$$libshutdown$$00000007)
    .ARM.Collect$$libshutdown$$0000000A      0x00000150   Section        0  libshutdown2.o(.ARM.Collect$$libshutdown$$0000000A)
    .ARM.Collect$$libshutdown$$0000000C      0x00000150   Section        0  libshutdown2.o(.ARM.Collect$$libshutdown$$0000000C)
    .ARM.Collect$$libshutdown$$0000000F      0x00000150   Section        0  libshutdown2.o(.ARM.Collect$$libshutdown$$0000000F)
    .ARM.Collect$$libshutdown$$00000010      0x00000150   Section        2  libshutdown2.o(.ARM.Collect$$libshutdown$$00000010)
    .ARM.Collect$$rtentry$$00000000          0x00000152   Section        0  __rtentry.o(.ARM.Collect$$rtentry$$00000000)
    .ARM.Collect$$rtentry$$00000002          0x00000152   Section        0  __rtentry2.o(.ARM.Collect$$rtentry$$00000002)
    .ARM.Collect$$rtentry$$00000004          0x00000152   Section        6  __rtentry4.o(.ARM.Collect$$rtentry$$00000004)
    .ARM.Collect$$rtentry$$00000009          0x00000158   Section        0  __rtentry2.o(.ARM.Collect$$rtentry$$00000009)
    .ARM.Collect$$rtentry$$0000000A          0x00000158   Section        4  __rtentry2.o(.ARM.Collect$$rtentry$$0000000A)
    .ARM.Collect$$rtentry$$0000000C          0x0000015c   Section        0  __rtentry2.o(.ARM.Collect$$rtentry$$0000000C)
    .ARM.Collect$$rtentry$$0000000D          0x0000015c   Section        8  __rtentry2.o(.ARM.Collect$$rtentry$$0000000D)
    .ARM.Collect$$rtexit$$00000000           0x00000164   Section        2  rtexit.o(.ARM.Collect$$rtexit$$00000000)
    .ARM.Collect$$rtexit$$00000002           0x00000166   Section        0  rtexit2.o(.ARM.Collect$$rtexit$$00000002)
    .ARM.Collect$$rtexit$$00000003           0x00000166   Section        4  rtexit2.o(.ARM.Collect$$rtexit$$00000003)
    .ARM.Collect$$rtexit$$00000004           0x0000016a   Section        6  rtexit2.o(.ARM.Collect$$rtexit$$00000004)
    .text                                    0x00000170   Section       60  startup_lpc17xx.o(.text)
    .text                                    0x000001ac   Section      238  lludivv7m.o(.text)
    .text                                    0x0000029c   Section        0  noretval__2sprintf.o(.text)
    .text                                    0x000002c4   Section        0  heapauxi.o(.text)
    .text                                    0x000002cc   Section        0  _printf_char_common.o(.text)
    _printf_input_char                       0x000002cd   Thumb Code    10  _printf_char_common.o(.text)
    .ARM.__at_0x02FC                         0x000002fc   Section        4  startup_lpc17xx.o(.ARM.__at_0x02FC)
    .text                                    0x00000300   Section        0  _printf_pad.o(.text)
    .text                                    0x00000350   Section        0  _printf_dec.o(.text)
    .text                                    0x000003c8   Section        0  __printf_wp.o(.text)
    .text                                    0x000004d6   Section       78  rt_memclr_w.o(.text)
    .text                                    0x00000524   Section        0  _printf_intcommon.o(.text)
    .text                                    0x000005d6   Section        0  _sputc.o(.text)
    .text                                    0x000005e0   Section       74  sys_stackheap_outer.o(.text)
    .text                                    0x0000062a   Section        0  exit.o(.text)
    .text                                    0x0000063c   Section        8  libspace.o(.text)
    .text                                    0x00000644   Section        0  sys_exit.o(.text)
    .text                                    0x00000650   Section        2  use_no_semi.o(.text)
    .text                                    0x00000652   Section        0  indicate_semi.o(.text)
    i.Clear_Channel_active_flag              0x00000654   Section        0  gpdma_lpc17xx.o(i.Clear_Channel_active_flag)
    Clear_Channel_active_flag                0x00000655   Thumb Code    28  gpdma_lpc17xx.o(i.Clear_Channel_active_flag)
    i.DMA_IRQHandler                         0x00000674   Section        0  gpdma_lpc17xx.o(i.DMA_IRQHandler)
    i.GLCD_ClearScreen                       0x000007f4   Section        0  glcd_mcb1700.o(i.GLCD_ClearScreen)
    i.GLCD_DrawChar                          0x00000824   Section        0  glcd_mcb1700.o(i.GLCD_DrawChar)
    i.GLCD_DrawString                        0x000008f4   Section        0  glcd_mcb1700.o(i.GLCD_DrawString)
    i.GLCD_Initialize                        0x00000920   Section        0  glcd_mcb1700.o(i.GLCD_Initialize)
    i.GLCD_SetFont                           0x00000ed8   Section        0  glcd_mcb1700.o(i.GLCD_SetFont)
    i.GLCD_SetWindow                         0x00000ee8   Section        0  glcd_mcb1700.o(i.GLCD_SetWindow)
    i.GLCD_WindowMax                         0x00000f94   Section        0  glcd_mcb1700.o(i.GLCD_WindowMax)
    i.GPDMA_ChannelConfigure                 0x00000fa8   Section        0  gpdma_lpc17xx.o(i.GPDMA_ChannelConfigure)
    i.GPDMA_ChannelDisable                   0x0000109c   Section        0  gpdma_lpc17xx.o(i.GPDMA_ChannelDisable)
    i.GPDMA_ChannelGetCount                  0x000010cc   Section        0  gpdma_lpc17xx.o(i.GPDMA_ChannelGetCount)
    i.GPDMA_Initialize                       0x000010fc   Section        0  gpdma_lpc17xx.o(i.GPDMA_Initialize)
    i.GPDMA_PeripheralSelect                 0x0000119c   Section        0  gpdma_lpc17xx.o(i.GPDMA_PeripheralSelect)
    i.GPDMA_Uninitialize                     0x000011e0   Section        0  gpdma_lpc17xx.o(i.GPDMA_Uninitialize)
    i.GPIO_PinRead                           0x00001238   Section        0  gpio_lpc17xx.o(i.GPIO_PinRead)
    i.GPIO_PinWrite                          0x00001258   Section        0  gpio_lpc17xx.o(i.GPIO_PinWrite)
    i.GPIO_PortClock                         0x00001280   Section        0  gpio_lpc17xx.o(i.GPIO_PortClock)
    i.GPIO_SetDir                            0x000012ac   Section        0  gpio_lpc17xx.o(i.GPIO_SetDir)
    i.GetI2CClockFreq                        0x000012e4   Section        0  i2c_lpc17xx.o(i.GetI2CClockFreq)
    GetI2CClockFreq                          0x000012e5   Thumb Code    60  i2c_lpc17xx.o(i.GetI2CClockFreq)
    i.GetSSPClockFreq                        0x00001324   Section        0  ssp_lpc17xx.o(i.GetSSPClockFreq)
    GetSSPClockFreq                          0x00001325   Thumb Code    64  ssp_lpc17xx.o(i.GetSSPClockFreq)
    i.GetUsartClockFreq                      0x00001368   Section        0  uart_lpc17xx.o(i.GetUsartClockFreq)
    GetUsartClockFreq                        0x00001369   Thumb Code    62  uart_lpc17xx.o(i.GetUsartClockFreq)
    i.I2C0_Control                           0x000013ac   Section        0  i2c_lpc17xx.o(i.I2C0_Control)
    I2C0_Control                             0x000013ad   Thumb Code    18  i2c_lpc17xx.o(i.I2C0_Control)
    i.I2C0_GetDataCount                      0x000013c4   Section        0  i2c_lpc17xx.o(i.I2C0_GetDataCount)
    I2C0_GetDataCount                        0x000013c5   Thumb Code    10  i2c_lpc17xx.o(i.I2C0_GetDataCount)
    i.I2C0_GetStatus                         0x000013d4   Section        0  i2c_lpc17xx.o(i.I2C0_GetStatus)
    I2C0_GetStatus                           0x000013d5   Thumb Code    12  i2c_lpc17xx.o(i.I2C0_GetStatus)
    i.I2C0_IRQHandler                        0x000013e4   Section        0  i2c_lpc17xx.o(i.I2C0_IRQHandler)
    i.I2C0_Initialize                        0x000013f4   Section        0  i2c_lpc17xx.o(i.I2C0_Initialize)
    I2C0_Initialize                          0x000013f5   Thumb Code    14  i2c_lpc17xx.o(i.I2C0_Initialize)
    i.I2C0_MasterReceive                     0x00001408   Section        0  i2c_lpc17xx.o(i.I2C0_MasterReceive)
    I2C0_MasterReceive                       0x00001409   Thumb Code    28  i2c_lpc17xx.o(i.I2C0_MasterReceive)
    i.I2C0_MasterTransmit                    0x00001428   Section        0  i2c_lpc17xx.o(i.I2C0_MasterTransmit)
    I2C0_MasterTransmit                      0x00001429   Thumb Code    28  i2c_lpc17xx.o(i.I2C0_MasterTransmit)
    i.I2C0_PowerControl                      0x00001448   Section        0  i2c_lpc17xx.o(i.I2C0_PowerControl)
    I2C0_PowerControl                        0x00001449   Thumb Code    14  i2c_lpc17xx.o(i.I2C0_PowerControl)
    i.I2C0_SlaveReceive                      0x0000145c   Section        0  i2c_lpc17xx.o(i.I2C0_SlaveReceive)
    I2C0_SlaveReceive                        0x0000145d   Thumb Code    18  i2c_lpc17xx.o(i.I2C0_SlaveReceive)
    i.I2C0_SlaveTransmit                     0x00001474   Section        0  i2c_lpc17xx.o(i.I2C0_SlaveTransmit)
    I2C0_SlaveTransmit                       0x00001475   Thumb Code    18  i2c_lpc17xx.o(i.I2C0_SlaveTransmit)
    i.I2C0_Uninitialize                      0x0000148c   Section        0  i2c_lpc17xx.o(i.I2C0_Uninitialize)
    I2C0_Uninitialize                        0x0000148d   Thumb Code    10  i2c_lpc17xx.o(i.I2C0_Uninitialize)
    i.I2C_GetCapabilities                    0x0000149c   Section        0  i2c_lpc17xx.o(i.I2C_GetCapabilities)
    I2C_GetCapabilities                      0x0000149d   Thumb Code     6  i2c_lpc17xx.o(i.I2C_GetCapabilities)
    i.I2C_GetVersion                         0x000014a8   Section        0  i2c_lpc17xx.o(i.I2C_GetVersion)
    I2C_GetVersion                           0x000014a9   Thumb Code    10  i2c_lpc17xx.o(i.I2C_GetVersion)
    i.I2Cx_Control                           0x000014b8   Section        0  i2c_lpc17xx.o(i.I2Cx_Control)
    I2Cx_Control                             0x000014b9   Thumb Code   378  i2c_lpc17xx.o(i.I2Cx_Control)
    i.I2Cx_GetDataCount                      0x00001644   Section        0  i2c_lpc17xx.o(i.I2Cx_GetDataCount)
    I2Cx_GetDataCount                        0x00001645   Thumb Code     8  i2c_lpc17xx.o(i.I2Cx_GetDataCount)
    i.I2Cx_GetStatus                         0x0000164c   Section        0  i2c_lpc17xx.o(i.I2Cx_GetStatus)
    I2Cx_GetStatus                           0x0000164d   Thumb Code     8  i2c_lpc17xx.o(i.I2Cx_GetStatus)
    i.I2Cx_IRQHandler                        0x00001654   Section        0  i2c_lpc17xx.o(i.I2Cx_IRQHandler)
    I2Cx_IRQHandler                          0x00001655   Thumb Code    48  i2c_lpc17xx.o(i.I2Cx_IRQHandler)
    i.I2Cx_Initialize                        0x00001684   Section        0  i2c_lpc17xx.o(i.I2Cx_Initialize)
    I2Cx_Initialize                          0x00001685   Thumb Code    78  i2c_lpc17xx.o(i.I2Cx_Initialize)
    i.I2Cx_MasterHandler                     0x000016d2   Section        0  i2c_lpc17xx.o(i.I2Cx_MasterHandler)
    I2Cx_MasterHandler                       0x000016d3   Thumb Code   462  i2c_lpc17xx.o(i.I2Cx_MasterHandler)
    i.I2Cx_MasterReceive                     0x000018a0   Section        0  i2c_lpc17xx.o(i.I2Cx_MasterReceive)
    I2Cx_MasterReceive                       0x000018a1   Thumb Code   206  i2c_lpc17xx.o(i.I2Cx_MasterReceive)
    i.I2Cx_MasterTransmit                    0x0000196e   Section        0  i2c_lpc17xx.o(i.I2Cx_MasterTransmit)
    I2Cx_MasterTransmit                      0x0000196f   Thumb Code   204  i2c_lpc17xx.o(i.I2Cx_MasterTransmit)
    i.I2Cx_PowerControl                      0x00001a3a   Section        0  i2c_lpc17xx.o(i.I2Cx_PowerControl)
    I2Cx_PowerControl                        0x00001a3b   Thumb Code   320  i2c_lpc17xx.o(i.I2Cx_PowerControl)
    i.I2Cx_SlaveHandler                      0x00001b7a   Section        0  i2c_lpc17xx.o(i.I2Cx_SlaveHandler)
    I2Cx_SlaveHandler                        0x00001b7b   Thumb Code   468  i2c_lpc17xx.o(i.I2Cx_SlaveHandler)
    i.I2Cx_SlaveReceive                      0x00001d4e   Section        0  i2c_lpc17xx.o(i.I2Cx_SlaveReceive)
    I2Cx_SlaveReceive                        0x00001d4f   Thumb Code   116  i2c_lpc17xx.o(i.I2Cx_SlaveReceive)
    i.I2Cx_SlaveTransmit                     0x00001dc2   Section        0  i2c_lpc17xx.o(i.I2Cx_SlaveTransmit)
    I2Cx_SlaveTransmit                       0x00001dc3   Thumb Code   116  i2c_lpc17xx.o(i.I2Cx_SlaveTransmit)
    i.I2Cx_Uninitialize                      0x00001e36   Section        0  i2c_lpc17xx.o(i.I2Cx_Uninitialize)
    I2Cx_Uninitialize                        0x00001e37   Thumb Code    48  i2c_lpc17xx.o(i.I2Cx_Uninitialize)
    i.Init_I2C                               0x00001e68   Section        0  main.o(i.Init_I2C)
    i.Init_UART                              0x00001e94   Section        0  main.o(i.Init_UART)
    i.NVIC_ClearPendingIRQ                   0x00001ecc   Section        0  i2c_lpc17xx.o(i.NVIC_ClearPendingIRQ)
    NVIC_ClearPendingIRQ                     0x00001ecd   Thumb Code    18  i2c_lpc17xx.o(i.NVIC_ClearPendingIRQ)
    i.NVIC_ClearPendingIRQ                   0x00001ee4   Section        0  ssp_lpc17xx.o(i.NVIC_ClearPendingIRQ)
    NVIC_ClearPendingIRQ                     0x00001ee5   Thumb Code    18  ssp_lpc17xx.o(i.NVIC_ClearPendingIRQ)
    i.NVIC_ClearPendingIRQ                   0x00001efc   Section        0  uart_lpc17xx.o(i.NVIC_ClearPendingIRQ)
    NVIC_ClearPendingIRQ                     0x00001efd   Thumb Code    18  uart_lpc17xx.o(i.NVIC_ClearPendingIRQ)
    i.NVIC_ClearPendingIRQ                   0x00001f14   Section        0  gpdma_lpc17xx.o(i.NVIC_ClearPendingIRQ)
    NVIC_ClearPendingIRQ                     0x00001f15   Thumb Code    18  gpdma_lpc17xx.o(i.NVIC_ClearPendingIRQ)
    i.NVIC_DisableIRQ                        0x00001f2c   Section        0  i2c_lpc17xx.o(i.NVIC_DisableIRQ)
    NVIC_DisableIRQ                          0x00001f2d   Thumb Code    18  i2c_lpc17xx.o(i.NVIC_DisableIRQ)
    i.NVIC_EnableIRQ                         0x00001f44   Section        0  i2c_lpc17xx.o(i.NVIC_EnableIRQ)
    NVIC_EnableIRQ                           0x00001f45   Thumb Code    22  i2c_lpc17xx.o(i.NVIC_EnableIRQ)
    i.PIN_Configure                          0x00001f5c   Section        0  pin_lpc17xx.o(i.PIN_Configure)
    i.PIN_ConfigureI2C0Pins                  0x00002058   Section        0  pin_lpc17xx.o(i.PIN_ConfigureI2C0Pins)
    i.SSP1_Control                           0x00002078   Section        0  ssp_lpc17xx.o(i.SSP1_Control)
    SSP1_Control                             0x00002079   Thumb Code    18  ssp_lpc17xx.o(i.SSP1_Control)
    i.SSP1_GPDMA_Rx_SignalEvent              0x00002090   Section        0  ssp_lpc17xx.o(i.SSP1_GPDMA_Rx_SignalEvent)
    i.SSP1_GPDMA_Tx_SignalEvent              0x000020a4   Section        0  ssp_lpc17xx.o(i.SSP1_GPDMA_Tx_SignalEvent)
    i.SSP1_GetDataCount                      0x000020b8   Section        0  ssp_lpc17xx.o(i.SSP1_GetDataCount)
    SSP1_GetDataCount                        0x000020b9   Thumb Code    10  ssp_lpc17xx.o(i.SSP1_GetDataCount)
    i.SSP1_GetStatus                         0x000020c8   Section        0  ssp_lpc17xx.o(i.SSP1_GetStatus)
    SSP1_GetStatus                           0x000020c9   Thumb Code    12  ssp_lpc17xx.o(i.SSP1_GetStatus)
    i.SSP1_IRQHandler                        0x000020d8   Section        0  ssp_lpc17xx.o(i.SSP1_IRQHandler)
    i.SSP1_Initialize                        0x000020e8   Section        0  ssp_lpc17xx.o(i.SSP1_Initialize)
    SSP1_Initialize                          0x000020e9   Thumb Code    14  ssp_lpc17xx.o(i.SSP1_Initialize)
    i.SSP1_PowerControl                      0x000020fc   Section        0  ssp_lpc17xx.o(i.SSP1_PowerControl)
    SSP1_PowerControl                        0x000020fd   Thumb Code    14  ssp_lpc17xx.o(i.SSP1_PowerControl)
    i.SSP1_Receive                           0x00002110   Section        0  ssp_lpc17xx.o(i.SSP1_Receive)
    SSP1_Receive                             0x00002111   Thumb Code    18  ssp_lpc17xx.o(i.SSP1_Receive)
    i.SSP1_Send                              0x00002128   Section        0  ssp_lpc17xx.o(i.SSP1_Send)
    SSP1_Send                                0x00002129   Thumb Code    18  ssp_lpc17xx.o(i.SSP1_Send)
    i.SSP1_Transfer                          0x00002140   Section        0  ssp_lpc17xx.o(i.SSP1_Transfer)
    SSP1_Transfer                            0x00002141   Thumb Code    22  ssp_lpc17xx.o(i.SSP1_Transfer)
    i.SSP1_Uninitialize                      0x0000215c   Section        0  ssp_lpc17xx.o(i.SSP1_Uninitialize)
    SSP1_Uninitialize                        0x0000215d   Thumb Code    10  ssp_lpc17xx.o(i.SSP1_Uninitialize)
    i.SSP_GetCapabilities                    0x0000216c   Section        0  ssp_lpc17xx.o(i.SSP_GetCapabilities)
    SSP_GetCapabilities                      0x0000216d   Thumb Code     6  ssp_lpc17xx.o(i.SSP_GetCapabilities)
    i.SSP_GetVersion                         0x00002178   Section        0  ssp_lpc17xx.o(i.SSP_GetVersion)
    SSP_GetVersion                           0x00002179   Thumb Code    10  ssp_lpc17xx.o(i.SSP_GetVersion)
    i.SSPx_Control                           0x00002188   Section        0  ssp_lpc17xx.o(i.SSPx_Control)
    SSPx_Control                             0x00002189   Thumb Code  1310  ssp_lpc17xx.o(i.SSPx_Control)
    i.SSPx_GPDMA_Rx_SignalEvent              0x000026a6   Section        0  ssp_lpc17xx.o(i.SSPx_GPDMA_Rx_SignalEvent)
    i.SSPx_GPDMA_Tx_SignalEvent              0x000026dc   Section        0  ssp_lpc17xx.o(i.SSPx_GPDMA_Tx_SignalEvent)
    i.SSPx_GetDataCount                      0x000026f8   Section        0  ssp_lpc17xx.o(i.SSPx_GetDataCount)
    SSPx_GetDataCount                        0x000026f9   Thumb Code    44  ssp_lpc17xx.o(i.SSPx_GetDataCount)
    i.SSPx_GetStatus                         0x00002724   Section        0  ssp_lpc17xx.o(i.SSPx_GetStatus)
    SSPx_GetStatus                           0x00002725   Thumb Code    44  ssp_lpc17xx.o(i.SSPx_GetStatus)
    i.SSPx_IRQHandler                        0x00002750   Section        0  ssp_lpc17xx.o(i.SSPx_IRQHandler)
    SSPx_IRQHandler                          0x00002751   Thumb Code   260  ssp_lpc17xx.o(i.SSPx_IRQHandler)
    i.SSPx_Initialize                        0x00002854   Section        0  ssp_lpc17xx.o(i.SSPx_Initialize)
    SSPx_Initialize                          0x00002855   Thumb Code   168  ssp_lpc17xx.o(i.SSPx_Initialize)
    i.SSPx_PowerControl                      0x000028fc   Section        0  ssp_lpc17xx.o(i.SSPx_PowerControl)
    SSPx_PowerControl                        0x000028fd   Thumb Code   392  ssp_lpc17xx.o(i.SSPx_PowerControl)
    i.SSPx_Receive                           0x00002a88   Section        0  ssp_lpc17xx.o(i.SSPx_Receive)
    SSPx_Receive                             0x00002a89   Thumb Code   344  ssp_lpc17xx.o(i.SSPx_Receive)
    i.SSPx_Send                              0x00002be4   Section        0  ssp_lpc17xx.o(i.SSPx_Send)
    SSPx_Send                                0x00002be5   Thumb Code   336  ssp_lpc17xx.o(i.SSPx_Send)
    i.SSPx_Transfer                          0x00002d38   Section        0  ssp_lpc17xx.o(i.SSPx_Transfer)
    SSPx_Transfer                            0x00002d39   Thumb Code   338  ssp_lpc17xx.o(i.SSPx_Transfer)
    i.SSPx_Uninitialize                      0x00002e8a   Section        0  ssp_lpc17xx.o(i.SSPx_Uninitialize)
    SSPx_Uninitialize                        0x00002e8b   Thumb Code   112  ssp_lpc17xx.o(i.SSPx_Uninitialize)
    i.Set_Channel_active_flag                0x00002efc   Section        0  gpdma_lpc17xx.o(i.Set_Channel_active_flag)
    Set_Channel_active_flag                  0x00002efd   Thumb Code    50  gpdma_lpc17xx.o(i.Set_Channel_active_flag)
    i.SystemInit                             0x00002f34   Section        0  system_lpc17xx.o(i.SystemInit)
    i.UART1_IRQHandler                       0x00003074   Section        0  uart_lpc17xx.o(i.UART1_IRQHandler)
    i.USART1_Control                         0x00003084   Section        0  uart_lpc17xx.o(i.USART1_Control)
    USART1_Control                           0x00003085   Thumb Code    18  uart_lpc17xx.o(i.USART1_Control)
    i.USART1_GetCapabilities                 0x0000309c   Section        0  uart_lpc17xx.o(i.USART1_GetCapabilities)
    USART1_GetCapabilities                   0x0000309d   Thumb Code    12  uart_lpc17xx.o(i.USART1_GetCapabilities)
    i.USART1_GetModemStatus                  0x000030ac   Section        0  uart_lpc17xx.o(i.USART1_GetModemStatus)
    USART1_GetModemStatus                    0x000030ad   Thumb Code    12  uart_lpc17xx.o(i.USART1_GetModemStatus)
    i.USART1_GetRxCount                      0x000030bc   Section        0  uart_lpc17xx.o(i.USART1_GetRxCount)
    USART1_GetRxCount                        0x000030bd   Thumb Code    10  uart_lpc17xx.o(i.USART1_GetRxCount)
    i.USART1_GetStatus                       0x000030cc   Section        0  uart_lpc17xx.o(i.USART1_GetStatus)
    USART1_GetStatus                         0x000030cd   Thumb Code    12  uart_lpc17xx.o(i.USART1_GetStatus)
    i.USART1_GetTxCount                      0x000030dc   Section        0  uart_lpc17xx.o(i.USART1_GetTxCount)
    USART1_GetTxCount                        0x000030dd   Thumb Code    10  uart_lpc17xx.o(i.USART1_GetTxCount)
    i.USART1_Initialize                      0x000030ec   Section        0  uart_lpc17xx.o(i.USART1_Initialize)
    USART1_Initialize                        0x000030ed   Thumb Code    14  uart_lpc17xx.o(i.USART1_Initialize)
    i.USART1_PowerControl                    0x00003100   Section        0  uart_lpc17xx.o(i.USART1_PowerControl)
    USART1_PowerControl                      0x00003101   Thumb Code    14  uart_lpc17xx.o(i.USART1_PowerControl)
    i.USART1_Receive                         0x00003114   Section        0  uart_lpc17xx.o(i.USART1_Receive)
    USART1_Receive                           0x00003115   Thumb Code    18  uart_lpc17xx.o(i.USART1_Receive)
    i.USART1_Send                            0x0000312c   Section        0  uart_lpc17xx.o(i.USART1_Send)
    USART1_Send                              0x0000312d   Thumb Code    18  uart_lpc17xx.o(i.USART1_Send)
    i.USART1_SetModemControl                 0x00003144   Section        0  uart_lpc17xx.o(i.USART1_SetModemControl)
    USART1_SetModemControl                   0x00003145   Thumb Code    14  uart_lpc17xx.o(i.USART1_SetModemControl)
    i.USART1_Transfer                        0x00003158   Section        0  uart_lpc17xx.o(i.USART1_Transfer)
    USART1_Transfer                          0x00003159   Thumb Code    22  uart_lpc17xx.o(i.USART1_Transfer)
    i.USART1_Uninitialize                    0x00003174   Section        0  uart_lpc17xx.o(i.USART1_Uninitialize)
    USART1_Uninitialize                      0x00003175   Thumb Code    10  uart_lpc17xx.o(i.USART1_Uninitialize)
    i.USART_Control                          0x00003184   Section        0  uart_lpc17xx.o(i.USART_Control)
    USART_Control                            0x00003185   Thumb Code  1642  uart_lpc17xx.o(i.USART_Control)
    i.USART_GetCapabilities                  0x000037f4   Section        0  uart_lpc17xx.o(i.USART_GetCapabilities)
    USART_GetCapabilities                    0x000037f5   Thumb Code     6  uart_lpc17xx.o(i.USART_GetCapabilities)
    i.USART_GetModemStatus                   0x000037fa   Section        0  uart_lpc17xx.o(i.USART_GetModemStatus)
    USART_GetModemStatus                     0x000037fb   Thumb Code   178  uart_lpc17xx.o(i.USART_GetModemStatus)
    i.USART_GetRxCount                       0x000038ac   Section        0  uart_lpc17xx.o(i.USART_GetRxCount)
    USART_GetRxCount                         0x000038ad   Thumb Code    28  uart_lpc17xx.o(i.USART_GetRxCount)
    i.USART_GetStatus                        0x000038c8   Section        0  uart_lpc17xx.o(i.USART_GetStatus)
    USART_GetStatus                          0x000038c9   Thumb Code    94  uart_lpc17xx.o(i.USART_GetStatus)
    i.USART_GetTxCount                       0x00003926   Section        0  uart_lpc17xx.o(i.USART_GetTxCount)
    USART_GetTxCount                         0x00003927   Thumb Code    28  uart_lpc17xx.o(i.USART_GetTxCount)
    i.USART_IRQHandler                       0x00003942   Section        0  uart_lpc17xx.o(i.USART_IRQHandler)
    USART_IRQHandler                         0x00003943   Thumb Code   620  uart_lpc17xx.o(i.USART_IRQHandler)
    i.USART_Initialize                       0x00003bae   Section        0  uart_lpc17xx.o(i.USART_Initialize)
    USART_Initialize                         0x00003baf   Thumb Code   254  uart_lpc17xx.o(i.USART_Initialize)
    i.USART_PowerControl                     0x00003cac   Section        0  uart_lpc17xx.o(i.USART_PowerControl)
    USART_PowerControl                       0x00003cad   Thumb Code   542  uart_lpc17xx.o(i.USART_PowerControl)
    i.USART_Receive                          0x00003ed0   Section        0  uart_lpc17xx.o(i.USART_Receive)
    USART_Receive                            0x00003ed1   Thumb Code   272  uart_lpc17xx.o(i.USART_Receive)
    i.USART_RxLineIntHandler                 0x00003fe0   Section        0  uart_lpc17xx.o(i.USART_RxLineIntHandler)
    USART_RxLineIntHandler                   0x00003fe1   Thumb Code   104  uart_lpc17xx.o(i.USART_RxLineIntHandler)
    i.USART_Send                             0x00004048   Section        0  uart_lpc17xx.o(i.USART_Send)
    USART_Send                               0x00004049   Thumb Code   412  uart_lpc17xx.o(i.USART_Send)
    i.USART_SetBaudrate                      0x000041e4   Section        0  uart_lpc17xx.o(i.USART_SetBaudrate)
    i.USART_SetModemControl                  0x00004318   Section        0  uart_lpc17xx.o(i.USART_SetModemControl)
    USART_SetModemControl                    0x00004319   Thumb Code   160  uart_lpc17xx.o(i.USART_SetModemControl)
    i.USART_Transfer                         0x000043b8   Section        0  uart_lpc17xx.o(i.USART_Transfer)
    USART_Transfer                           0x000043b9   Thumb Code   122  uart_lpc17xx.o(i.USART_Transfer)
    i.USART_Uninitialize                     0x00004432   Section        0  uart_lpc17xx.o(i.USART_Uninitialize)
    USART_Uninitialize                       0x00004433   Thumb Code   226  uart_lpc17xx.o(i.USART_Uninitialize)
    i.USARTx_GetVersion                      0x00004514   Section        0  uart_lpc17xx.o(i.USARTx_GetVersion)
    USARTx_GetVersion                        0x00004515   Thumb Code    10  uart_lpc17xx.o(i.USARTx_GetVersion)
    i._is_digit                              0x00004524   Section        0  __printf_wp.o(i._is_digit)
    i.delay_ms                               0x00004534   Section        0  glcd_mcb1700.o(i.delay_ms)
    delay_ms                                 0x00004535   Thumb Code    38  glcd_mcb1700.o(i.delay_ms)
    i.main                                   0x00004560   Section        0  main.o(i.main)
    i.rd_dat                                 0x000046c0   Section        0  glcd_mcb1700.o(i.rd_dat)
    rd_dat                                   0x000046c1   Thumb Code    64  glcd_mcb1700.o(i.rd_dat)
    i.rd_id_man                              0x00004704   Section        0  glcd_mcb1700.o(i.rd_id_man)
    rd_id_man                                0x00004705   Thumb Code   196  glcd_mcb1700.o(i.rd_id_man)
    i.rd_reg                                 0x000047cc   Section        0  glcd_mcb1700.o(i.rd_reg)
    rd_reg                                   0x000047cd   Thumb Code    16  glcd_mcb1700.o(i.rd_reg)
    i.spi_tran                               0x000047dc   Section        0  glcd_mcb1700.o(i.spi_tran)
    spi_tran                                 0x000047dd   Thumb Code    40  glcd_mcb1700.o(i.spi_tran)
    i.spi_tran_man                           0x00004808   Section        0  glcd_mcb1700.o(i.spi_tran_man)
    spi_tran_man                             0x00004809   Thumb Code   132  glcd_mcb1700.o(i.spi_tran_man)
    i.trigger_signal                         0x00004890   Section        0  main.o(i.trigger_signal)
    i.wr_cmd                                 0x00004980   Section        0  glcd_mcb1700.o(i.wr_cmd)
    wr_cmd                                   0x00004981   Thumb Code    70  glcd_mcb1700.o(i.wr_cmd)
    i.wr_dat_only                            0x000049cc   Section        0  glcd_mcb1700.o(i.wr_dat_only)
    wr_dat_only                              0x000049cd   Thumb Code    46  glcd_mcb1700.o(i.wr_dat_only)
    i.wr_dat_start                           0x00004a00   Section        0  glcd_mcb1700.o(i.wr_dat_start)
    wr_dat_start                             0x00004a01   Thumb Code    20  glcd_mcb1700.o(i.wr_dat_start)
    i.wr_dat_stop                            0x00004a18   Section        0  glcd_mcb1700.o(i.wr_dat_stop)
    wr_dat_stop                              0x00004a19   Thumb Code    14  glcd_mcb1700.o(i.wr_dat_stop)
    i.wr_reg                                 0x00004a2c   Section        0  glcd_mcb1700.o(i.wr_reg)
    wr_reg                                   0x00004a2d   Thumb Code   140  glcd_mcb1700.o(i.wr_reg)
    .constdata                               0x00004abc   Section     6304  glcd_fonts.o(.constdata)
    Font_6x8_h                               0x00004abc   Data         896  glcd_fonts.o(.constdata)
    Font_16x24_h                             0x00004e3c   Data        5376  glcd_fonts.o(.constdata)
    .constdata                               0x0000635c   Section      100  i2c_lpc17xx.o(.constdata)
    DriverVersion                            0x0000635c   Data           4  i2c_lpc17xx.o(.constdata)
    DriverCapabilities                       0x00006360   Data           4  i2c_lpc17xx.o(.constdata)
    I2C0_Resources                           0x00006364   Data          44  i2c_lpc17xx.o(.constdata)
    .constdata                               0x000063c0   Section      124  ssp_lpc17xx.o(.constdata)
    DriverVersion                            0x000063c0   Data           4  ssp_lpc17xx.o(.constdata)
    DriverCapabilities                       0x000063c4   Data           4  ssp_lpc17xx.o(.constdata)
    SSP1_Resources                           0x000063c8   Data          72  ssp_lpc17xx.o(.constdata)
    .constdata                               0x0000643c   Section      448  uart_lpc17xx.o(.constdata)
    usart_driver_version                     0x0000643c   Data           4  uart_lpc17xx.o(.constdata)
    fract_div_lookup_table                   0x00006440   Data         288  uart_lpc17xx.o(.constdata)
    USART1_Resources                         0x00006560   Data         100  uart_lpc17xx.o(.constdata)
    STACK                                    0x10000000   Section    16384  startup_lpc17xx.o(STACK)
    Stack_Mem                                0x10000000   Data       16384  startup_lpc17xx.o(STACK)
    __initial_sp                             0x10004000   Data           0  startup_lpc17xx.o(STACK)
    .data                                    0x2007c000   Section       17  glcd_mcb1700.o(.data)
    spi1_pins                                0x2007c000   Data           8  glcd_mcb1700.o(.data)
    foreground_color                         0x2007c008   Data           2  glcd_mcb1700.o(.data)
    background_color                         0x2007c00a   Data           2  glcd_mcb1700.o(.data)
    active_font                              0x2007c00c   Data           4  glcd_mcb1700.o(.data)
    Himax                                    0x2007c010   Data           1  glcd_mcb1700.o(.data)
    .data                                    0x2007c011   Section        4  i2c_lpc17xx.o(.data)
    .data                                    0x2007c018   Section       16  ssp_lpc17xx.o(.data)
    SSP1_pin_sck                             0x2007c018   Data           2  ssp_lpc17xx.o(.data)
    SSP1_pin_miso                            0x2007c01a   Data           2  ssp_lpc17xx.o(.data)
    SSP1_pin_mosi                            0x2007c01c   Data           2  ssp_lpc17xx.o(.data)
    SSP1_pin_ssel                            0x2007c01e   Data           2  ssp_lpc17xx.o(.data)
    dummy_data                               0x2007c020   Data           4  ssp_lpc17xx.o(.data)
    dummy_data                               0x2007c024   Data           4  ssp_lpc17xx.o(.data)
    .data                                    0x2007c028   Section        4  uart_lpc17xx.o(.data)
    USART1_pin_tx                            0x2007c028   Data           2  uart_lpc17xx.o(.data)
    USART1_pin_rx                            0x2007c02a   Data           2  uart_lpc17xx.o(.data)
    .data                                    0x2007c02c   Section        8  gpdma_lpc17xx.o(.data)
    Channel_active                           0x2007c02c   Data           4  gpdma_lpc17xx.o(.data)
    Init_cnt                                 0x2007c030   Data           4  gpdma_lpc17xx.o(.data)
    .data                                    0x2007c034   Section        4  system_lpc17xx.o(.data)
    .bss                                     0x2007c038   Section       36  i2c_lpc17xx.o(.bss)
    I2C0_Ctrl                                0x2007c038   Data          36  i2c_lpc17xx.o(.bss)
    .bss                                     0x2007c05c   Section       40  ssp_lpc17xx.o(.bss)
    SSP1_Info                                0x2007c05c   Data          12  ssp_lpc17xx.o(.bss)
    SSP1_Xfer                                0x2007c068   Data          28  ssp_lpc17xx.o(.bss)
    .bss                                     0x2007c084   Section       52  uart_lpc17xx.o(.bss)
    USART1_Info                              0x2007c084   Data          52  uart_lpc17xx.o(.bss)
    .bss                                     0x2007c0b8   Section      160  gpdma_lpc17xx.o(.bss)
    Channel_info                             0x2007c0b8   Data         160  gpdma_lpc17xx.o(.bss)
    .bss                                     0x2007c158   Section       96  libspace.o(.bss)
    HEAP                                     0x2007c1b8   Section        0  startup_lpc17xx.o(HEAP)
    Heap_Mem                                 0x2007c1b8   Data           0  startup_lpc17xx.o(HEAP)

    Global Symbols

    Symbol Name                              Value     Ov Type        Size  Object(Section)

    BuildAttributes$$THM_ISAv4$P$D$K$B$S$PE$A:L22UL41UL21$X:L11$S22US41US21$IEEE1$IW$USESV6$~STKCKD$USESV7$~SHL$OSPACE$ROPI$EBA8$UX$STANDARDLIB$REQ8$PRES8$EABIv2 0x00000000   Number         0  anon$$obj.o ABSOLUTE
    __ARM_use_no_argv                        0x00000000   Number         0  main.o ABSOLUTE
    __Vectors                                0x00000000   Data           4  startup_lpc17xx.o(RESET)
    _printf_flags                            0x00000000   Number         0  printf_stubs.o ABSOLUTE
    _printf_return_value                     0x00000000   Number         0  printf_stubs.o ABSOLUTE
    _printf_sizespec                         0x00000000   Number         0  printf_stubs.o ABSOLUTE
    _printf_widthprec                        0x00000000   Number         0  printf_stubs.o ABSOLUTE
    __ARM_exceptions_init                     - Undefined Weak Reference
    __alloca_initialize                       - Undefined Weak Reference
    __arm_preinit_                            - Undefined Weak Reference
    __cpp_initialize__aeabi_                  - Undefined Weak Reference
    __cxa_finalize                            - Undefined Weak Reference
    __rt_locale                               - Undefined Weak Reference
    __sigvec_lookup                           - Undefined Weak Reference
    _atexit_init                              - Undefined Weak Reference
    _call_atexit_fns                          - Undefined Weak Reference
    _clock_init                               - Undefined Weak Reference
    _fp_trap_init                             - Undefined Weak Reference
    _fp_trap_shutdown                         - Undefined Weak Reference
    _get_lc_collate                           - Undefined Weak Reference
    _get_lc_ctype                             - Undefined Weak Reference
    _get_lc_monetary                          - Undefined Weak Reference
    _get_lc_numeric                           - Undefined Weak Reference
    _get_lc_time                              - Undefined Weak Reference
    _getenv_init                              - Undefined Weak Reference
    _handle_redirection                       - Undefined Weak Reference
    _init_alloc                               - Undefined Weak Reference
    _init_user_alloc                          - Undefined Weak Reference
    _initio                                   - Undefined Weak Reference
    _printf_truncate_signed                   - Undefined Weak Reference
    _printf_truncate_unsigned                 - Undefined Weak Reference
    _rand_init                                - Undefined Weak Reference
    _signal_finish                            - Undefined Weak Reference
    _signal_init                              - Undefined Weak Reference
    _terminate_alloc                          - Undefined Weak Reference
    _terminate_user_alloc                     - Undefined Weak Reference
    _terminateio                              - Undefined Weak Reference
    __main                                   0x000000cd   Thumb Code     8  __main.o(!!!main)
    __scatterload                            0x000000d5   Thumb Code     0  __scatter.o(!!!scatter)
    __scatterload_rt2                        0x000000d5   Thumb Code    44  __scatter.o(!!!scatter)
    __scatterload_rt2_thumb_only             0x000000d5   Thumb Code     0  __scatter.o(!!!scatter)
    __scatterload_null                       0x000000e3   Thumb Code     0  __scatter.o(!!!scatter)
    __scatterload_copy                       0x00000109   Thumb Code    26  __scatter_copy.o(!!handler_copy)
    __scatterload_zeroinit                   0x00000125   Thumb Code    28  __scatter_zi.o(!!handler_zi)
    _printf_d                                0x00000141   Thumb Code     0  _printf_d.o(.ARM.Collect$$_printf_percent$$00000009)
    _printf_percent                          0x00000141   Thumb Code     0  _printf_percent.o(.ARM.Collect$$_printf_percent$$00000000)
    _printf_percent_end                      0x00000147   Thumb Code     0  _printf_percent_end.o(.ARM.Collect$$_printf_percent$$00000017)
    __rt_lib_init                            0x0000014b   Thumb Code     0  libinit.o(.ARM.Collect$$libinit$$00000000)
    __rt_lib_init_alloca_1                   0x0000014d   Thumb Code     0  libinit2.o(.ARM.Collect$$libinit$$0000002E)
    __rt_lib_init_argv_1                     0x0000014d   Thumb Code     0  libinit2.o(.ARM.Collect$$libinit$$0000002C)
    __rt_lib_init_atexit_1                   0x0000014d   Thumb Code     0  libinit2.o(.ARM.Collect$$libinit$$0000001B)
    __rt_lib_init_clock_1                    0x0000014d   Thumb Code     0  libinit2.o(.ARM.Collect$$libinit$$00000021)
    __rt_lib_init_cpp_1                      0x0000014d   Thumb Code     0  libinit2.o(.ARM.Collect$$libinit$$00000032)
    __rt_lib_init_exceptions_1               0x0000014d   Thumb Code     0  libinit2.o(.ARM.Collect$$libinit$$00000030)
    __rt_lib_init_fp_1                       0x0000014d   Thumb Code     0  libinit2.o(.ARM.Collect$$libinit$$00000002)
    __rt_lib_init_fp_trap_1                  0x0000014d   Thumb Code     0  libinit2.o(.ARM.Collect$$libinit$$0000001F)
    __rt_lib_init_getenv_1                   0x0000014d   Thumb Code     0  libinit2.o(.ARM.Collect$$libinit$$00000023)
    __rt_lib_init_heap_1                     0x0000014d   Thumb Code     0  libinit2.o(.ARM.Collect$$libinit$$0000000A)
    __rt_lib_init_lc_collate_1               0x0000014d   Thumb Code     0  libinit2.o(.ARM.Collect$$libinit$$00000011)
    __rt_lib_init_lc_ctype_1                 0x0000014d   Thumb Code     0  libinit2.o(.ARM.Collect$$libinit$$00000013)
    __rt_lib_init_lc_monetary_1              0x0000014d   Thumb Code     0  libinit2.o(.ARM.Collect$$libinit$$00000015)
    __rt_lib_init_lc_numeric_1               0x0000014d   Thumb Code     0  libinit2.o(.ARM.Collect$$libinit$$00000017)
    __rt_lib_init_lc_time_1                  0x0000014d   Thumb Code     0  libinit2.o(.ARM.Collect$$libinit$$00000019)
    __rt_lib_init_preinit_1                  0x0000014d   Thumb Code     0  libinit2.o(.ARM.Collect$$libinit$$00000004)
    __rt_lib_init_rand_1                     0x0000014d   Thumb Code     0  libinit2.o(.ARM.Collect$$libinit$$0000000E)
    __rt_lib_init_return                     0x0000014d   Thumb Code     0  libinit2.o(.ARM.Collect$$libinit$$00000033)
    __rt_lib_init_signal_1                   0x0000014d   Thumb Code     0  libinit2.o(.ARM.Collect$$libinit$$0000001D)
    __rt_lib_init_stdio_1                    0x0000014d   Thumb Code     0  libinit2.o(.ARM.Collect$$libinit$$00000025)
    __rt_lib_init_user_alloc_1               0x0000014d   Thumb Code     0  libinit2.o(.ARM.Collect$$libinit$$0000000C)
    __rt_lib_shutdown                        0x0000014f   Thumb Code     0  libshutdown.o(.ARM.Collect$$libshutdown$$00000000)
    __rt_lib_shutdown_cpp_1                  0x00000151   Thumb Code     0  libshutdown2.o(.ARM.Collect$$libshutdown$$00000002)
    __rt_lib_shutdown_fp_trap_1              0x00000151   Thumb Code     0  libshutdown2.o(.ARM.Collect$$libshutdown$$00000007)
    __rt_lib_shutdown_heap_1                 0x00000151   Thumb Code     0  libshutdown2.o(.ARM.Collect$$libshutdown$$0000000F)
    __rt_lib_shutdown_return                 0x00000151   Thumb Code     0  libshutdown2.o(.ARM.Collect$$libshutdown$$00000010)
    __rt_lib_shutdown_signal_1               0x00000151   Thumb Code     0  libshutdown2.o(.ARM.Collect$$libshutdown$$0000000A)
    __rt_lib_shutdown_stdio_1                0x00000151   Thumb Code     0  libshutdown2.o(.ARM.Collect$$libshutdown$$00000004)
    __rt_lib_shutdown_user_alloc_1           0x00000151   Thumb Code     0  libshutdown2.o(.ARM.Collect$$libshutdown$$0000000C)
    __rt_entry                               0x00000153   Thumb Code     0  __rtentry.o(.ARM.Collect$$rtentry$$00000000)
    __rt_entry_presh_1                       0x00000153   Thumb Code     0  __rtentry2.o(.ARM.Collect$$rtentry$$00000002)
    __rt_entry_sh                            0x00000153   Thumb Code     0  __rtentry4.o(.ARM.Collect$$rtentry$$00000004)
    __rt_entry_li                            0x00000159   Thumb Code     0  __rtentry2.o(.ARM.Collect$$rtentry$$0000000A)
    __rt_entry_postsh_1                      0x00000159   Thumb Code     0  __rtentry2.o(.ARM.Collect$$rtentry$$00000009)
    __rt_entry_main                          0x0000015d   Thumb Code     0  __rtentry2.o(.ARM.Collect$$rtentry$$0000000D)
    __rt_entry_postli_1                      0x0000015d   Thumb Code     0  __rtentry2.o(.ARM.Collect$$rtentry$$0000000C)
    __rt_exit                                0x00000165   Thumb Code     0  rtexit.o(.ARM.Collect$$rtexit$$00000000)
    __rt_exit_ls                             0x00000167   Thumb Code     0  rtexit2.o(.ARM.Collect$$rtexit$$00000003)
    __rt_exit_prels_1                        0x00000167   Thumb Code     0  rtexit2.o(.ARM.Collect$$rtexit$$00000002)
    __rt_exit_exit                           0x0000016b   Thumb Code     0  rtexit2.o(.ARM.Collect$$rtexit$$00000004)
    Reset_Handler                            0x00000171   Thumb Code     8  startup_lpc17xx.o(.text)
    NMI_Handler                              0x00000179   Thumb Code     2  startup_lpc17xx.o(.text)
    HardFault_Handler                        0x0000017b   Thumb Code     2  startup_lpc17xx.o(.text)
    MemManage_Handler                        0x0000017d   Thumb Code     2  startup_lpc17xx.o(.text)
    BusFault_Handler                         0x0000017f   Thumb Code     2  startup_lpc17xx.o(.text)
    UsageFault_Handler                       0x00000181   Thumb Code     2  startup_lpc17xx.o(.text)
    SVC_Handler                              0x00000183   Thumb Code     2  startup_lpc17xx.o(.text)
    DebugMon_Handler                         0x00000185   Thumb Code     2  startup_lpc17xx.o(.text)
    PendSV_Handler                           0x00000187   Thumb Code     2  startup_lpc17xx.o(.text)
    SysTick_Handler                          0x00000189   Thumb Code     2  startup_lpc17xx.o(.text)
    ADC_IRQHandler                           0x0000018b   Thumb Code     0  startup_lpc17xx.o(.text)
    BOD_IRQHandler                           0x0000018b   Thumb Code     0  startup_lpc17xx.o(.text)
    CANActivity_IRQHandler                   0x0000018b   Thumb Code     0  startup_lpc17xx.o(.text)
    CAN_IRQHandler                           0x0000018b   Thumb Code     0  startup_lpc17xx.o(.text)
    EINT0_IRQHandler                         0x0000018b   Thumb Code     0  startup_lpc17xx.o(.text)
    EINT1_IRQHandler                         0x0000018b   Thumb Code     0  startup_lpc17xx.o(.text)
    EINT2_IRQHandler                         0x0000018b   Thumb Code     0  startup_lpc17xx.o(.text)
    EINT3_IRQHandler                         0x0000018b   Thumb Code     0  startup_lpc17xx.o(.text)
    ENET_IRQHandler                          0x0000018b   Thumb Code     0  startup_lpc17xx.o(.text)
    I2C1_IRQHandler                          0x0000018b   Thumb Code     0  startup_lpc17xx.o(.text)
    I2C2_IRQHandler                          0x0000018b   Thumb Code     0  startup_lpc17xx.o(.text)
    I2S_IRQHandler                           0x0000018b   Thumb Code     0  startup_lpc17xx.o(.text)
    MCPWM_IRQHandler                         0x0000018b   Thumb Code     0  startup_lpc17xx.o(.text)
    PLL0_IRQHandler                          0x0000018b   Thumb Code     0  startup_lpc17xx.o(.text)
    PLL1_IRQHandler                          0x0000018b   Thumb Code     0  startup_lpc17xx.o(.text)
    PWM1_IRQHandler                          0x0000018b   Thumb Code     0  startup_lpc17xx.o(.text)
    QEI_IRQHandler                           0x0000018b   Thumb Code     0  startup_lpc17xx.o(.text)
    RIT_IRQHandler                           0x0000018b   Thumb Code     0  startup_lpc17xx.o(.text)
    RTC_IRQHandler                           0x0000018b   Thumb Code     0  startup_lpc17xx.o(.text)
    SPI_IRQHandler                           0x0000018b   Thumb Code     0  startup_lpc17xx.o(.text)
    SSP0_IRQHandler                          0x0000018b   Thumb Code     0  startup_lpc17xx.o(.text)
    TIMER0_IRQHandler                        0x0000018b   Thumb Code     0  startup_lpc17xx.o(.text)
    TIMER1_IRQHandler                        0x0000018b   Thumb Code     0  startup_lpc17xx.o(.text)
    TIMER2_IRQHandler                        0x0000018b   Thumb Code     0  startup_lpc17xx.o(.text)
    TIMER3_IRQHandler                        0x0000018b   Thumb Code     0  startup_lpc17xx.o(.text)
    UART0_IRQHandler                         0x0000018b   Thumb Code     0  startup_lpc17xx.o(.text)
    UART2_IRQHandler                         0x0000018b   Thumb Code     0  startup_lpc17xx.o(.text)
    UART3_IRQHandler                         0x0000018b   Thumb Code     0  startup_lpc17xx.o(.text)
    USBActivity_IRQHandler                   0x0000018b   Thumb Code     0  startup_lpc17xx.o(.text)
    USB_IRQHandler                           0x0000018b   Thumb Code     0  startup_lpc17xx.o(.text)
    WDT_IRQHandler                           0x0000018b   Thumb Code     0  startup_lpc17xx.o(.text)
    __user_initial_stackheap                 0x0000018d   Thumb Code     0  startup_lpc17xx.o(.text)
    __aeabi_uldivmod                         0x000001ad   Thumb Code     0  lludivv7m.o(.text)
    _ll_udiv                                 0x000001ad   Thumb Code   238  lludivv7m.o(.text)
    __2sprintf                               0x0000029d   Thumb Code    34  noretval__2sprintf.o(.text)
    __use_two_region_memory                  0x000002c5   Thumb Code     2  heapauxi.o(.text)
    __rt_heap_escrow$2region                 0x000002c7   Thumb Code     2  heapauxi.o(.text)
    __rt_heap_expand$2region                 0x000002c9   Thumb Code     2  heapauxi.o(.text)
    _printf_char_common                      0x000002d7   Thumb Code    32  _printf_char_common.o(.text)
    _printf_pre_padding                      0x00000301   Thumb Code    44  _printf_pad.o(.text)
    _printf_post_padding                     0x0000032d   Thumb Code    34  _printf_pad.o(.text)
    _printf_int_dec                          0x00000351   Thumb Code   104  _printf_dec.o(.text)
    __printf                                 0x000003c9   Thumb Code   270  __printf_wp.o(.text)
    __aeabi_memclr4                          0x000004d7   Thumb Code     0  rt_memclr_w.o(.text)
    __aeabi_memclr8                          0x000004d7   Thumb Code     0  rt_memclr_w.o(.text)
    __rt_memclr_w                            0x000004d7   Thumb Code    78  rt_memclr_w.o(.text)
    _memset_w                                0x000004db   Thumb Code     0  rt_memclr_w.o(.text)
    _printf_int_common                       0x00000525   Thumb Code   178  _printf_intcommon.o(.text)
    _sputc                                   0x000005d7   Thumb Code    10  _sputc.o(.text)
    __user_setup_stackheap                   0x000005e1   Thumb Code    74  sys_stackheap_outer.o(.text)
    exit                                     0x0000062b   Thumb Code    18  exit.o(.text)
    __user_libspace                          0x0000063d   Thumb Code     8  libspace.o(.text)
    __user_perproc_libspace                  0x0000063d   Thumb Code     0  libspace.o(.text)
    __user_perthread_libspace                0x0000063d   Thumb Code     0  libspace.o(.text)
    _sys_exit                                0x00000645   Thumb Code     8  sys_exit.o(.text)
    __I$use$semihosting                      0x00000651   Thumb Code     0  use_no_semi.o(.text)
    __use_no_semihosting_swi                 0x00000651   Thumb Code     2  use_no_semi.o(.text)
    __semihosting_library_function           0x00000653   Thumb Code     0  indicate_semi.o(.text)
    DMA_IRQHandler                           0x00000675   Thumb Code   372  gpdma_lpc17xx.o(i.DMA_IRQHandler)
    GLCD_ClearScreen                         0x000007f5   Thumb Code    44  glcd_mcb1700.o(i.GLCD_ClearScreen)
    GLCD_DrawChar                            0x00000825   Thumb Code   194  glcd_mcb1700.o(i.GLCD_DrawChar)
    GLCD_DrawString                          0x000008f5   Thumb Code    38  glcd_mcb1700.o(i.GLCD_DrawString)
    GLCD_Initialize                          0x00000921   Thumb Code  1462  glcd_mcb1700.o(i.GLCD_Initialize)
    GLCD_SetFont                             0x00000ed9   Thumb Code    10  glcd_mcb1700.o(i.GLCD_SetFont)
    GLCD_SetWindow                           0x00000ee9   Thumb Code   168  glcd_mcb1700.o(i.GLCD_SetWindow)
    GLCD_WindowMax                           0x00000f95   Thumb Code    18  glcd_mcb1700.o(i.GLCD_WindowMax)
    GPDMA_ChannelConfigure                   0x00000fa9   Thumb Code   232  gpdma_lpc17xx.o(i.GPDMA_ChannelConfigure)
    GPDMA_ChannelDisable                     0x0000109d   Thumb Code    44  gpdma_lpc17xx.o(i.GPDMA_ChannelDisable)
    GPDMA_ChannelGetCount                    0x000010cd   Thumb Code    38  gpdma_lpc17xx.o(i.GPDMA_ChannelGetCount)
    GPDMA_Initialize                         0x000010fd   Thumb Code   138  gpdma_lpc17xx.o(i.GPDMA_Initialize)
    GPDMA_PeripheralSelect                   0x0000119d   Thumb Code    62  gpdma_lpc17xx.o(i.GPDMA_PeripheralSelect)
    GPDMA_Uninitialize                       0x000011e1   Thumb Code    74  gpdma_lpc17xx.o(i.GPDMA_Uninitialize)
    GPIO_PinRead                             0x00001239   Thumb Code    28  gpio_lpc17xx.o(i.GPIO_PinRead)
    GPIO_PinWrite                            0x00001259   Thumb Code    36  gpio_lpc17xx.o(i.GPIO_PinWrite)
    GPIO_PortClock                           0x00001281   Thumb Code    38  gpio_lpc17xx.o(i.GPIO_PortClock)
    GPIO_SetDir                              0x000012ad   Thumb Code    52  gpio_lpc17xx.o(i.GPIO_SetDir)
    I2C0_IRQHandler                          0x000013e5   Thumb Code    10  i2c_lpc17xx.o(i.I2C0_IRQHandler)
    Init_I2C                                 0x00001e69   Thumb Code    40  main.o(i.Init_I2C)
    Init_UART                                0x00001e95   Thumb Code    52  main.o(i.Init_UART)
    PIN_Configure                            0x00001f5d   Thumb Code   246  pin_lpc17xx.o(i.PIN_Configure)
    PIN_ConfigureI2C0Pins                    0x00002059   Thumb Code    28  pin_lpc17xx.o(i.PIN_ConfigureI2C0Pins)
    SSP1_GPDMA_Rx_SignalEvent                0x00002091   Thumb Code    14  ssp_lpc17xx.o(i.SSP1_GPDMA_Rx_SignalEvent)
    SSP1_GPDMA_Tx_SignalEvent                0x000020a5   Thumb Code    14  ssp_lpc17xx.o(i.SSP1_GPDMA_Tx_SignalEvent)
    SSP1_IRQHandler                          0x000020d9   Thumb Code    10  ssp_lpc17xx.o(i.SSP1_IRQHandler)
    SSPx_GPDMA_Rx_SignalEvent                0x000026a7   Thumb Code    54  ssp_lpc17xx.o(i.SSPx_GPDMA_Rx_SignalEvent)
    SSPx_GPDMA_Tx_SignalEvent                0x000026dd   Thumb Code    28  ssp_lpc17xx.o(i.SSPx_GPDMA_Tx_SignalEvent)
    SystemInit                               0x00002f35   Thumb Code   302  system_lpc17xx.o(i.SystemInit)
    UART1_IRQHandler                         0x00003075   Thumb Code    10  uart_lpc17xx.o(i.UART1_IRQHandler)
    USART_SetBaudrate                        0x000041e5   Thumb Code   302  uart_lpc17xx.o(i.USART_SetBaudrate)
    _is_digit                                0x00004525   Thumb Code    14  __printf_wp.o(i._is_digit)
    main                                     0x00004561   Thumb Code   310  main.o(i.main)
    trigger_signal                           0x00004891   Thumb Code   230  main.o(i.trigger_signal)
    GLCD_Font_6x8                            0x0000633c   Data          16  glcd_fonts.o(.constdata)
    GLCD_Font_16x24                          0x0000634c   Data          16  glcd_fonts.o(.constdata)
    Driver_I2C0                              0x00006390   Data          48  i2c_lpc17xx.o(.constdata)
    Driver_SPI1                              0x00006410   Data          44  ssp_lpc17xx.o(.constdata)
    Driver_USART1                            0x000065c4   Data          56  uart_lpc17xx.o(.constdata)
    Region$$Table$$Base                      0x000065fc   Number         0  anon$$obj.o(Region$$Table)
    Region$$Table$$Limit                     0x0000662c   Number         0  anon$$obj.o(Region$$Table)
    I2C0_PIN                                 0x2007c011   Data           4  i2c_lpc17xx.o(.data)
    SystemCoreClock                          0x2007c034   Data           4  system_lpc17xx.o(.data)
    __libspace_start                         0x2007c158   Data          96  libspace.o(.bss)
    __temporary_stack_top$libspace           0x2007c1b8   Data           0  libspace.o(.bss)



==============================================================================

Memory Map of the image

  Image Entry point : 0x000000cd

  Load Region LR_IROM1 (Base: 0x00000000, Size: 0x00006664, Max: 0x00080000, ABSOLUTE)

    Execution Region ER_IROM1 (Base: 0x00000000, Size: 0x0000662c, Max: 0x00080000, ABSOLUTE)

    Base Addr    Size         Type   Attr      Idx    E Section Name        Object

    0x00000000   0x000000cc   Data   RO         1057    RESET               startup_lpc17xx.o
    0x000000cc   0x00000008   Code   RO         1141  * !!!main             c_w.l(__main.o)
    0x000000d4   0x00000034   Code   RO         1317    !!!scatter          c_w.l(__scatter.o)
    0x00000108   0x0000001a   Code   RO         1319    !!handler_copy      c_w.l(__scatter_copy.o)
    0x00000122   0x00000002   PAD
    0x00000124   0x0000001c   Code   RO         1321    !!handler_zi        c_w.l(__scatter_zi.o)
    0x00000140   0x00000000   Code   RO         1136    .ARM.Collect$$_printf_percent$$00000000  c_w.l(_printf_percent.o)
    0x00000140   0x00000006   Code   RO         1135    .ARM.Collect$$_printf_percent$$00000009  c_w.l(_printf_d.o)
    0x00000146   0x00000004   Code   RO         1154    .ARM.Collect$$_printf_percent$$00000017  c_w.l(_printf_percent_end.o)
    0x0000014a   0x00000002   Code   RO         1187    .ARM.Collect$$libinit$$00000000  c_w.l(libinit.o)
    0x0000014c   0x00000000   Code   RO         1200    .ARM.Collect$$libinit$$00000002  c_w.l(libinit2.o)
    0x0000014c   0x00000000   Code   RO         1202    .ARM.Collect$$libinit$$00000004  c_w.l(libinit2.o)
    0x0000014c   0x00000000   Code   RO         1205    .ARM.Collect$$libinit$$0000000A  c_w.l(libinit2.o)
    0x0000014c   0x00000000   Code   RO         1207    .ARM.Collect$$libinit$$0000000C  c_w.l(libinit2.o)
    0x0000014c   0x00000000   Code   RO         1209    .ARM.Collect$$libinit$$0000000E  c_w.l(libinit2.o)
    0x0000014c   0x00000000   Code   RO         1212    .ARM.Collect$$libinit$$00000011  c_w.l(libinit2.o)
    0x0000014c   0x00000000   Code   RO         1214    .ARM.Collect$$libinit$$00000013  c_w.l(libinit2.o)
    0x0000014c   0x00000000   Code   RO         1216    .ARM.Collect$$libinit$$00000015  c_w.l(libinit2.o)
    0x0000014c   0x00000000   Code   RO         1218    .ARM.Collect$$libinit$$00000017  c_w.l(libinit2.o)
    0x0000014c   0x00000000   Code   RO         1220    .ARM.Collect$$libinit$$00000019  c_w.l(libinit2.o)
    0x0000014c   0x00000000   Code   RO         1222    .ARM.Collect$$libinit$$0000001B  c_w.l(libinit2.o)
    0x0000014c   0x00000000   Code   RO         1224    .ARM.Collect$$libinit$$0000001D  c_w.l(libinit2.o)
    0x0000014c   0x00000000   Code   RO         1226    .ARM.Collect$$libinit$$0000001F  c_w.l(libinit2.o)
    0x0000014c   0x00000000   Code   RO         1228    .ARM.Collect$$libinit$$00000021  c_w.l(libinit2.o)
    0x0000014c   0x00000000   Code   RO         1230    .ARM.Collect$$libinit$$00000023  c_w.l(libinit2.o)
    0x0000014c   0x00000000   Code   RO         1232    .ARM.Collect$$libinit$$00000025  c_w.l(libinit2.o)
    0x0000014c   0x00000000   Code   RO         1236    .ARM.Collect$$libinit$$0000002C  c_w.l(libinit2.o)
    0x0000014c   0x00000000   Code   RO         1238    .ARM.Collect$$libinit$$0000002E  c_w.l(libinit2.o)
    0x0000014c   0x00000000   Code   RO         1240    .ARM.Collect$$libinit$$00000030  c_w.l(libinit2.o)
    0x0000014c   0x00000000   Code   RO         1242    .ARM.Collect$$libinit$$00000032  c_w.l(libinit2.o)
    0x0000014c   0x00000002   Code   RO         1243    .ARM.Collect$$libinit$$00000033  c_w.l(libinit2.o)
    0x0000014e   0x00000002   Code   RO         1274    .ARM.Collect$$libshutdown$$00000000  c_w.l(libshutdown.o)
    0x00000150   0x00000000   Code   RO         1300    .ARM.Collect$$libshutdown$$00000002  c_w.l(libshutdown2.o)
    0x00000150   0x00000000   Code   RO         1302    .ARM.Collect$$libshutdown$$00000004  c_w.l(libshutdown2.o)
    0x00000150   0x00000000   Code   RO         1305    .ARM.Collect$$libshutdown$$00000007  c_w.l(libshutdown2.o)
    0x00000150   0x00000000   Code   RO         1308    .ARM.Collect$$libshutdown$$0000000A  c_w.l(libshutdown2.o)
    0x00000150   0x00000000   Code   RO         1310    .ARM.Collect$$libshutdown$$0000000C  c_w.l(libshutdown2.o)
    0x00000150   0x00000000   Code   RO         1313    .ARM.Collect$$libshutdown$$0000000F  c_w.l(libshutdown2.o)
    0x00000150   0x00000002   Code   RO         1314    .ARM.Collect$$libshutdown$$00000010  c_w.l(libshutdown2.o)
    0x00000152   0x00000000   Code   RO         1143    .ARM.Collect$$rtentry$$00000000  c_w.l(__rtentry.o)
    0x00000152   0x00000000   Code   RO         1156    .ARM.Collect$$rtentry$$00000002  c_w.l(__rtentry2.o)
    0x00000152   0x00000006   Code   RO         1168    .ARM.Collect$$rtentry$$00000004  c_w.l(__rtentry4.o)
    0x00000158   0x00000000   Code   RO         1158    .ARM.Collect$$rtentry$$00000009  c_w.l(__rtentry2.o)
    0x00000158   0x00000004   Code   RO         1159    .ARM.Collect$$rtentry$$0000000A  c_w.l(__rtentry2.o)
    0x0000015c   0x00000000   Code   RO         1161    .ARM.Collect$$rtentry$$0000000C  c_w.l(__rtentry2.o)
    0x0000015c   0x00000008   Code   RO         1162    .ARM.Collect$$rtentry$$0000000D  c_w.l(__rtentry2.o)
    0x00000164   0x00000002   Code   RO         1191    .ARM.Collect$$rtexit$$00000000  c_w.l(rtexit.o)
    0x00000166   0x00000000   Code   RO         1247    .ARM.Collect$$rtexit$$00000002  c_w.l(rtexit2.o)
    0x00000166   0x00000004   Code   RO         1248    .ARM.Collect$$rtexit$$00000003  c_w.l(rtexit2.o)
    0x0000016a   0x00000006   Code   RO         1249    .ARM.Collect$$rtexit$$00000004  c_w.l(rtexit2.o)
    0x00000170   0x0000003c   Code   RO         1059    .text               startup_lpc17xx.o
    0x000001ac   0x000000ee   Code   RO         1103    .text               c_w.l(lludivv7m.o)
    0x0000029a   0x00000002   PAD
    0x0000029c   0x00000028   Code   RO         1107    .text               c_w.l(noretval__2sprintf.o)
    0x000002c4   0x00000006   Code   RO         1139    .text               c_w.l(heapauxi.o)
    0x000002ca   0x00000002   PAD
    0x000002cc   0x00000030   Code   RO         1150    .text               c_w.l(_printf_char_common.o)
    0x000002fc   0x00000004   Code   RO         1058    .ARM.__at_0x02FC    startup_lpc17xx.o
    0x00000300   0x0000004e   Code   RO         1111    .text               c_w.l(_printf_pad.o)
    0x0000034e   0x00000002   PAD
    0x00000350   0x00000078   Code   RO         1113    .text               c_w.l(_printf_dec.o)
    0x000003c8   0x0000010e   Code   RO         1123    .text               c_w.l(__printf_wp.o)
    0x000004d6   0x0000004e   Code   RO         1137    .text               c_w.l(rt_memclr_w.o)
    0x00000524   0x000000b2   Code   RO         1148    .text               c_w.l(_printf_intcommon.o)
    0x000005d6   0x0000000a   Code   RO         1152    .text               c_w.l(_sputc.o)
    0x000005e0   0x0000004a   Code   RO         1174    .text               c_w.l(sys_stackheap_outer.o)
    0x0000062a   0x00000012   Code   RO         1176    .text               c_w.l(exit.o)
    0x0000063c   0x00000008   Code   RO         1188    .text               c_w.l(libspace.o)
    0x00000644   0x0000000c   Code   RO         1244    .text               c_w.l(sys_exit.o)
    0x00000650   0x00000002   Code   RO         1263    .text               c_w.l(use_no_semi.o)
    0x00000652   0x00000000   Code   RO         1265    .text               c_w.l(indicate_semi.o)
    0x00000652   0x00000002   PAD
    0x00000654   0x00000020   Code   RO          878    i.Clear_Channel_active_flag  gpdma_lpc17xx.o
    0x00000674   0x00000180   Code   RO          879    i.DMA_IRQHandler    gpdma_lpc17xx.o
    0x000007f4   0x00000030   Code   RO          114    i.GLCD_ClearScreen  glcd_mcb1700.o
    0x00000824   0x000000d0   Code   RO          117    i.GLCD_DrawChar     glcd_mcb1700.o
    0x000008f4   0x0000002c   Code   RO          121    i.GLCD_DrawString   glcd_mcb1700.o
    0x00000920   0x000005b6   Code   RO          125    i.GLCD_Initialize   glcd_mcb1700.o
    0x00000ed6   0x00000002   PAD
    0x00000ed8   0x00000010   Code   RO          127    i.GLCD_SetFont      glcd_mcb1700.o
    0x00000ee8   0x000000ac   Code   RO          129    i.GLCD_SetWindow    glcd_mcb1700.o
    0x00000f94   0x00000012   Code   RO          132    i.GLCD_WindowMax    glcd_mcb1700.o
    0x00000fa6   0x00000002   PAD
    0x00000fa8   0x000000f4   Code   RO          880    i.GPDMA_ChannelConfigure  gpdma_lpc17xx.o
    0x0000109c   0x00000030   Code   RO          881    i.GPDMA_ChannelDisable  gpdma_lpc17xx.o
    0x000010cc   0x00000030   Code   RO          883    i.GPDMA_ChannelGetCount  gpdma_lpc17xx.o
    0x000010fc   0x000000a0   Code   RO          885    i.GPDMA_Initialize  gpdma_lpc17xx.o
    0x0000119c   0x00000044   Code   RO          886    i.GPDMA_PeripheralSelect  gpdma_lpc17xx.o
    0x000011e0   0x00000058   Code   RO          887    i.GPDMA_Uninitialize  gpdma_lpc17xx.o
    0x00001238   0x00000020   Code   RO          968    i.GPIO_PinRead      gpio_lpc17xx.o
    0x00001258   0x00000028   Code   RO          969    i.GPIO_PinWrite     gpio_lpc17xx.o
    0x00001280   0x0000002c   Code   RO          970    i.GPIO_PortClock    gpio_lpc17xx.o
    0x000012ac   0x00000038   Code   RO          973    i.GPIO_SetDir       gpio_lpc17xx.o
    0x000012e4   0x00000040   Code   RO          318    i.GetI2CClockFreq   i2c_lpc17xx.o
    0x00001324   0x00000044   Code   RO          511    i.GetSSPClockFreq   ssp_lpc17xx.o
    0x00001368   0x00000044   Code   RO          685    i.GetUsartClockFreq  uart_lpc17xx.o
    0x000013ac   0x00000018   Code   RO          319    i.I2C0_Control      i2c_lpc17xx.o
    0x000013c4   0x00000010   Code   RO          320    i.I2C0_GetDataCount  i2c_lpc17xx.o
    0x000013d4   0x00000010   Code   RO          321    i.I2C0_GetStatus    i2c_lpc17xx.o
    0x000013e4   0x00000010   Code   RO          322    i.I2C0_IRQHandler   i2c_lpc17xx.o
    0x000013f4   0x00000014   Code   RO          323    i.I2C0_Initialize   i2c_lpc17xx.o
    0x00001408   0x00000020   Code   RO          324    i.I2C0_MasterReceive  i2c_lpc17xx.o
    0x00001428   0x00000020   Code   RO          325    i.I2C0_MasterTransmit  i2c_lpc17xx.o
    0x00001448   0x00000014   Code   RO          326    i.I2C0_PowerControl  i2c_lpc17xx.o
    0x0000145c   0x00000018   Code   RO          327    i.I2C0_SlaveReceive  i2c_lpc17xx.o
    0x00001474   0x00000018   Code   RO          328    i.I2C0_SlaveTransmit  i2c_lpc17xx.o
    0x0000148c   0x00000010   Code   RO          329    i.I2C0_Uninitialize  i2c_lpc17xx.o
    0x0000149c   0x0000000c   Code   RO          330    i.I2C_GetCapabilities  i2c_lpc17xx.o
    0x000014a8   0x00000010   Code   RO          331    i.I2C_GetVersion    i2c_lpc17xx.o
    0x000014b8   0x0000018c   Code   RO          332    i.I2Cx_Control      i2c_lpc17xx.o
    0x00001644   0x00000008   Code   RO          333    i.I2Cx_GetDataCount  i2c_lpc17xx.o
    0x0000164c   0x00000008   Code   RO          334    i.I2Cx_GetStatus    i2c_lpc17xx.o
    0x00001654   0x00000030   Code   RO          335    i.I2Cx_IRQHandler   i2c_lpc17xx.o
    0x00001684   0x0000004e   Code   RO          336    i.I2Cx_Initialize   i2c_lpc17xx.o
    0x000016d2   0x000001ce   Code   RO          337    i.I2Cx_MasterHandler  i2c_lpc17xx.o
    0x000018a0   0x000000ce   Code   RO          338    i.I2Cx_MasterReceive  i2c_lpc17xx.o
    0x0000196e   0x000000cc   Code   RO          339    i.I2Cx_MasterTransmit  i2c_lpc17xx.o
    0x00001a3a   0x00000140   Code   RO          340    i.I2Cx_PowerControl  i2c_lpc17xx.o
    0x00001b7a   0x000001d4   Code   RO          341    i.I2Cx_SlaveHandler  i2c_lpc17xx.o
    0x00001d4e   0x00000074   Code   RO          342    i.I2Cx_SlaveReceive  i2c_lpc17xx.o
    0x00001dc2   0x00000074   Code   RO          343    i.I2Cx_SlaveTransmit  i2c_lpc17xx.o
    0x00001e36   0x00000030   Code   RO          344    i.I2Cx_Uninitialize  i2c_lpc17xx.o
    0x00001e66   0x00000002   PAD
    0x00001e68   0x0000002c   Code   RO            4    i.Init_I2C          main.o
    0x00001e94   0x00000038   Code   RO            5    i.Init_UART         main.o
    0x00001ecc   0x00000018   Code   RO          345    i.NVIC_ClearPendingIRQ  i2c_lpc17xx.o
    0x00001ee4   0x00000018   Code   RO          512    i.NVIC_ClearPendingIRQ  ssp_lpc17xx.o
    0x00001efc   0x00000018   Code   RO          686    i.NVIC_ClearPendingIRQ  uart_lpc17xx.o
    0x00001f14   0x00000018   Code   RO          888    i.NVIC_ClearPendingIRQ  gpdma_lpc17xx.o
    0x00001f2c   0x00000018   Code   RO          346    i.NVIC_DisableIRQ   i2c_lpc17xx.o
    0x00001f44   0x00000016   Code   RO          347    i.NVIC_EnableIRQ    i2c_lpc17xx.o
    0x00001f5a   0x00000002   PAD
    0x00001f5c   0x000000fc   Code   RO         1022    i.PIN_Configure     pin_lpc17xx.o
    0x00002058   0x00000020   Code   RO         1023    i.PIN_ConfigureI2C0Pins  pin_lpc17xx.o
    0x00002078   0x00000018   Code   RO          513    i.SSP1_Control      ssp_lpc17xx.o
    0x00002090   0x00000014   Code   RO          514    i.SSP1_GPDMA_Rx_SignalEvent  ssp_lpc17xx.o
    0x000020a4   0x00000014   Code   RO          515    i.SSP1_GPDMA_Tx_SignalEvent  ssp_lpc17xx.o
    0x000020b8   0x00000010   Code   RO          516    i.SSP1_GetDataCount  ssp_lpc17xx.o
    0x000020c8   0x00000010   Code   RO          517    i.SSP1_GetStatus    ssp_lpc17xx.o
    0x000020d8   0x00000010   Code   RO          518    i.SSP1_IRQHandler   ssp_lpc17xx.o
    0x000020e8   0x00000014   Code   RO          519    i.SSP1_Initialize   ssp_lpc17xx.o
    0x000020fc   0x00000014   Code   RO          520    i.SSP1_PowerControl  ssp_lpc17xx.o
    0x00002110   0x00000018   Code   RO          521    i.SSP1_Receive      ssp_lpc17xx.o
    0x00002128   0x00000018   Code   RO          522    i.SSP1_Send         ssp_lpc17xx.o
    0x00002140   0x0000001c   Code   RO          523    i.SSP1_Transfer     ssp_lpc17xx.o
    0x0000215c   0x00000010   Code   RO          524    i.SSP1_Uninitialize  ssp_lpc17xx.o
    0x0000216c   0x0000000c   Code   RO          525    i.SSP_GetCapabilities  ssp_lpc17xx.o
    0x00002178   0x00000010   Code   RO          526    i.SSP_GetVersion    ssp_lpc17xx.o
    0x00002188   0x0000051e   Code   RO          527    i.SSPx_Control      ssp_lpc17xx.o
    0x000026a6   0x00000036   Code   RO          528    i.SSPx_GPDMA_Rx_SignalEvent  ssp_lpc17xx.o
    0x000026dc   0x0000001c   Code   RO          529    i.SSPx_GPDMA_Tx_SignalEvent  ssp_lpc17xx.o
    0x000026f8   0x0000002c   Code   RO          530    i.SSPx_GetDataCount  ssp_lpc17xx.o
    0x00002724   0x0000002c   Code   RO          531    i.SSPx_GetStatus    ssp_lpc17xx.o
    0x00002750   0x00000104   Code   RO          532    i.SSPx_IRQHandler   ssp_lpc17xx.o
    0x00002854   0x000000a8   Code   RO          533    i.SSPx_Initialize   ssp_lpc17xx.o
    0x000028fc   0x0000018c   Code   RO          534    i.SSPx_PowerControl  ssp_lpc17xx.o
    0x00002a88   0x0000015c   Code   RO          535    i.SSPx_Receive      ssp_lpc17xx.o
    0x00002be4   0x00000154   Code   RO          536    i.SSPx_Send         ssp_lpc17xx.o
    0x00002d38   0x00000152   Code   RO          537    i.SSPx_Transfer     ssp_lpc17xx.o
    0x00002e8a   0x00000070   Code   RO          538    i.SSPx_Uninitialize  ssp_lpc17xx.o
    0x00002efa   0x00000002   PAD
    0x00002efc   0x00000038   Code   RO          889    i.Set_Channel_active_flag  gpdma_lpc17xx.o
    0x00002f34   0x00000140   Code   RO         1069    i.SystemInit        system_lpc17xx.o
    0x00003074   0x00000010   Code   RO          687    i.UART1_IRQHandler  uart_lpc17xx.o
    0x00003084   0x00000018   Code   RO          688    i.USART1_Control    uart_lpc17xx.o
    0x0000309c   0x00000010   Code   RO          689    i.USART1_GetCapabilities  uart_lpc17xx.o
    0x000030ac   0x00000010   Code   RO          690    i.USART1_GetModemStatus  uart_lpc17xx.o
    0x000030bc   0x00000010   Code   RO          691    i.USART1_GetRxCount  uart_lpc17xx.o
    0x000030cc   0x00000010   Code   RO          692    i.USART1_GetStatus  uart_lpc17xx.o
    0x000030dc   0x00000010   Code   RO          693    i.USART1_GetTxCount  uart_lpc17xx.o
    0x000030ec   0x00000014   Code   RO          694    i.USART1_Initialize  uart_lpc17xx.o
    0x00003100   0x00000014   Code   RO          695    i.USART1_PowerControl  uart_lpc17xx.o
    0x00003114   0x00000018   Code   RO          696    i.USART1_Receive    uart_lpc17xx.o
    0x0000312c   0x00000018   Code   RO          697    i.USART1_Send       uart_lpc17xx.o
    0x00003144   0x00000014   Code   RO          698    i.USART1_SetModemControl  uart_lpc17xx.o
    0x00003158   0x0000001c   Code   RO          699    i.USART1_Transfer   uart_lpc17xx.o
    0x00003174   0x00000010   Code   RO          700    i.USART1_Uninitialize  uart_lpc17xx.o
    0x00003184   0x00000670   Code   RO          701    i.USART_Control     uart_lpc17xx.o
    0x000037f4   0x00000006   Code   RO          702    i.USART_GetCapabilities  uart_lpc17xx.o
    0x000037fa   0x000000b2   Code   RO          703    i.USART_GetModemStatus  uart_lpc17xx.o
    0x000038ac   0x0000001c   Code   RO          704    i.USART_GetRxCount  uart_lpc17xx.o
    0x000038c8   0x0000005e   Code   RO          705    i.USART_GetStatus   uart_lpc17xx.o
    0x00003926   0x0000001c   Code   RO          706    i.USART_GetTxCount  uart_lpc17xx.o
    0x00003942   0x0000026c   Code   RO          707    i.USART_IRQHandler  uart_lpc17xx.o
    0x00003bae   0x000000fe   Code   RO          708    i.USART_Initialize  uart_lpc17xx.o
    0x00003cac   0x00000224   Code   RO          709    i.USART_PowerControl  uart_lpc17xx.o
    0x00003ed0   0x00000110   Code   RO          710    i.USART_Receive     uart_lpc17xx.o
    0x00003fe0   0x00000068   Code   RO          711    i.USART_RxLineIntHandler  uart_lpc17xx.o
    0x00004048   0x0000019c   Code   RO          712    i.USART_Send        uart_lpc17xx.o
    0x000041e4   0x00000134   Code   RO          713    i.USART_SetBaudrate  uart_lpc17xx.o
    0x00004318   0x000000a0   Code   RO          714    i.USART_SetModemControl  uart_lpc17xx.o
    0x000043b8   0x0000007a   Code   RO          715    i.USART_Transfer    uart_lpc17xx.o
    0x00004432   0x000000e2   Code   RO          716    i.USART_Uninitialize  uart_lpc17xx.o
    0x00004514   0x00000010   Code   RO          717    i.USARTx_GetVersion  uart_lpc17xx.o
    0x00004524   0x0000000e   Code   RO         1125    i._is_digit         c_w.l(__printf_wp.o)
    0x00004532   0x00000002   PAD
    0x00004534   0x0000002c   Code   RO          133    i.delay_ms          glcd_mcb1700.o
    0x00004560   0x00000160   Code   RO            6    i.main              main.o
    0x000046c0   0x00000044   Code   RO          134    i.rd_dat            glcd_mcb1700.o
    0x00004704   0x000000c8   Code   RO          135    i.rd_id_man         glcd_mcb1700.o
    0x000047cc   0x00000010   Code   RO          136    i.rd_reg            glcd_mcb1700.o
    0x000047dc   0x0000002c   Code   RO          137    i.spi_tran          glcd_mcb1700.o
    0x00004808   0x00000088   Code   RO          138    i.spi_tran_man      glcd_mcb1700.o
    0x00004890   0x000000f0   Code   RO            7    i.trigger_signal    main.o
    0x00004980   0x0000004c   Code   RO          139    i.wr_cmd            glcd_mcb1700.o
    0x000049cc   0x00000034   Code   RO          141    i.wr_dat_only       glcd_mcb1700.o
    0x00004a00   0x00000018   Code   RO          142    i.wr_dat_start      glcd_mcb1700.o
    0x00004a18   0x00000014   Code   RO          143    i.wr_dat_stop       glcd_mcb1700.o
    0x00004a2c   0x00000090   Code   RO          144    i.wr_reg            glcd_mcb1700.o
    0x00004abc   0x000018a0   Data   RO          102    .constdata          glcd_fonts.o
    0x0000635c   0x00000064   Data   RO          349    .constdata          i2c_lpc17xx.o
    0x000063c0   0x0000007c   Data   RO          540    .constdata          ssp_lpc17xx.o
    0x0000643c   0x000001c0   Data   RO          719    .constdata          uart_lpc17xx.o
    0x000065fc   0x00000030   Data   RO         1315    Region$$Table       anon$$obj.o


    Execution Region RW_IRAM1 (Base: 0x10000000, Size: 0x00004000, Max: 0x00008000, ABSOLUTE)

    Base Addr    Size         Type   Attr      Idx    E Section Name        Object

    0x10000000   0x00004000   Zero   RW         1055    STACK               startup_lpc17xx.o


    Execution Region RW_IRAM2 (Base: 0x2007c000, Size: 0x000001b8, Max: 0x00008000, ABSOLUTE)

    Base Addr    Size         Type   Attr      Idx    E Section Name        Object

    0x2007c000   0x00000011   Data   RW          145    .data               glcd_mcb1700.o
    0x2007c011   0x00000004   Data   RW          350    .data               i2c_lpc17xx.o
    0x2007c015   0x00000003   PAD
    0x2007c018   0x00000010   Data   RW          541    .data               ssp_lpc17xx.o
    0x2007c028   0x00000004   Data   RW          720    .data               uart_lpc17xx.o
    0x2007c02c   0x00000008   Data   RW          891    .data               gpdma_lpc17xx.o
    0x2007c034   0x00000004   Data   RW         1070    .data               system_lpc17xx.o
    0x2007c038   0x00000024   Zero   RW          348    .bss                i2c_lpc17xx.o
    0x2007c05c   0x00000028   Zero   RW          539    .bss                ssp_lpc17xx.o
    0x2007c084   0x00000034   Zero   RW          718    .bss                uart_lpc17xx.o
    0x2007c0b8   0x000000a0   Zero   RW          890    .bss                gpdma_lpc17xx.o
    0x2007c158   0x00000060   Zero   RW         1189    .bss                c_w.l(libspace.o)
    0x2007c1b8   0x00000000   Zero   RW         1056    HEAP                startup_lpc17xx.o


==============================================================================

Image component sizes


      Code (inc. data)   RO Data    RW Data    ZI Data      Debug   Object Name

         0          0       6304          0          0        736   glcd_fonts.o
      2792         98          0         17          0      17398   glcd_mcb1700.o
      1152         96          0          8        160       8014   gpdma_lpc17xx.o
       172         18          0          0          0       2294   gpio_lpc17xx.o
      2880        132        100          4         36      45388   i2c_lpc17xx.o
       692         60          0          0          0      32647   main.o
       284         10          0          0          0       1464   pin_lpc17xx.o
      3806        104        124         16         40      26552   ssp_lpc17xx.o
        64         26        204          0      16384        984   startup_lpc17xx.o
       320         18          0          4          0        795   system_lpc17xx.o
      5388        142        448          4         52      30271   uart_lpc17xx.o

    ----------------------------------------------------------------------
     17560        704       7228         56      16672     166543   Object Totals
         0          0         48          0          0          0   (incl. Generated)
        10          0          0          3          0          0   (incl. Padding)

    ----------------------------------------------------------------------

      Code (inc. data)   RO Data    RW Data    ZI Data      Debug   Library Member Name

         8          0          0          0          0         68   __main.o
       284          0          0          0          0        156   __printf_wp.o
         0          0          0          0          0          0   __rtentry.o
        12          0          0          0          0          0   __rtentry2.o
         6          0          0          0          0          0   __rtentry4.o
        52          8          0          0          0          0   __scatter.o
        26          0          0          0          0          0   __scatter_copy.o
        28          0          0          0          0          0   __scatter_zi.o
        48          6          0          0          0         96   _printf_char_common.o
         6          0          0          0          0          0   _printf_d.o
       120         16          0          0          0         92   _printf_dec.o
       178          0          0          0          0         88   _printf_intcommon.o
        78          0          0          0          0        108   _printf_pad.o
         0          0          0          0          0          0   _printf_percent.o
         4          0          0          0          0          0   _printf_percent_end.o
        10          0          0          0          0         68   _sputc.o
        18          0          0          0          0         80   exit.o
         6          0          0          0          0        152   heapauxi.o
         0          0          0          0          0          0   indicate_semi.o
         2          0          0          0          0          0   libinit.o
         2          0          0          0          0          0   libinit2.o
         2          0          0          0          0          0   libshutdown.o
         2          0          0          0          0          0   libshutdown2.o
         8          4          0          0         96         68   libspace.o
       238          0          0          0          0        100   lludivv7m.o
        40          6          0          0          0         84   noretval__2sprintf.o
        78          0          0          0          0         80   rt_memclr_w.o
         2          0          0          0          0          0   rtexit.o
        10          0          0          0          0          0   rtexit2.o
        12          4          0          0          0         68   sys_exit.o
        74          0          0          0          0         80   sys_stackheap_outer.o
         2          0          0          0          0         68   use_no_semi.o

    ----------------------------------------------------------------------
      1368         44          0          0         96       1456   Library Totals
        12          0          0          0          0          0   (incl. Padding)

    ----------------------------------------------------------------------

      Code (inc. data)   RO Data    RW Data    ZI Data      Debug   Library Name

      1356         44          0          0         96       1456   c_w.l

    ----------------------------------------------------------------------
      1368         44          0          0         96       1456   Library Totals

    ----------------------------------------------------------------------

==============================================================================


      Code (inc. data)   RO Data    RW Data    ZI Data      Debug   

     18928        748       7228         56      16768     160715   Grand Totals
     18928        748       7228         56      16768     160715   ELF Image Totals
     18928        748       7228         56          0          0   ROM Totals

==============================================================================

    Total RO  Size (Code + RO Data)                26156 (  25.54kB)
    Total RW  Size (RW Data + ZI Data)             16824 (  16.43kB)
    Total ROM Size (Code + RO Data + RW Data)      26212 (  25.60kB)

==============================================================================

