Component: ARM Compiler 5.06 update 1 (build 61) Tool: armlink [4d35a8]

==============================================================================

Section Cross References

    main.o(i.Init_UART) refers to uart_lpc17xx.o(.constdata) for Driver_USART1
    main.o(i.main) refers to main.o(i.Init_UART) for Init_UART
    main.o(i.main) refers to uart_lpc17xx.o(.constdata) for Driver_USART1
    i2c_lpc17xx.o(i.GetI2CClockFreq) refers to system_lpc17xx.o(.data) for SystemCoreClock
    i2c_lpc17xx.o(i.I2C0_Control) refers to i2c_lpc17xx.o(i.I2Cx_Control) for I2Cx_Control
    i2c_lpc17xx.o(i.I2C0_Control) refers to i2c_lpc17xx.o(.constdata) for I2C0_Resources
    i2c_lpc17xx.o(i.I2C0_GetDataCount) refers to i2c_lpc17xx.o(i.I2Cx_GetDataCount) for I2Cx_GetDataCount
    i2c_lpc17xx.o(i.I2C0_GetDataCount) refers to i2c_lpc17xx.o(.constdata) for I2C0_Resources
    i2c_lpc17xx.o(i.I2C0_GetStatus) refers to i2c_lpc17xx.o(i.I2Cx_GetStatus) for I2Cx_GetStatus
    i2c_lpc17xx.o(i.I2C0_GetStatus) refers to i2c_lpc17xx.o(.constdata) for I2C0_Resources
    i2c_lpc17xx.o(i.I2C0_IRQHandler) refers to i2c_lpc17xx.o(i.I2Cx_IRQHandler) for I2Cx_IRQHandler
    i2c_lpc17xx.o(i.I2C0_IRQHandler) refers to i2c_lpc17xx.o(.constdata) for I2C0_Resources
    i2c_lpc17xx.o(i.I2C0_Initialize) refers to i2c_lpc17xx.o(i.I2Cx_Initialize) for I2Cx_Initialize
    i2c_lpc17xx.o(i.I2C0_Initialize) refers to i2c_lpc17xx.o(.constdata) for I2C0_Resources
    i2c_lpc17xx.o(i.I2C0_MasterReceive) refers to i2c_lpc17xx.o(i.I2Cx_MasterReceive) for I2Cx_MasterReceive
    i2c_lpc17xx.o(i.I2C0_MasterReceive) refers to i2c_lpc17xx.o(.constdata) for I2C0_Resources
    i2c_lpc17xx.o(i.I2C0_MasterTransmit) refers to i2c_lpc17xx.o(i.I2Cx_MasterTransmit) for I2Cx_MasterTransmit
    i2c_lpc17xx.o(i.I2C0_MasterTransmit) refers to i2c_lpc17xx.o(.constdata) for I2C0_Resources
    i2c_lpc17xx.o(i.I2C0_PowerControl) refers to i2c_lpc17xx.o(i.I2Cx_PowerControl) for I2Cx_PowerControl
    i2c_lpc17xx.o(i.I2C0_PowerControl) refers to i2c_lpc17xx.o(.constdata) for I2C0_Resources
    i2c_lpc17xx.o(i.I2C0_SlaveReceive) refers to i2c_lpc17xx.o(i.I2Cx_SlaveReceive) for I2Cx_SlaveReceive
    i2c_lpc17xx.o(i.I2C0_SlaveReceive) refers to i2c_lpc17xx.o(.constdata) for I2C0_Resources
    i2c_lpc17xx.o(i.I2C0_SlaveTransmit) refers to i2c_lpc17xx.o(i.I2Cx_SlaveTransmit) for I2Cx_SlaveTransmit
    i2c_lpc17xx.o(i.I2C0_SlaveTransmit) refers to i2c_lpc17xx.o(.constdata) for I2C0_Resources
    i2c_lpc17xx.o(i.I2C0_Uninitialize) refers to i2c_lpc17xx.o(i.I2Cx_Uninitialize) for I2Cx_Uninitialize
    i2c_lpc17xx.o(i.I2C0_Uninitialize) refers to i2c_lpc17xx.o(.constdata) for I2C0_Resources
    i2c_lpc17xx.o(i.I2C_GetCapabilities) refers to i2c_lpc17xx.o(.constdata) for DriverCapabilities
    i2c_lpc17xx.o(i.I2C_GetVersion) refers to i2c_lpc17xx.o(.constdata) for DriverVersion
    i2c_lpc17xx.o(i.I2Cx_Control) refers to i2c_lpc17xx.o(i.GetI2CClockFreq) for GetI2CClockFreq
    i2c_lpc17xx.o(i.I2Cx_Control) refers to pin_lpc17xx.o(i.PIN_ConfigureI2C0Pins) for PIN_ConfigureI2C0Pins
    i2c_lpc17xx.o(i.I2Cx_Control) refers to i2c_lpc17xx.o(i.NVIC_DisableIRQ) for NVIC_DisableIRQ
    i2c_lpc17xx.o(i.I2Cx_Control) refers to i2c_lpc17xx.o(i.NVIC_ClearPendingIRQ) for NVIC_ClearPendingIRQ
    i2c_lpc17xx.o(i.I2Cx_Control) refers to i2c_lpc17xx.o(i.NVIC_EnableIRQ) for NVIC_EnableIRQ
    i2c_lpc17xx.o(i.I2Cx_IRQHandler) refers to i2c_lpc17xx.o(i.I2Cx_MasterHandler) for I2Cx_MasterHandler
    i2c_lpc17xx.o(i.I2Cx_IRQHandler) refers to i2c_lpc17xx.o(i.I2Cx_SlaveHandler) for I2Cx_SlaveHandler
    i2c_lpc17xx.o(i.I2Cx_Initialize) refers to pin_lpc17xx.o(i.PIN_Configure) for PIN_Configure
    i2c_lpc17xx.o(i.I2Cx_Initialize) refers to rt_memclr_w.o(.text) for __aeabi_memclr4
    i2c_lpc17xx.o(i.I2Cx_MasterHandler) refers to i2c_lpc17xx.o(i.NVIC_DisableIRQ) for NVIC_DisableIRQ
    i2c_lpc17xx.o(i.I2Cx_MasterReceive) refers to i2c_lpc17xx.o(i.NVIC_DisableIRQ) for NVIC_DisableIRQ
    i2c_lpc17xx.o(i.I2Cx_MasterReceive) refers to i2c_lpc17xx.o(i.NVIC_EnableIRQ) for NVIC_EnableIRQ
    i2c_lpc17xx.o(i.I2Cx_MasterTransmit) refers to i2c_lpc17xx.o(i.NVIC_DisableIRQ) for NVIC_DisableIRQ
    i2c_lpc17xx.o(i.I2Cx_MasterTransmit) refers to i2c_lpc17xx.o(i.NVIC_EnableIRQ) for NVIC_EnableIRQ
    i2c_lpc17xx.o(i.I2Cx_PowerControl) refers to i2c_lpc17xx.o(i.NVIC_DisableIRQ) for NVIC_DisableIRQ
    i2c_lpc17xx.o(i.I2Cx_PowerControl) refers to i2c_lpc17xx.o(i.NVIC_ClearPendingIRQ) for NVIC_ClearPendingIRQ
    i2c_lpc17xx.o(i.I2Cx_PowerControl) refers to i2c_lpc17xx.o(i.NVIC_EnableIRQ) for NVIC_EnableIRQ
    i2c_lpc17xx.o(i.I2Cx_SlaveHandler) refers to i2c_lpc17xx.o(i.NVIC_DisableIRQ) for NVIC_DisableIRQ
    i2c_lpc17xx.o(i.I2Cx_SlaveReceive) refers to i2c_lpc17xx.o(i.NVIC_DisableIRQ) for NVIC_DisableIRQ
    i2c_lpc17xx.o(i.I2Cx_SlaveReceive) refers to i2c_lpc17xx.o(i.NVIC_EnableIRQ) for NVIC_EnableIRQ
[...]
    uart_lpc17xx.o(i.USART1_GetRxCount) refers to uart_lpc17xx.o(i.USART_GetRxCount) for USART_GetRxCount
    uart_lpc17xx.o(i.USART1_GetRxCount) refers to uart_lpc17xx.o(.constdata) for USART1_Resources
    uart_lpc17xx.o(i.USART1_GetStatus) refers to uart_lpc17xx.o(i.USART_GetStatus) for USART_GetStatus
    uart_lpc17xx.o(i.USART1_GetStatus) refers to uart_lpc17xx.o(.constdata) for USART1_Resources
    uart_lpc17xx.o(i.USART1_GetTxCount) refers to uart_lpc17xx.o(i.USART_GetTxCount) for USART_GetTxCount
    uart_lpc17xx.o(i.USART1_GetTxCount) refers to uart_lpc17xx.o(.constdata) for USART1_Resources
    uart_lpc17xx.o(i.USART1_Initialize) refers to uart_lpc17xx.o(i.USART_Initialize) for USART_Initialize
    uart_lpc17xx.o(i.USART1_Initialize) refers to uart_lpc17xx.o(.constdata) for USART1_Resources
    uart_lpc17xx.o(i.USART1_PowerControl) refers to uart_lpc17xx.o(i.USART_PowerControl) for USART_PowerControl
    uart_lpc17xx.o(i.USART1_PowerControl) refers to uart_lpc17xx.o(.constdata) for USART1_Resources
    uart_lpc17xx.o(i.USART1_Receive) refers to uart_lpc17xx.o(i.USART_Receive) for USART_Receive
    uart_lpc17xx.o(i.USART1_Receive) refers to uart_lpc17xx.o(.constdata) for USART1_Resources
    uart_lpc17xx.o(i.USART1_Send) refers to uart_lpc17xx.o(i.USART_Send) for USART_Send
    uart_lpc17xx.o(i.USART1_Send) refers to uart_lpc17xx.o(.constdata) for USART1_Resources
    uart_lpc17xx.o(i.USART1_SetModemControl) refers to uart_lpc17xx.o(i.USART_SetModemControl) for USART_SetModemControl
    uart_lpc17xx.o(i.USART1_SetModemControl) refers to uart_lpc17xx.o(.constdata) for USART1_Resources
    uart_lpc17xx.o(i.USART1_Transfer) refers to uart_lpc17xx.o(i.USART_Transfer) for USART_Transfer
    uart_lpc17xx.o(i.USART1_Transfer) refers to uart_lpc17xx.o(.constdata) for USART1_Resources
    uart_lpc17xx.o(i.USART1_Uninitialize) refers to uart_lpc17xx.o(i.USART_Uninitialize) for USART_Uninitialize
    uart_lpc17xx.o(i.USART1_Uninitialize) refers to uart_lpc17xx.o(.constdata) for USART1_Resources
    uart_lpc17xx.o(i.USART_Control) refers to pin_lpc17xx.o(i.PIN_Configure) for PIN_Configure
    uart_lpc17xx.o(i.USART_Control) refers to gpdma_lpc17xx.o(i.GPDMA_ChannelDisable) for GPDMA_ChannelDisable
    uart_lpc17xx.o(i.USART_Control) refers to uart_lpc17xx.o(i.GetUsartClockFreq) for GetUsartClockFreq
    uart_lpc17xx.o(i.USART_Control) refers to uart_lpc17xx.o(i.USART_SetBaudrate) for USART_SetBaudrate
    uart_lpc17xx.o(i.USART_GetRxCount) refers to gpdma_lpc17xx.o(i.GPDMA_ChannelGetCount) for GPDMA_ChannelGetCount
    uart_lpc17xx.o(i.USART_GetTxCount) refers to gpdma_lpc17xx.o(i.GPDMA_ChannelGetCount) for GPDMA_ChannelGetCount
    uart_lpc17xx.o(i.USART_IRQHandler) refers to uart_lpc17xx.o(i.USART_RxLineIntHandler) for USART_RxLineIntHandler
    uart_lpc17xx.o(i.USART_Initialize) refers to pin_lpc17xx.o(i.PIN_Configure) for PIN_Configure
    uart_lpc17xx.o(i.USART_Initialize) refers to gpdma_lpc17xx.o(i.GPDMA_Initialize) for GPDMA_Initialize
    uart_lpc17xx.o(i.USART_PowerControl) refers to pin_lpc17xx.o(i.PIN_Configure) for PIN_Configure
    uart_lpc17xx.o(i.USART_PowerControl) refers to gpdma_lpc17xx.o(i.GPDMA_ChannelDisable) for GPDMA_ChannelDisable
    uart_lpc17xx.o(i.USART_PowerControl) refers to uart_lpc17xx.o(i.NVIC_ClearPendingIRQ) for NVIC_ClearPendingIRQ
    uart_lpc17xx.o(i.USART_Receive) refers to gpdma_lpc17xx.o(i.GPDMA_PeripheralSelect) for GPDMA_PeripheralSelect
    uart_lpc17xx.o(i.USART_Receive) refers to gpdma_lpc17xx.o(i.GPDMA_ChannelConfigure) for GPDMA_ChannelConfigure
    uart_lpc17xx.o(i.USART_Receive) refers to uart_lpc17xx.o(i.USART_Send) for USART_Send
    uart_lpc17xx.o(i.USART_Send) refers to uart_lpc17xx.o(i.USART_Receive) for USART_Receive
    uart_lpc17xx.o(i.USART_Send) refers to gpdma_lpc17xx.o(i.GPDMA_PeripheralSelect) for GPDMA_PeripheralSelect
    uart_lpc17xx.o(i.USART_Send) refers to gpdma_lpc17xx.o(i.GPDMA_ChannelConfigure) for GPDMA_ChannelConfigure
    uart_lpc17xx.o(i.USART_SetBaudrate) refers to uart_lpc17xx.o(i.GetUsartClockFreq) for GetUsartClockFreq
    uart_lpc17xx.o(i.USART_SetBaudrate) refers to lludivv7m.o(.text) for __aeabi_uldivmod
    uart_lpc17xx.o(i.USART_SetBaudrate) refers to uart_lpc17xx.o(.constdata) for fract_div_lookup_table
    uart_lpc17xx.o(i.USART_Transfer) refers to uart_lpc17xx.o(i.USART_Receive) for USART_Receive
    uart_lpc17xx.o(i.USART_Transfer) refers to uart_lpc17xx.o(i.USART_Send) for USART_Send
    uart_lpc17xx.o(i.USART_Uninitialize) refers to pin_lpc17xx.o(i.PIN_Configure) for PIN_Configure
    uart_lpc17xx.o(i.USART_Uninitialize) refers to gpdma_lpc17xx.o(i.GPDMA_Uninitialize) for GPDMA_Uninitialize
    uart_lpc17xx.o(i.USARTx_GetVersion) refers to uart_lpc17xx.o(.constdata) for usart_driver_version
    uart_lpc17xx.o(.constdata) refers to uart_lpc17xx.o(i.USART1_GPDMA_Tx_Event) for USART1_GPDMA_Tx_Event
    uart_lpc17xx.o(.constdata) refers to uart_lpc17xx.o(i.USART1_GPDMA_Rx_Event) for USART1_GPDMA_Rx_Event
    uart_lpc17xx.o(.constdata) refers to uart_lpc17xx.o(.data) for USART1_pin_tx
    uart_lpc17xx.o(.constdata) refers to uart_lpc17xx.o(.bss) for USART1_Info
    uart_lpc17xx.o(.constdata) refers to uart_lpc17xx.o(i.USARTx_GetVersion) for USARTx_GetVersion
    uart_lpc17xx.o(.constdata) refers to uart_lpc17xx.o(i.USART1_GetCapabilities) for USART1_GetCapabilities
    uart_lpc17xx.o(.constdata) refers to uart_lpc17xx.o(i.USART1_Initialize) for USART1_Initialize
    uart_lpc17xx.o(.constdata) refers to uart_lpc17xx.o(i.USART1_Uninitialize) for USART1_Uninitialize
    uart_lpc17xx.o(.constdata) refers to uart_lpc17xx.o(i.USART1_PowerControl) for USART1_PowerControl
    uart_lpc17xx.o(.constdata) refers to uart_lpc17xx.o(i.USART1_Send) for USART1_Send
    uart_lpc17xx.o(.constdata) refers to uart_lpc17xx.o(i.USART1_Receive) for USART1_Receive
    uart_lpc17xx.o(.constdata) refers to uart_lpc17xx.o(i.USART1_Transfer) for USART1_Transfer
    uart_lpc17xx.o(.constdata) refers to uart_lpc17xx.o(i.USART1_GetTxCount) for USART1_GetTxCount
    uart_lpc17xx.o(.constdata) refers to uart_lpc17xx.o(i.USART1_GetRxCount) for USART1_GetRxCount
    uart_lpc17xx.o(.constdata) refers to uart_lpc17xx.o(i.USART1_Control) for USART1_Control
    uart_lpc17xx.o(.constdata) refers to uart_lpc17xx.o(i.USART1_GetStatus) for USART1_GetStatus
    uart_lpc17xx.o(.constdata) refers to uart_lpc17xx.o(i.USART1_SetModemControl) for USART1_SetModemControl
    uart_lpc17xx.o(.constdata) refers to uart_lpc17xx.o(i.USART1_GetModemStatus) for USART1_GetModemStatus
    gpdma_lpc17xx.o(i.Clear_Channel_active_flag) refers to gpdma_lpc17xx.o(.data) for Channel_active
    gpdma_lpc17xx.o(i.DMA_IRQHandler) refers to gpdma_lpc17xx.o(i.Clear_Channel_active_flag) for Clear_Channel_active_flag
    gpdma_lpc17xx.o(i.DMA_IRQHandler) refers to gpdma_lpc17xx.o(.bss) for Channel_info
    gpdma_lpc17xx.o(i.GPDMA_ChannelConfigure) refers to gpdma_lpc17xx.o(i.Set_Channel_active_flag) for Set_Channel_active_flag
    gpdma_lpc17xx.o(i.GPDMA_ChannelConfigure) refers to gpdma_lpc17xx.o(i.Clear_Channel_active_flag) for Clear_Channel_active_flag
    gpdma_lpc17xx.o(i.GPDMA_ChannelConfigure) refers to gpdma_lpc17xx.o(.bss) for Channel_info
    gpdma_lpc17xx.o(i.GPDMA_ChannelDisable) refers to gpdma_lpc17xx.o(i.Clear_Channel_active_flag) for Clear_Channel_active_flag
    gpdma_lpc17xx.o(i.GPDMA_ChannelEnable) refers to gpdma_lpc17xx.o(i.Set_Channel_active_flag) for Set_Channel_active_flag
    gpdma_lpc17xx.o(i.GPDMA_ChannelGetCount) refers to gpdma_lpc17xx.o(.bss) for Channel_info
    gpdma_lpc17xx.o(i.GPDMA_ChannelGetStatus) refers to gpdma_lpc17xx.o(.data) for Channel_active
    gpdma_lpc17xx.o(i.GPDMA_Initialize) refers to gpdma_lpc17xx.o(i.NVIC_ClearPendingIRQ) for NVIC_ClearPendingIRQ
    gpdma_lpc17xx.o(i.GPDMA_Initialize) refers to gpdma_lpc17xx.o(.data) for Init_cnt
    gpdma_lpc17xx.o(i.GPDMA_Initialize) refers to gpdma_lpc17xx.o(.bss) for Channel_info
    gpdma_lpc17xx.o(i.GPDMA_Uninitialize) refers to gpdma_lpc17xx.o(i.NVIC_ClearPendingIRQ) for NVIC_ClearPendingIRQ
    gpdma_lpc17xx.o(i.GPDMA_Uninitialize) refers to gpdma_lpc17xx.o(.data) for Init_cnt
    gpdma_lpc17xx.o(i.Set_Channel_active_flag) refers to gpdma_lpc17xx.o(.data) for Channel_active
    startup_lpc17xx.o(STACK) refers (Special) to heapauxi.o(.text) for __use_two_region_memory
    startup_lpc17xx.o(HEAP) refers (Special) to heapauxi.o(.text) for __use_two_region_memory
    startup_lpc17xx.o(RESET) refers (Special) to heapauxi.o(.text) for __use_two_region_memory
    startup_lpc17xx.o(RESET) refers to startup_lpc17xx.o(STACK) for __initial_sp
    startup_lpc17xx.o(RESET) refers to startup_lpc17xx.o(.text) for Reset_Handler
    startup_lpc17xx.o(RESET) refers to uart_lpc17xx.o(i.UART1_IRQHandler) for UART1_IRQHandler
    startup_lpc17xx.o(RESET) refers to i2c_lpc17xx.o(i.I2C0_IRQHandler) for I2C0_IRQHandler
    startup_lpc17xx.o(RESET) refers to gpdma_lpc17xx.o(i.DMA_IRQHandler) for DMA_IRQHandler
    startup_lpc17xx.o(.ARM.__at_0x02FC) refers (Special) to heapauxi.o(.text) for __use_two_region_memory
    startup_lpc17xx.o(.text) refers (Special) to heapauxi.o(.text) for __use_two_region_memory
    startup_lpc17xx.o(.text) refers to system_lpc17xx.o(i.SystemInit) for SystemInit
    startup_lpc17xx.o(.text) refers to __main.o(!!!main) for __main
    startup_lpc17xx.o(.text) refers to startup_lpc17xx.o(HEAP) for Heap_Mem
    startup_lpc17xx.o(.text) refers to startup_lpc17xx.o(STACK) for Stack_Mem
    system_lpc17xx.o(i.SystemCoreClockUpdate) refers to lludivv7m.o(.text) for __aeabi_uldivmod
    system_lpc17xx.o(i.SystemCoreClockUpdate) refers to system_lpc17xx.o(.data) for SystemCoreClock
    __main.o(!!!main) refers to __rtentry.o(.ARM.Collect$$rtentry$$00000000) for __rt_entry
    __rtentry.o(.ARM.Collect$$rtentry$$00000000) refers (Special) to __rtentry2.o(.ARM.Collect$$rtentry$$0000000A) for __rt_entry_li
    __rtentry.o(.ARM.Collect$$rtentry$$00000000) refers (Special) to __rtentry2.o(.ARM.Collect$$rtentry$$0000000D) for __rt_entry_main
    __rtentry.o(.ARM.Collect$$rtentry$$00000000) refers (Special) to __rtentry2.o(.ARM.Collect$$rtentry$$0000000C) for __rt_entry_postli_1
    __rtentry.o(.ARM.Collect$$rtentry$$00000000) refers (Special) to __rtentry2.o(.ARM.Collect$$rtentry$$00000009) for __rt_entry_postsh_1
    __rtentry.o(.ARM.Collect$$rtentry$$00000000) refers (Special) to __rtentry2.o(.ARM.Collect$$rtentry$$00000002) for __rt_entry_presh_1
    __rtentry.o(.ARM.Collect$$rtentry$$00000000) refers (Special) to __rtentry4.o(.ARM.Collect$$rtentry$$00000004) for __rt_entry_sh
    aeabi_ldiv0_sigfpe.o(.text) refers to rt_div0.o(.text) for __rt_div0
    __rtentry2.o(.ARM.Collect$$rtentry$$00000008) refers to boardinit2.o(.text) for _platform_post_stackheap_init
    __rtentry2.o(.ARM.Collect$$rtentry$$0000000A) refers to libinit.o(.ARM.Collect$$libinit$$00000000) for __rt_lib_init
    __rtentry2.o(.ARM.Collect$$rtentry$$0000000B) refers to boardinit3.o(.text) for _platform_post_lib_init
    __rtentry2.o(.ARM.Collect$$rtentry$$0000000D) refers to main.o(i.main) for main
    __rtentry2.o(.ARM.Collect$$rtentry$$0000000D) refers to exit.o(.text) for exit
    __rtentry2.o(.ARM.exidx) refers to __rtentry2.o(.ARM.Collect$$rtentry$$00000001) for .ARM.Collect$$rtentry$$00000001
    __rtentry2.o(.ARM.exidx) refers to __rtentry2.o(.ARM.Collect$$rtentry$$00000008) for .ARM.Collect$$rtentry$$00000008
    __rtentry2.o(.ARM.exidx) refers to __rtentry2.o(.ARM.Collect$$rtentry$$0000000A) for .ARM.Collect$$rtentry$$0000000A
    __rtentry2.o(.ARM.exidx) refers to __rtentry2.o(.ARM.Collect$$rtentry$$0000000B) for .ARM.Collect$$rtentry$$0000000B
    __rtentry2.o(.ARM.exidx) refers to __rtentry2.o(.ARM.Collect$$rtentry$$0000000D) for .ARM.Collect$$rtentry$$0000000D
    __rtentry4.o(.ARM.Collect$$rtentry$$00000004) refers to sys_stackheap_outer.o(.text) for __user_setup_stackheap
    __rtentry4.o(.ARM.exidx) refers to __rtentry4.o(.ARM.Collect$$rtentry$$00000004) for .ARM.Collect$$rtentry$$00000004
    rt_div0.o(.text) refers to defsig_fpe_outer.o(.text) for __rt_SIGFPE
    sys_stackheap_outer.o(.text) refers to libspace.o(.text) for __user_perproc_libspace
    sys_stackheap_outer.o(.text) refers to startup_lpc17xx.o(.text) for __user_initial_stackheap
    exit.o(.text) refers to rtexit.o(.ARM.Collect$$rtexit$$00000000) for __rt_exit
    defsig_fpe_outer.o(.text) refers to defsig_fpe_inner.o(.text) for __rt_SIGFPE_inner
    defsig_fpe_outer.o(.text) refers to defsig_exit.o(.text) for __sig_exit
    defsig_fpe_formal.o(.text) refers to rt_raise.o(.text) for __rt_raise
    libinit.o(.ARM.Collect$$libinit$$00000000) refers (Special) to libinit2.o(.ARM.Collect$$libinit$$0000002E) for __rt_lib_init_alloca_1
    libinit.o(.ARM.Collect$$libinit$$00000000) refers (Special) to libinit2.o(.ARM.Collect$$libinit$$0000002C) for __rt_lib_init_argv_1
    libinit.o(.ARM.Collect$$libinit$$00000000) refers (Special) to libinit2.o(.ARM.Collect$$libinit$$0000001B) for __rt_lib_init_atexit_1
    libinit.o(.ARM.Collect$$libinit$$00000000) refers (Special) to libinit2.o(.ARM.Collect$$libinit$$00000021) for __rt_lib_init_clock_1
    libinit.o(.ARM.Collect$$libinit$$00000000) refers (Special) to libinit2.o(.ARM.Collect$$libinit$$00000032) for __rt_lib_init_cpp_1
    libinit.o(.ARM.Collect$$libinit$$00000000) refers (Special) to libinit2.o(.ARM.Collect$$libinit$$00000030) for __rt_lib_init_exceptions_1
    libinit.o(.ARM.Collect$$libinit$$00000000) refers (Special) to libinit2.o(.ARM.Collect$$libinit$$00000002) for __rt_lib_init_fp_1
    libinit.o(.ARM.Collect$$libinit$$00000000) refers (Special) to libinit2.o(.ARM.Collect$$libinit$$0000001F) for __rt_lib_init_fp_trap_1
    libinit.o(.ARM.Collect$$libinit$$00000000) refers (Special) to libinit2.o(.ARM.Collect$$libinit$$00000023) for __rt_lib_init_getenv_1
    libinit.o(.ARM.Collect$$libinit$$00000000) refers (Special) to libinit2.o(.ARM.Collect$$libinit$$0000000A) for __rt_lib_init_heap_1
    libinit.o(.ARM.Collect$$libinit$$00000000) refers (Special) to libinit2.o(.ARM.Collect$$libinit$$00000011) for __rt_lib_init_lc_collate_1
    libinit.o(.ARM.Collect$$libinit$$00000000) refers (Special) to libinit2.o(.ARM.Collect$$libinit$$00000013) for __rt_lib_init_lc_ctype_1
    libinit.o(.ARM.Collect$$libinit$$00000000) refers (Special) to libinit2.o(.ARM.Collect$$libinit$$00000015) for __rt_lib_init_lc_monetary_1
    libinit.o(.ARM.Collect$$libinit$$00000000) refers (Special) to libinit2.o(.ARM.Collect$$libinit$$00000017) for __rt_lib_init_lc_numeric_1
    libinit.o(.ARM.Collect$$libinit$$00000000) refers (Special) to libinit2.o(.ARM.Collect$$libinit$$00000019) for __rt_lib_init_lc_time_1
    libinit.o(.ARM.Collect$$libinit$$00000000) refers (Special) to libinit2.o(.ARM.Collect$$libinit$$00000004) for __rt_lib_init_preinit_1
    libinit.o(.ARM.Collect$$libinit$$00000000) refers (Special) to libinit2.o(.ARM.Collect$$libinit$$0000000E) for __rt_lib_init_rand_1
    libinit.o(.ARM.Collect$$libinit$$00000000) refers (Special) to libinit2.o(.ARM.Collect$$libinit$$00000033) for __rt_lib_init_return
    libinit.o(.ARM.Collect$$libinit$$00000000) refers (Special) to libinit2.o(.ARM.Collect$$libinit$$0000001D) for __rt_lib_init_signal_1
    libinit.o(.ARM.Collect$$libinit$$00000000) refers (Special) to libinit2.o(.ARM.Collect$$libinit$$00000025) for __rt_lib_init_stdio_1
    libinit.o(.ARM.Collect$$libinit$$00000000) refers (Special) to libinit2.o(.ARM.Collect$$libinit$$0000000C) for __rt_lib_init_user_alloc_1
    libspace.o(.text) refers to libspace.o(.bss) for __libspace_start
    rtexit.o(.ARM.Collect$$rtexit$$00000000) refers (Special) to rtexit2.o(.ARM.Collect$$rtexit$$00000004) for __rt_exit_exit
    rtexit.o(.ARM.Collect$$rtexit$$00000000) refers (Special) to rtexit2.o(.ARM.Collect$$rtexit$$00000003) for __rt_exit_ls
    rtexit.o(.ARM.Collect$$rtexit$$00000000) refers (Special) to rtexit2.o(.ARM.Collect$$rtexit$$00000002) for __rt_exit_prels_1
    rtexit.o(.ARM.exidx) refers (Special) to rtexit2.o(.ARM.Collect$$rtexit$$00000004) for __rt_exit_exit
    rtexit.o(.ARM.exidx) refers (Special) to rtexit2.o(.ARM.Collect$$rtexit$$00000003) for __rt_exit_ls
    rtexit.o(.ARM.exidx) refers (Special) to rtexit2.o(.ARM.Collect$$rtexit$$00000002) for __rt_exit_prels_1
    rtexit.o(.ARM.exidx) refers to rtexit.o(.ARM.Collect$$rtexit$$00000000) for .ARM.Collect$$rtexit$$00000000
    rt_raise.o(.text) refers to __raise.o(.text) for __raise
    rt_raise.o(.text) refers to sys_exit.o(.text) for _sys_exit
    defsig_exit.o(.text) refers to sys_exit.o(.text) for _sys_exit
    defsig_fpe_inner.o(.text) refers to defsig_general.o(.text) for __default_signal_display
    libinit2.o(.ARM.Collect$$libinit$$00000010) refers to libinit2.o(.ARM.Collect$$libinit$$0000000F) for .ARM.Collect$$libinit$$0000000F
    libinit2.o(.ARM.Collect$$libinit$$00000012) refers to libinit2.o(.ARM.Collect$$libinit$$0000000F) for .ARM.Collect$$libinit$$0000000F
    libinit2.o(.ARM.Collect$$libinit$$00000014) refers to libinit2.o(.ARM.Collect$$libinit$$0000000F) for .ARM.Collect$$libinit$$0000000F
    libinit2.o(.ARM.Collect$$libinit$$00000016) refers to libinit2.o(.ARM.Collect$$libinit$$0000000F) for .ARM.Collect$$libinit$$0000000F
    libinit2.o(.ARM.Collect$$libinit$$00000018) refers to libinit2.o(.ARM.Collect$$libinit$$0000000F) for .ARM.Collect$$libinit$$0000000F
    libinit2.o(.ARM.Collect$$libinit$$00000026) refers to argv_veneer.o(.emb_text) for __ARM_argv_veneer
    libinit2.o(.ARM.Collect$$libinit$$00000027) refers to argv_veneer.o(.emb_text) for __ARM_argv_veneer
    sys_exit.o(.text) refers (Special) to use_no_semi.o(.text) for __I$use$semihosting
    sys_exit.o(.text) refers (Special) to indicate_semi.o(.text) for __semihosting_library_function
    rtexit2.o(.ARM.Collect$$rtexit$$00000003) refers to libshutdown.o(.ARM.Collect$$libshutdown$$00000000) for __rt_lib_shutdown
    rtexit2.o(.ARM.Collect$$rtexit$$00000004) refers to sys_exit.o(.text) for _sys_exit
    rtexit2.o(.ARM.exidx) refers to rtexit2.o(.ARM.Collect$$rtexit$$00000001) for .ARM.Collect$$rtexit$$00000001
    rtexit2.o(.ARM.exidx) refers to rtexit2.o(.ARM.Collect$$rtexit$$00000003) for .ARM.Collect$$rtexit$$00000003
    rtexit2.o(.ARM.exidx) refers to rtexit2.o(.ARM.Collect$$rtexit$$00000004) for .ARM.Collect$$rtexit$$00000004
    __raise.o(.text) refers to defsig.o(CL$$defsig) for __default_signal_handler
    defsig_general.o(.text) refers to sys_wrch.o(.text) for _ttywrch
    argv_veneer.o(.emb_text) refers to no_argv.o(.text) for __ARM_get_argv
    sys_wrch.o(.text) refers (Special) to use_no_semi.o(.text) for __I$use$semihosting
    sys_wrch.o(.text) refers (Special) to indicate_semi.o(.text) for __semihosting_library_function
    defsig.o(CL$$defsig) refers to defsig_fpe_inner.o(.text) for __rt_SIGFPE_inner
    defsig.o(CL$$defsig) refers to defsig_rtmem_inner.o(.text) for __rt_SIGRTMEM_inner
    _get_argv_nomalloc.o(.text) refers (Special) to hrguard.o(.text) for __heap_region$guard
    _get_argv_nomalloc.o(.text) refers to defsig_rtmem_outer.o(.text) for __rt_SIGRTMEM
    _get_argv_nomalloc.o(.text) refers to sys_command.o(.text) for _sys_command_string
    libshutdown.o(.ARM.Collect$$libshutdown$$00000000) refers (Special) to libshutdown2.o(.ARM.Collect$$libshutdown$$00000002) for __rt_lib_shutdown_cpp_1
    libshutdown.o(.ARM.Collect$$libshutdown$$00000000) refers (Special) to libshutdown2.o(.ARM.Collect$$libshutdown$$00000007) for __rt_lib_shutdown_fp_trap_1
    libshutdown.o(.ARM.Collect$$libshutdown$$00000000) refers (Special) to libshutdown2.o(.ARM.Collect$$libshutdown$$0000000F) for __rt_lib_shutdown_heap_1
    libshutdown.o(.ARM.Collect$$libshutdown$$00000000) refers (Special) to libshutdown2.o(.ARM.Collect$$libshutdown$$00000010) for __rt_lib_shutdown_return
    libshutdown.o(.ARM.Collect$$libshutdown$$00000000) refers (Special) to libshutdown2.o(.ARM.Collect$$libshutdown$$0000000A) for __rt_lib_shutdown_signal_1
    libshutdown.o(.ARM.Collect$$libshutdown$$00000000) refers (Special) to libshutdown2.o(.ARM.Collect$$libshutdown$$00000004) for __rt_lib_shutdown_stdio_1
    libshutdown.o(.ARM.Collect$$libshutdown$$00000000) refers (Special) to libshutdown2.o(.ARM.Collect$$libshutdown$$0000000C) for __rt_lib_shutdown_user_alloc_1
    sys_command.o(.text) refers (Special) to use_no_semi.o(.text) for __I$use$semihosting
    sys_command.o(.text) refers (Special) to indicate_semi.o(.text) for __semihosting_library_function
    defsig_abrt_inner.o(.text) refers to defsig_general.o(.text) for __default_signal_display
    defsig_rtred_inner.o(.text) refers to defsig_general.o(.text) for __default_signal_display
    defsig_rtmem_inner.o(.text) refers to defsig_general.o(.text) for __default_signal_display
    defsig_rtmem_outer.o(.text) refers to defsig_rtmem_inner.o(.text) for __rt_SIGRTMEM_inner
    defsig_rtmem_outer.o(.text) refers to defsig_exit.o(.text) for __sig_exit
    defsig_rtmem_formal.o(.text) refers to rt_raise.o(.text) for __rt_raise
    defsig_stak_inner.o(.text) refers to defsig_general.o(.text) for __default_signal_display
    defsig_pvfn_inner.o(.text) refers to defsig_general.o(.text) for __default_signal_display
    defsig_cppl_inner.o(.text) refers to defsig_general.o(.text) for __default_signal_display
    defsig_segv_inner.o(.text) refers to defsig_general.o(.text) for __default_signal_display
    defsig_other.o(.text) refers to defsig_general.o(.text) for __default_signal_display


==============================================================================

Removing Unused input sections from the image.

    Removing main.o(.rev16_text), (4 bytes).
    Removing main.o(.revsh_text), (4 bytes).
    Removing main.o(.rrx_text), (6 bytes).
    Removing i2c_lpc17xx.o(.rev16_text), (4 bytes).
    Removing i2c_lpc17xx.o(.revsh_text), (4 bytes).
    Removing i2c_lpc17xx.o(.rrx_text), (6 bytes).
    Removing uart_lpc17xx.o(.rev16_text), (4 bytes).
    Removing uart_lpc17xx.o(.revsh_text), (4 bytes).
    Removing uart_lpc17xx.o(.rrx_text), (6 bytes).
    Removing gpdma_lpc17xx.o(.rev16_text), (4 bytes).
    Removing gpdma_lpc17xx.o(.revsh_text), (4 bytes).
    Removing gpdma_lpc17xx.o(.rrx_text), (6 bytes).
    Removing gpdma_lpc17xx.o(i.GPDMA_ChannelEnable), (60 bytes).
    Removing gpdma_lpc17xx.o(i.GPDMA_ChannelGetStatus), (36 bytes).
    Removing gpio_lpc17xx.o(.rev16_text), (4 bytes).
    Removing gpio_lpc17xx.o(.revsh_text), (4 bytes).
    Removing gpio_lpc17xx.o(.rrx_text), (6 bytes).
    Removing gpio_lpc17xx.o(i.GPIO_PinRead), (32 bytes).
    Removing gpio_lpc17xx.o(i.GPIO_PinWrite), (40 bytes).
    Removing gpio_lpc17xx.o(i.GPIO_PortClock), (44 bytes).
    Removing gpio_lpc17xx.o(i.GPIO_PortRead), (20 bytes).
    Removing gpio_lpc17xx.o(i.GPIO_PortWrite), (32 bytes).
    Removing gpio_lpc17xx.o(i.GPIO_SetDir), (56 bytes).
    Removing pin_lpc17xx.o(.rev16_text), (4 bytes).
    Removing pin_lpc17xx.o(.revsh_text), (4 bytes).
    Removing pin_lpc17xx.o(.rrx_text), (6 bytes).
    Removing pin_lpc17xx.o(i.PIN_ConfigureTPIU), (40 bytes).
    Removing system_lpc17xx.o(.rev16_text), (4 bytes).
    Removing system_lpc17xx.o(.revsh_text), (4 bytes).
    Removing system_lpc17xx.o(.rrx_text), (6 bytes).
    Removing system_lpc17xx.o(i.SystemCoreClockUpdate), (424 bytes).

31 unused section(s) (total 882 bytes) removed from the image.

==============================================================================

Image Symbol Table

    Local Symbols

    Symbol Name                              Value     Ov Type        Size  Object(Section)

    RESET                                    0x00000000   Section      204  startup_lpc17xx.o(RESET)
    ../clib/angel/boardlib.s                 0x00000000   Number         0  boardshut.o ABSOLUTE
    ../clib/angel/boardlib.s                 0x00000000   Number         0  boardinit1.o ABSOLUTE
    ../clib/angel/boardlib.s                 0x00000000   Number         0  boardinit2.o ABSOLUTE
    ../clib/angel/boardlib.s                 0x00000000   Number         0  boardinit3.o ABSOLUTE
    ../clib/angel/handlers.s                 0x00000000   Number         0  __scatter_zi.o ABSOLUTE
    ../clib/angel/handlers.s                 0x00000000   Number         0  __scatter_copy.o ABSOLUTE
    ../clib/angel/kernel.s                   0x00000000   Number         0  rtexit.o ABSOLUTE
    ../clib/angel/kernel.s                   0x00000000   Number         0  __rtentry4.o ABSOLUTE
    ../clib/angel/kernel.s                   0x00000000   Number         0  __rtentry2.o ABSOLUTE
    ../clib/angel/kernel.s                   0x00000000   Number         0  rtexit2.o ABSOLUTE
    ../clib/angel/kernel.s                   0x00000000   Number         0  __rtentry.o ABSOLUTE
    ../clib/angel/rt.s                       0x00000000   Number         0  rt_raise.o ABSOLUTE
    ../clib/angel/rt.s                       0x00000000   Number         0  aeabi_ldiv0.o ABSOLUTE
    ../clib/angel/rt.s                       0x00000000   Number         0  rt_div0.o ABSOLUTE
    ../clib/angel/rt.s                       0x00000000   Number         0  aeabi_ldiv0_sigfpe.o ABSOLUTE
    ../clib/angel/scatter.s                  0x00000000   Number         0  __scatter.o ABSOLUTE
    ../clib/angel/startup.s                  0x00000000   Number         0  __main.o ABSOLUTE
    ../clib/angel/sys.s                      0x00000000   Number         0  indicate_semi.o ABSOLUTE
    ../clib/angel/sys.s                      0x00000000   Number         0  sys_stackheap_outer.o ABSOLUTE
    ../clib/angel/sys.s                      0x00000000   Number         0  use_no_semi.o ABSOLUTE
    ../clib/angel/sys.s                      0x00000000   Number         0  libspace.o ABSOLUTE
    ../clib/angel/sysapp.c                   0x00000000   Number         0  sys_exit.o ABSOLUTE
    ../clib/angel/sysapp.c                   0x00000000   Number         0  sys_command.o ABSOLUTE
    ../clib/angel/sysapp.c                   0x00000000   Number         0  sys_wrch.o ABSOLUTE
    ../clib/armsys.c                         0x00000000   Number         0  _get_argv_nomalloc.o ABSOLUTE
    ../clib/armsys.c                         0x00000000   Number         0  no_argv.o ABSOLUTE
    ../clib/armsys.c                         0x00000000   Number         0  argv_veneer.o ABSOLUTE
    ../clib/armsys.c                         0x00000000   Number         0  argv_veneer.o ABSOLUTE
    ../clib/heapalloc.c                      0x00000000   Number         0  hrguard.o ABSOLUTE
    ../clib/heapaux.c                        0x00000000   Number         0  heapauxi.o ABSOLUTE
    ../clib/libinit.s                        0x00000000   Number         0  libshutdown.o ABSOLUTE
    ../clib/libinit.s                        0x00000000   Number         0  libinit.o ABSOLUTE
    ../clib/libinit.s                        0x00000000   Number         0  libinit2.o ABSOLUTE
    ../clib/libinit.s                        0x00000000   Number         0  libshutdown2.o ABSOLUTE
    ../clib/longlong.s                       0x00000000   Number         0  lludivv7m.o ABSOLUTE
    ../clib/memcpset.s                       0x00000000   Number         0  rt_memclr_w.o ABSOLUTE
    ../clib/signal.c                         0x00000000   Number         0  defsig_rtmem_formal.o ABSOLUTE
    ../clib/signal.c                         0x00000000   Number         0  defsig_rtmem_outer.o ABSOLUTE
    ../clib/signal.c                         0x00000000   Number         0  defsig_segv_inner.o ABSOLUTE
    ../clib/signal.c                         0x00000000   Number         0  defsig_general.o ABSOLUTE
    ../clib/signal.c                         0x00000000   Number         0  defsig_fpe_formal.o ABSOLUTE
    ../clib/signal.c                         0x00000000   Number         0  __raise.o ABSOLUTE
    ../clib/signal.c                         0x00000000   Number         0  defsig_other.o ABSOLUTE
    ../clib/signal.c                         0x00000000   Number         0  defsig_cppl_inner.o ABSOLUTE
    ../clib/signal.c                         0x00000000   Number         0  defsig_rtmem_inner.o ABSOLUTE
    ../clib/signal.c                         0x00000000   Number         0  defsig_rtred_inner.o ABSOLUTE
    ../clib/signal.c                         0x00000000   Number         0  defsig_abrt_inner.o ABSOLUTE
    ../clib/signal.c                         0x00000000   Number         0  defsig_fpe_inner.o ABSOLUTE
    ../clib/signal.c                         0x00000000   Number         0  defsig_exit.o ABSOLUTE
    ../clib/signal.c                         0x00000000   Number         0  defsig_fpe_outer.o ABSOLUTE
    ../clib/signal.c                         0x00000000   Number         0  defsig_stak_inner.o ABSOLUTE
    ../clib/signal.c                         0x00000000   Number         0  defsig_pvfn_inner.o ABSOLUTE
    ../clib/signal.s                         0x00000000   Number         0  defsig.o ABSOLUTE
    ../clib/stdlib.c                         0x00000000   Number         0  exit.o ABSOLUTE
    ../fplib/fpinit.s                        0x00000000   Number         0  fpinit.o ABSOLUTE
    C:\Keil_v5\ARM\PACK\Keil\LPC1700_DFP\2.3.0\RTE_Driver\GPDMA_LPC17xx.c 0x00000000   Number         0  gpdma_lpc17xx.o ABSOLUTE
    C:\Keil_v5\ARM\PACK\Keil\LPC1700_DFP\2.3.0\RTE_Driver\GPIO_LPC17xx.c 0x00000000   Number         0  gpio_lpc17xx.o ABSOLUTE
    C:\Keil_v5\ARM\PACK\Keil\LPC1700_DFP\2.3.0\RTE_Driver\I2C_LPC17xx.c 0x00000000   Number         0  i2c_lpc17xx.o ABSOLUTE
    C:\Keil_v5\ARM\PACK\Keil\LPC1700_DFP\2.3.0\RTE_Driver\PIN_LPC17xx.c 0x00000000   Number         0  pin_lpc17xx.o ABSOLUTE
    C:\Keil_v5\ARM\PACK\Keil\LPC1700_DFP\2.3.0\RTE_Driver\UART_LPC17xx.c 0x00000000   Number         0  uart_lpc17xx.o ABSOLUTE
    C:\\Keil_v5\\ARM\\PACK\\Keil\\LPC1700_DFP\\2.3.0\\RTE_Driver\\GPDMA_LPC17xx.c 0x00000000   Number         0  gpdma_lpc17xx.o ABSOLUTE
    C:\\Keil_v5\\ARM\\PACK\\Keil\\LPC1700_DFP\\2.3.0\\RTE_Driver\\GPIO_LPC17xx.c 0x00000000   Number         0  gpio_lpc17xx.o ABSOLUTE
    C:\\Keil_v5\\ARM\\PACK\\Keil\\LPC1700_DFP\\2.3.0\\RTE_Driver\\I2C_LPC17xx.c 0x00000000   Number         0  i2c_lpc17xx.o ABSOLUTE
    C:\\Keil_v5\\ARM\\PACK\\Keil\\LPC1700_DFP\\2.3.0\\RTE_Driver\\PIN_LPC17xx.c 0x00000000   Number         0  pin_lpc17xx.o ABSOLUTE
    C:\\Keil_v5\\ARM\\PACK\\Keil\\LPC1700_DFP\\2.3.0\\RTE_Driver\\UART_LPC17xx.c 0x00000000   Number         0  uart_lpc17xx.o ABSOLUTE
    RTE\Device\LPC1768\startup_LPC17xx.s     0x00000000   Number         0  startup_lpc17xx.o ABSOLUTE
    RTE\Device\LPC1768\system_LPC17xx.c      0x00000000   Number         0  system_lpc17xx.o ABSOLUTE
    RTE\\Device\\LPC1768\\system_LPC17xx.c   0x00000000   Number         0  system_lpc17xx.o ABSOLUTE
    dc.s                                     0x00000000   Number         0  dc.o ABSOLUTE
    main.c                                   0x00000000   Number         0  main.o ABSOLUTE
    main.c                                   0x00000000   Number         0  main.o ABSOLUTE
    !!!main                                  0x000000cc   Section        8  __main.o(!!!main)
    !!!scatter                               0x000000d4   Section       52  __scatter.o(!!!scatter)
    !!handler_copy                           0x00000108   Section       26  __scatter_copy.o(!!handler_copy)
    !!handler_zi                             0x00000124   Section       28  __scatter_zi.o(!!handler_zi)
    .ARM.Collect$$libinit$$00000000          0x00000140   Section        2  libinit.o(.ARM.Collect$$libinit$$00000000)
    .ARM.Collect$$libinit$$00000002          0x00000142   Section        0  libinit2.o(.ARM.Collect$$libinit$$00000002)
    .ARM.Collect$$libinit$$00000004          0x00000142   Section        0  libinit2.o(.ARM.Collect$$libinit$$00000004)
    .ARM.Collect$$libinit$$0000000A          0x00000142   Section        0  libinit2.o(.ARM.Collect$$libinit$$0000000A)
    .ARM.Collect$$libinit$$0000000C          0x00000142   Section        0  libinit2.o(.ARM.Collect$$libinit$$0000000C)
    .ARM.Collect$$libinit$$0000000E          0x00000142   Section        0  libinit2.o(.ARM.Collect$$libinit$$0000000E)
    .ARM.Collect$$libinit$$00000011          0x00000142   Section        0  libinit2.o(.ARM.Collect$$libinit$$00000011)
    .ARM.Collect$$libinit$$00000013          0x00000142   Section        0  libinit2.o(.ARM.Collect$$libinit$$00000013)
    .ARM.Collect$$libinit$$00000015          0x00000142   Section        0  libinit2.o(.ARM.Collect$$libinit$$00000015)
    .ARM.Collect$$libinit$$00000017          0x00000142   Section        0  libinit2.o(.ARM.Collect$$libinit$$00000017)
    .ARM.Collect$$libinit$$00000019          0x00000142   Section        0  libinit2.o(.ARM.Collect$$libinit$$00000019)
    .ARM.Collect$$libinit$$0000001B          0x00000142   Section        0  libinit2.o(.ARM.Collect$$libinit$$0000001B)
    .ARM.Collect$$libinit$$0000001D          0x00000142   Section        0  libinit2.o(.ARM.Collect$$libinit$$0000001D)
    .ARM.Collect$$libinit$$0000001F          0x00000142   Section        0  libinit2.o(.ARM.Collect$$libinit$$0000001F)
    .ARM.Collect$$libinit$$00000021          0x00000142   Section        0  libinit2.o(.ARM.Collect$$libinit$$00000021)
    .ARM.Collect$$libinit$$00000023          0x00000142   Section        0  libinit2.o(.ARM.Collect$$libinit$$00000023)
    .ARM.Collect$$libinit$$00000025          0x00000142   Section        0  libinit2.o(.ARM.Collect$$libinit$$00000025)
    .ARM.Collect$$libinit$$0000002C          0x00000142   Section        0  libinit2.o(.ARM.Collect$$libinit$$0000002C)
    .ARM.Collect$$libinit$$0000002E          0x00000142   Section        0  libinit2.o(.ARM.Collect$$libinit$$0000002E)
    .ARM.Collect$$libinit$$00000030          0x00000142   Section        0  libinit2.o(.ARM.Collect$$libinit$$00000030)
    .ARM.Collect$$libinit$$00000032          0x00000142   Section        0  libinit2.o(.ARM.Collect$$libinit$$00000032)
    .ARM.Collect$$libinit$$00000033          0x00000142   Section        2  libinit2.o(.ARM.Collect$$libinit$$00000033)
    .ARM.Collect$$libshutdown$$00000000      0x00000144   Section        2  libshutdown.o(.ARM.Collect$$libshutdown$$00000000)
    .ARM.Collect$$libshutdown$$00000002      0x00000146   Section        0  libshutdown2.o(.ARM.Collect$$libshutdown$$00000002)
    .ARM.Collect$$libshutdown$$00000004      0x00000146   Section        0  libshutdown2.o(.ARM.Collect$$libshutdown$$00000004)
    .ARM.Collect$$libshutdown$$00000007      0x00000146   Section        0  libshutdown2.o(.ARM.Collect$$libshutdown$$00000007)
    .ARM.Collect$$libshutdown$$0000000A      0x00000146   Section        0  libshutdown2.o(.ARM.Collect$$libshutdown$$0000000A)
    .ARM.Collect$$libshutdown$$0000000C      0x00000146   Section        0  libshutdown2.o(.ARM.Collect$$libshutdown$$0000000C)
    .ARM.Collect$$libshutdown$$0000000F      0x00000146   Section        0  libshutdown2.o(.ARM.Collect$$libshutdown$$0000000F)
    .ARM.Collect$$libshutdown$$00000010      0x00000146   Section        2  libshutdown2.o(.ARM.Collect$$libshutdown$$00000010)
    .ARM.Collect$$rtentry$$00000000          0x00000148   Section        0  __rtentry.o(.ARM.Collect$$rtentry$$00000000)
    .ARM.Collect$$rtentry$$00000002          0x00000148   Section        0  __rtentry2.o(.ARM.Collect$$rtentry$$00000002)
    .ARM.Collect$$rtentry$$00000004          0x00000148   Section        6  __rtentry4.o(.ARM.Collect$$rtentry$$00000004)
    .ARM.Collect$$rtentry$$00000009          0x0000014e   Section        0  __rtentry2.o(.ARM.Collect$$rtentry$$00000009)
    .ARM.Collect$$rtentry$$0000000A          0x0000014e   Section        4  __rtentry2.o(.ARM.Collect$$rtentry$$0000000A)
    .ARM.Collect$$rtentry$$0000000C          0x00000152   Section        0  __rtentry2.o(.ARM.Collect$$rtentry$$0000000C)
    .ARM.Collect$$rtentry$$0000000D          0x00000152   Section        8  __rtentry2.o(.ARM.Collect$$rtentry$$0000000D)
    .ARM.Collect$$rtexit$$00000000           0x0000015a   Section        2  rtexit.o(.ARM.Collect$$rtexit$$00000000)
    .ARM.Collect$$rtexit$$00000002           0x0000015c   Section        0  rtexit2.o(.ARM.Collect$$rtexit$$00000002)
    .ARM.Collect$$rtexit$$00000003           0x0000015c   Section        4  rtexit2.o(.ARM.Collect$$rtexit$$00000003)
    .ARM.Collect$$rtexit$$00000004           0x00000160   Section        6  rtexit2.o(.ARM.Collect$$rtexit$$00000004)
    .text                                    0x00000168   Section       60  startup_lpc17xx.o(.text)
    .text                                    0x000001a4   Section      238  lludivv7m.o(.text)
    .text                                    0x00000292   Section       78  rt_memclr_w.o(.text)
    .text                                    0x000002e0   Section        0  heapauxi.o(.text)
    .text                                    0x000002e6   Section        0  exit.o(.text)
    .text                                    0x000002f8   Section        2  use_no_semi.o(.text)
    .text                                    0x000002fa   Section        0  indicate_semi.o(.text)
    .ARM.__at_0x02FC                         0x000002fc   Section        4  startup_lpc17xx.o(.ARM.__at_0x02FC)
    .text                                    0x00000300   Section       74  sys_stackheap_outer.o(.text)
    .text                                    0x0000034c   Section        8  libspace.o(.text)
    .text                                    0x00000354   Section        0  sys_exit.o(.text)
    i.Clear_Channel_active_flag              0x00000360   Section        0  gpdma_lpc17xx.o(i.Clear_Channel_active_flag)
    Clear_Channel_active_flag                0x00000361   Thumb Code    28  gpdma_lpc17xx.o(i.Clear_Channel_active_flag)
    i.DMA_IRQHandler                         0x00000380   Section        0  gpdma_lpc17xx.o(i.DMA_IRQHandler)
    i.GPDMA_ChannelConfigure                 0x00000500   Section        0  gpdma_lpc17xx.o(i.GPDMA_ChannelConfigure)
    i.GPDMA_ChannelDisable                   0x000005f4   Section        0  gpdma_lpc17xx.o(i.GPDMA_ChannelDisable)
    i.GPDMA_ChannelGetCount                  0x00000624   Section        0  gpdma_lpc17xx.o(i.GPDMA_ChannelGetCount)
    i.GPDMA_Initialize                       0x00000654   Section        0  gpdma_lpc17xx.o(i.GPDMA_Initialize)
    i.GPDMA_PeripheralSelect                 0x000006f4   Section        0  gpdma_lpc17xx.o(i.GPDMA_PeripheralSelect)
    i.GPDMA_Uninitialize                     0x00000738   Section        0  gpdma_lpc17xx.o(i.GPDMA_Uninitialize)
    i.GetI2CClockFreq                        0x00000790   Section        0  i2c_lpc17xx.o(i.GetI2CClockFreq)
    GetI2CClockFreq                          0x00000791   Thumb Code    60  i2c_lpc17xx.o(i.GetI2CClockFreq)
    i.GetUsartClockFreq                      0x000007d0   Section        0  uart_lpc17xx.o(i.GetUsartClockFreq)
    GetUsartClockFreq                        0x000007d1   Thumb Code    62  uart_lpc17xx.o(i.GetUsartClockFreq)
    i.I2C0_Control                           0x00000814   Section        0  i2c_lpc17xx.o(i.I2C0_Control)
    I2C0_Control                             0x00000815   Thumb Code    18  i2c_lpc17xx.o(i.I2C0_Control)
    i.I2C0_GetDataCount                      0x0000082c   Section        0  i2c_lpc17xx.o(i.I2C0_GetDataCount)
    I2C0_GetDataCount                        0x0000082d   Thumb Code    10  i2c_lpc17xx.o(i.I2C0_GetDataCount)
    i.I2C0_GetStatus                         0x0000083c   Section        0  i2c_lpc17xx.o(i.I2C0_GetStatus)
    I2C0_GetStatus                           0x0000083d   Thumb Code    12  i2c_lpc17xx.o(i.I2C0_GetStatus)
    i.I2C0_IRQHandler                        0x0000084c   Section        0  i2c_lpc17xx.o(i.I2C0_IRQHandler)
    i.I2C0_Initialize                        0x0000085c   Section        0  i2c_lpc17xx.o(i.I2C0_Initialize)
    I2C0_Initialize                          0x0000085d   Thumb Code    14  i2c_lpc17xx.o(i.I2C0_Initialize)
    i.I2C0_MasterReceive                     0x00000870   Section        0  i2c_lpc17xx.o(i.I2C0_MasterReceive)
    I2C0_MasterReceive                       0x00000871   Thumb Code    28  i2c_lpc17xx.o(i.I2C0_MasterReceive)
    i.I2C0_MasterTransmit                    0x00000890   Section        0  i2c_lpc17xx.o(i.I2C0_MasterTransmit)
    I2C0_MasterTransmit                      0x00000891   Thumb Code    28  i2c_lpc17xx.o(i.I2C0_MasterTransmit)
    i.I2C0_PowerControl                      0x000008b0   Section        0  i2c_lpc17xx.o(i.I2C0_PowerControl)
    I2C0_PowerControl                        0x000008b1   Thumb Code    14  i2c_lpc17xx.o(i.I2C0_PowerControl)
    i.I2C0_SlaveReceive                      0x000008c4   Section        0  i2c_lpc17xx.o(i.I2C0_SlaveReceive)
    I2C0_SlaveReceive                        0x000008c5   Thumb Code    18  i2c_lpc17xx.o(i.I2C0_SlaveReceive)
    i.I2C0_SlaveTransmit                     0x000008dc   Section        0  i2c_lpc17xx.o(i.I2C0_SlaveTransmit)
    I2C0_SlaveTransmit                       0x000008dd   Thumb Code    18  i2c_lpc17xx.o(i.I2C0_SlaveTransmit)
    i.I2C0_Uninitialize                      0x000008f4   Section        0  i2c_lpc17xx.o(i.I2C0_Uninitialize)
    I2C0_Uninitialize                        0x000008f5   Thumb Code    10  i2c_lpc17xx.o(i.I2C0_Uninitialize)
    i.I2C_GetCapabilities                    0x00000904   Section        0  i2c_lpc17xx.o(i.I2C_GetCapabilities)
    I2C_GetCapabilities                      0x00000905   Thumb Code     6  i2c_lpc17xx.o(i.I2C_GetCapabilities)
    i.I2C_GetVersion                         0x00000910   Section        0  i2c_lpc17xx.o(i.I2C_GetVersion)
    I2C_GetVersion                           0x00000911   Thumb Code    10  i2c_lpc17xx.o(i.I2C_GetVersion)
    i.I2Cx_Control                           0x00000920   Section        0  i2c_lpc17xx.o(i.I2Cx_Control)
    I2Cx_Control                             0x00000921   Thumb Code   378  i2c_lpc17xx.o(i.I2Cx_Control)
    i.I2Cx_GetDataCount                      0x00000aac   Section        0  i2c_lpc17xx.o(i.I2Cx_GetDataCount)
    I2Cx_GetDataCount                        0x00000aad   Thumb Code     8  i2c_lpc17xx.o(i.I2Cx_GetDataCount)
    i.I2Cx_GetStatus                         0x00000ab4   Section        0  i2c_lpc17xx.o(i.I2Cx_GetStatus)
    I2Cx_GetStatus                           0x00000ab5   Thumb Code     8  i2c_lpc17xx.o(i.I2Cx_GetStatus)
    i.I2Cx_IRQHandler                        0x00000abc   Section        0  i2c_lpc17xx.o(i.I2Cx_IRQHandler)
    I2Cx_IRQHandler                          0x00000abd   Thumb Code    48  i2c_lpc17xx.o(i.I2Cx_IRQHandler)
    i.I2Cx_Initialize                        0x00000aec   Section        0  i2c_lpc17xx.o(i.I2Cx_Initialize)
    I2Cx_Initialize                          0x00000aed   Thumb Code    78  i2c_lpc17xx.o(i.I2Cx_Initialize)
    i.I2Cx_MasterHandler                     0x00000b3a   Section        0  i2c_lpc17xx.o(i.I2Cx_MasterHandler)
    I2Cx_MasterHandler                       0x00000b3b   Thumb Code   462  i2c_lpc17xx.o(i.I2Cx_MasterHandler)
    i.I2Cx_MasterReceive                     0x00000d08   Section        0  i2c_lpc17xx.o(i.I2Cx_MasterReceive)
    I2Cx_MasterReceive                       0x00000d09   Thumb Code   206  i2c_lpc17xx.o(i.I2Cx_MasterReceive)
    i.I2Cx_MasterTransmit                    0x00000dd6   Section        0  i2c_lpc17xx.o(i.I2Cx_MasterTransmit)
    I2Cx_MasterTransmit                      0x00000dd7   Thumb Code   204  i2c_lpc17xx.o(i.I2Cx_MasterTransmit)
    i.I2Cx_PowerControl                      0x00000ea2   Section        0  i2c_lpc17xx.o(i.I2Cx_PowerControl)
    I2Cx_PowerControl                        0x00000ea3   Thumb Code   320  i2c_lpc17xx.o(i.I2Cx_PowerControl)
    i.I2Cx_SlaveHandler                      0x00000fe2   Section        0  i2c_lpc17xx.o(i.I2Cx_SlaveHandler)
    I2Cx_SlaveHandler                        0x00000fe3   Thumb Code   468  i2c_lpc17xx.o(i.I2Cx_SlaveHandler)
    i.I2Cx_SlaveReceive                      0x000011b6   Section        0  i2c_lpc17xx.o(i.I2Cx_SlaveReceive)
    I2Cx_SlaveReceive                        0x000011b7   Thumb Code   116  i2c_lpc17xx.o(i.I2Cx_SlaveReceive)
    i.I2Cx_SlaveTransmit                     0x0000122a   Section        0  i2c_lpc17xx.o(i.I2Cx_SlaveTransmit)
    I2Cx_SlaveTransmit                       0x0000122b   Thumb Code   116  i2c_lpc17xx.o(i.I2Cx_SlaveTransmit)
    i.I2Cx_Uninitialize                      0x0000129e   Section        0  i2c_lpc17xx.o(i.I2Cx_Uninitialize)
    I2Cx_Uninitialize                        0x0000129f   Thumb Code    48  i2c_lpc17xx.o(i.I2Cx_Uninitialize)
    i.Init_UART                              0x000012d0   Section        0  main.o(i.Init_UART)
    i.NVIC_ClearPendingIRQ                   0x00001308   Section        0  i2c_lpc17xx.o(i.NVIC_ClearPendingIRQ)
    NVIC_ClearPendingIRQ                     0x00001309   Thumb Code    18  i2c_lpc17xx.o(i.NVIC_ClearPendingIRQ)
    i.NVIC_ClearPendingIRQ                   0x00001320   Section        0  uart_lpc17xx.o(i.NVIC_ClearPendingIRQ)
    NVIC_ClearPendingIRQ                     0x00001321   Thumb Code    18  uart_lpc17xx.o(i.NVIC_ClearPendingIRQ)
    i.NVIC_ClearPendingIRQ                   0x00001338   Section        0  gpdma_lpc17xx.o(i.NVIC_ClearPendingIRQ)
    NVIC_ClearPendingIRQ                     0x00001339   Thumb Code    18  gpdma_lpc17xx.o(i.NVIC_ClearPendingIRQ)
    i.NVIC_DisableIRQ                        0x00001350   Section        0  i2c_lpc17xx.o(i.NVIC_DisableIRQ)
    NVIC_DisableIRQ                          0x00001351   Thumb Code    18  i2c_lpc17xx.o(i.NVIC_DisableIRQ)
    i.NVIC_EnableIRQ                         0x00001368   Section        0  i2c_lpc17xx.o(i.NVIC_EnableIRQ)
    NVIC_EnableIRQ                           0x00001369   Thumb Code    22  i2c_lpc17xx.o(i.NVIC_EnableIRQ)
    i.PIN_Configure                          0x00001380   Section        0  pin_lpc17xx.o(i.PIN_Configure)
    i.PIN_ConfigureI2C0Pins                  0x0000147c   Section        0  pin_lpc17xx.o(i.PIN_ConfigureI2C0Pins)
    i.Set_Channel_active_flag                0x0000149c   Section        0  gpdma_lpc17xx.o(i.Set_Channel_active_flag)
    Set_Channel_active_flag                  0x0000149d   Thumb Code    50  gpdma_lpc17xx.o(i.Set_Channel_active_flag)
    i.SystemInit                             0x000014d4   Section        0  system_lpc17xx.o(i.SystemInit)
    i.UART1_IRQHandler                       0x00001614   Section        0  uart_lpc17xx.o(i.UART1_IRQHandler)
    i.USART1_Control                         0x00001624   Section        0  uart_lpc17xx.o(i.USART1_Control)
    USART1_Control                           0x00001625   Thumb Code    18  uart_lpc17xx.o(i.USART1_Control)
    i.USART1_GPDMA_Rx_Event                  0x0000163c   Section        0  uart_lpc17xx.o(i.USART1_GPDMA_Rx_Event)
    i.USART1_GPDMA_Tx_Event                  0x00001650   Section        0  uart_lpc17xx.o(i.USART1_GPDMA_Tx_Event)
    i.USART1_GetCapabilities                 0x00001664   Section        0  uart_lpc17xx.o(i.USART1_GetCapabilities)
    USART1_GetCapabilities                   0x00001665   Thumb Code    12  uart_lpc17xx.o(i.USART1_GetCapabilities)
    i.USART1_GetModemStatus                  0x00001674   Section        0  uart_lpc17xx.o(i.USART1_GetModemStatus)
    USART1_GetModemStatus                    0x00001675   Thumb Code    12  uart_lpc17xx.o(i.USART1_GetModemStatus)
    i.USART1_GetRxCount                      0x00001684   Section        0  uart_lpc17xx.o(i.USART1_GetRxCount)
    USART1_GetRxCount                        0x00001685   Thumb Code    10  uart_lpc17xx.o(i.USART1_GetRxCount)
    i.USART1_GetStatus                       0x00001694   Section        0  uart_lpc17xx.o(i.USART1_GetStatus)
    USART1_GetStatus                         0x00001695   Thumb Code    12  uart_lpc17xx.o(i.USART1_GetStatus)
    i.USART1_GetTxCount                      0x000016a4   Section        0  uart_lpc17xx.o(i.USART1_GetTxCount)
    USART1_GetTxCount                        0x000016a5   Thumb Code    10  uart_lpc17xx.o(i.USART1_GetTxCount)
    i.USART1_Initialize                      0x000016b4   Section        0  uart_lpc17xx.o(i.USART1_Initialize)
    USART1_Initialize                        0x000016b5   Thumb Code    14  uart_lpc17xx.o(i.USART1_Initialize)
    i.USART1_PowerControl                    0x000016c8   Section        0  uart_lpc17xx.o(i.USART1_PowerControl)
    USART1_PowerControl                      0x000016c9   Thumb Code    14  uart_lpc17xx.o(i.USART1_PowerControl)
    i.USART1_Receive                         0x000016dc   Section        0  uart_lpc17xx.o(i.USART1_Receive)
    USART1_Receive                           0x000016dd   Thumb Code    18  uart_lpc17xx.o(i.USART1_Receive)
    i.USART1_Send                            0x000016f4   Section        0  uart_lpc17xx.o(i.USART1_Send)
    USART1_Send                              0x000016f5   Thumb Code    18  uart_lpc17xx.o(i.USART1_Send)
    i.USART1_SetModemControl                 0x0000170c   Section        0  uart_lpc17xx.o(i.USART1_SetModemControl)
    USART1_SetModemControl                   0x0000170d   Thumb Code    14  uart_lpc17xx.o(i.USART1_SetModemControl)
    i.USART1_Transfer                        0x00001720   Section        0  uart_lpc17xx.o(i.USART1_Transfer)
    USART1_Transfer                          0x00001721   Thumb Code    22  uart_lpc17xx.o(i.USART1_Transfer)
    i.USART1_Uninitialize                    0x0000173c   Section        0  uart_lpc17xx.o(i.USART1_Uninitialize)
    USART1_Uninitialize                      0x0000173d   Thumb Code    10  uart_lpc17xx.o(i.USART1_Uninitialize)
    i.USART_Control                          0x0000174c   Section        0  uart_lpc17xx.o(i.USART_Control)
    USART_Control                            0x0000174d   Thumb Code  1642  uart_lpc17xx.o(i.USART_Control)
    i.USART_GPDMA_Rx_Event                   0x00001dbc   Section        0  uart_lpc17xx.o(i.USART_GPDMA_Rx_Event)
    USART_GPDMA_Rx_Event                     0x00001dbd   Thumb Code   134  uart_lpc17xx.o(i.USART_GPDMA_Rx_Event)
    i.USART_GPDMA_Tx_Event                   0x00001e42   Section        0  uart_lpc17xx.o(i.USART_GPDMA_Tx_Event)
    USART_GPDMA_Tx_Event                     0x00001e43   Thumb Code    74  uart_lpc17xx.o(i.USART_GPDMA_Tx_Event)
    i.USART_GetCapabilities                  0x00001e8c   Section        0  uart_lpc17xx.o(i.USART_GetCapabilities)
    USART_GetCapabilities                    0x00001e8d   Thumb Code     6  uart_lpc17xx.o(i.USART_GetCapabilities)
    i.USART_GetModemStatus                   0x00001e92   Section        0  uart_lpc17xx.o(i.USART_GetModemStatus)
    USART_GetModemStatus                     0x00001e93   Thumb Code   178  uart_lpc17xx.o(i.USART_GetModemStatus)
    i.USART_GetRxCount                       0x00001f44   Section        0  uart_lpc17xx.o(i.USART_GetRxCount)
    USART_GetRxCount                         0x00001f45   Thumb Code    28  uart_lpc17xx.o(i.USART_GetRxCount)
    i.USART_GetStatus                        0x00001f60   Section        0  uart_lpc17xx.o(i.USART_GetStatus)
    USART_GetStatus                          0x00001f61   Thumb Code    94  uart_lpc17xx.o(i.USART_GetStatus)
    i.USART_GetTxCount                       0x00001fbe   Section        0  uart_lpc17xx.o(i.USART_GetTxCount)
    USART_GetTxCount                         0x00001fbf   Thumb Code    28  uart_lpc17xx.o(i.USART_GetTxCount)
    i.USART_IRQHandler                       0x00001fda   Section        0  uart_lpc17xx.o(i.USART_IRQHandler)
    USART_IRQHandler                         0x00001fdb   Thumb Code   620  uart_lpc17xx.o(i.USART_IRQHandler)
    i.USART_Initialize                       0x00002246   Section        0  uart_lpc17xx.o(i.USART_Initialize)
    USART_Initialize                         0x00002247   Thumb Code   254  uart_lpc17xx.o(i.USART_Initialize)
    i.USART_PowerControl                     0x00002344   Section        0  uart_lpc17xx.o(i.USART_PowerControl)
    USART_PowerControl                       0x00002345   Thumb Code   542  uart_lpc17xx.o(i.USART_PowerControl)
    i.USART_Receive                          0x00002568   Section        0  uart_lpc17xx.o(i.USART_Receive)
    USART_Receive                            0x00002569   Thumb Code   272  uart_lpc17xx.o(i.USART_Receive)
    i.USART_RxLineIntHandler                 0x00002678   Section        0  uart_lpc17xx.o(i.USART_RxLineIntHandler)
    USART_RxLineIntHandler                   0x00002679   Thumb Code   104  uart_lpc17xx.o(i.USART_RxLineIntHandler)
    i.USART_Send                             0x000026e0   Section        0  uart_lpc17xx.o(i.USART_Send)
    USART_Send                               0x000026e1   Thumb Code   412  uart_lpc17xx.o(i.USART_Send)
    i.USART_SetBaudrate                      0x0000287c   Section        0  uart_lpc17xx.o(i.USART_SetBaudrate)
    i.USART_SetModemControl                  0x000029b0   Section        0  uart_lpc17xx.o(i.USART_SetModemControl)
    USART_SetModemControl                    0x000029b1   Thumb Code   160  uart_lpc17xx.o(i.USART_SetModemControl)
    i.USART_Transfer                         0x00002a50   Section        0  uart_lpc17xx.o(i.USART_Transfer)
    USART_Transfer                           0x00002a51   Thumb Code   122  uart_lpc17xx.o(i.USART_Transfer)
    i.USART_Uninitialize                     0x00002aca   Section        0  uart_lpc17xx.o(i.USART_Uninitialize)
    USART_Uninitialize                       0x00002acb   Thumb Code   226  uart_lpc17xx.o(i.USART_Uninitialize)
    i.USARTx_GetVersion                      0x00002bac   Section        0  uart_lpc17xx.o(i.USARTx_GetVersion)
    USARTx_GetVersion                        0x00002bad   Thumb Code    10  uart_lpc17xx.o(i.USARTx_GetVersion)
    i.main                                   0x00002bbc   Section        0  main.o(i.main)
    .constdata                               0x00002bfc   Section      100  i2c_lpc17xx.o(.constdata)
    DriverVersion                            0x00002bfc   Data           4  i2c_lpc17xx.o(.constdata)
    DriverCapabilities                       0x00002c00   Data           4  i2c_lpc17xx.o(.constdata)
    I2C0_Resources                           0x00002c04   Data          44  i2c_lpc17xx.o(.constdata)
    .constdata                               0x00002c60   Section      464  uart_lpc17xx.o(.constdata)
    usart_driver_version                     0x00002c60   Data           4  uart_lpc17xx.o(.constdata)
    fract_div_lookup_table                   0x00002c64   Data         288  uart_lpc17xx.o(.constdata)
    USART1_DMA_Tx                            0x00002d84   Data           8  uart_lpc17xx.o(.constdata)
    USART1_DMA_Rx                            0x00002d8c   Data           8  uart_lpc17xx.o(.constdata)
    USART1_Resources                         0x00002d94   Data         100  uart_lpc17xx.o(.constdata)
    .data                                    0x10000000   Section        4  i2c_lpc17xx.o(.data)
    .data                                    0x10000004   Section        4  uart_lpc17xx.o(.data)
    USART1_pin_tx                            0x10000004   Data           2  uart_lpc17xx.o(.data)
    USART1_pin_rx                            0x10000006   Data           2  uart_lpc17xx.o(.data)
    .data                                    0x10000008   Section        8  gpdma_lpc17xx.o(.data)
    Channel_active                           0x10000008   Data           4  gpdma_lpc17xx.o(.data)
    Init_cnt                                 0x1000000c   Data           4  gpdma_lpc17xx.o(.data)
    .data                                    0x10000010   Section        4  system_lpc17xx.o(.data)
    .bss                                     0x10000014   Section       36  i2c_lpc17xx.o(.bss)
    I2C0_Ctrl                                0x10000014   Data          36  i2c_lpc17xx.o(.bss)
    .bss                                     0x10000038   Section       52  uart_lpc17xx.o(.bss)
    USART1_Info                              0x10000038   Data          52  uart_lpc17xx.o(.bss)
    .bss                                     0x1000006c   Section      160  gpdma_lpc17xx.o(.bss)
    Channel_info                             0x1000006c   Data         160  gpdma_lpc17xx.o(.bss)
    .bss                                     0x1000010c   Section       96  libspace.o(.bss)
    HEAP                                     0x10000170   Section        0  startup_lpc17xx.o(HEAP)
    STACK                                    0x10000170   Section      512  startup_lpc17xx.o(STACK)
    Heap_Mem                                 0x10000170   Data           0  startup_lpc17xx.o(HEAP)
    Stack_Mem                                0x10000170   Data         512  startup_lpc17xx.o(STACK)
    __initial_sp                             0x10000370   Data           0  startup_lpc17xx.o(STACK)

    Global Symbols

    Symbol Name                              Value     Ov Type        Size  Object(Section)

    BuildAttributes$$THM_ISAv4$P$D$K$B$S$PE$A:L22UL41UL21$X:L11$S22US41US21$IEEE1$IW$USESV6$~STKCKD$USESV7$~SHL$OSPACE$ROPI$EBA8$UX$STANDARDLIB$REQ8$PRES8$EABIv2 0x00000000   Number         0  anon$$obj.o ABSOLUTE
    __ARM_use_no_argv                        0x00000000   Number         0  main.o ABSOLUTE
    __Vectors                                0x00000000   Data           4  startup_lpc17xx.o(RESET)
    __ARM_exceptions_init                     - Undefined Weak Reference
    __alloca_initialize                       - Undefined Weak Reference
    __arm_preinit_                            - Undefined Weak Reference
    __cpp_initialize__aeabi_                  - Undefined Weak Reference
    __cxa_finalize                            - Undefined Weak Reference
    __rt_locale                               - Undefined Weak Reference
    __sigvec_lookup                           - Undefined Weak Reference
    _atexit_init                              - Undefined Weak Reference
    _call_atexit_fns                          - Undefined Weak Reference
    _clock_init                               - Undefined Weak Reference
    _fp_trap_init                             - Undefined Weak Reference
    _fp_trap_shutdown                         - Undefined Weak Reference
    _get_lc_collate                           - Undefined Weak Reference
    _get_lc_ctype                             - Undefined Weak Reference
    _get_lc_monetary                          - Undefined Weak Reference
    _get_lc_numeric                           - Undefined Weak Reference
    _get_lc_time                              - Undefined Weak Reference
    _getenv_init                              - Undefined Weak Reference
    _handle_redirection                       - Undefined Weak Reference
    _init_alloc                               - Undefined Weak Reference
    _init_user_alloc                          - Undefined Weak Reference
    _initio                                   - Undefined Weak Reference
    _rand_init                                - Undefined Weak Reference
    _signal_finish                            - Undefined Weak Reference
    _signal_init                              - Undefined Weak Reference
    _terminate_alloc                          - Undefined Weak Reference
    _terminate_user_alloc                     - Undefined Weak Reference
    _terminateio                              - Undefined Weak Reference
    __main                                   0x000000cd   Thumb Code     8  __main.o(!!!main)
    __scatterload                            0x000000d5   Thumb Code     0  __scatter.o(!!!scatter)
    __scatterload_rt2                        0x000000d5   Thumb Code    44  __scatter.o(!!!scatter)
    __scatterload_rt2_thumb_only             0x000000d5   Thumb Code     0  __scatter.o(!!!scatter)
    __scatterload_null                       0x000000e3   Thumb Code     0  __scatter.o(!!!scatter)
    __scatterload_copy                       0x00000109   Thumb Code    26  __scatter_copy.o(!!handler_copy)
    __scatterload_zeroinit                   0x00000125   Thumb Code    28  __scatter_zi.o(!!handler_zi)
    __rt_lib_init                            0x00000141   Thumb Code     0  libinit.o(.ARM.Collect$$libinit$$00000000)
    __rt_lib_init_alloca_1                   0x00000143   Thumb Code     0  libinit2.o(.ARM.Collect$$libinit$$0000002E)
    __rt_lib_init_argv_1                     0x00000143   Thumb Code     0  libinit2.o(.ARM.Collect$$libinit$$0000002C)
    __rt_lib_init_atexit_1                   0x00000143   Thumb Code     0  libinit2.o(.ARM.Collect$$libinit$$0000001B)
    __rt_lib_init_clock_1                    0x00000143   Thumb Code     0  libinit2.o(.ARM.Collect$$libinit$$00000021)
    __rt_lib_init_cpp_1                      0x00000143   Thumb Code     0  libinit2.o(.ARM.Collect$$libinit$$00000032)
    __rt_lib_init_exceptions_1               0x00000143   Thumb Code     0  libinit2.o(.ARM.Collect$$libinit$$00000030)
    __rt_lib_init_fp_1                       0x00000143   Thumb Code     0  libinit2.o(.ARM.Collect$$libinit$$00000002)
    __rt_lib_init_fp_trap_1                  0x00000143   Thumb Code     0  libinit2.o(.ARM.Collect$$libinit$$0000001F)
    __rt_lib_init_getenv_1                   0x00000143   Thumb Code     0  libinit2.o(.ARM.Collect$$libinit$$00000023)
    __rt_lib_init_heap_1                     0x00000143   Thumb Code     0  libinit2.o(.ARM.Collect$$libinit$$0000000A)
    __rt_lib_init_lc_collate_1               0x00000143   Thumb Code     0  libinit2.o(.ARM.Collect$$libinit$$00000011)
    __rt_lib_init_lc_ctype_1                 0x00000143   Thumb Code     0  libinit2.o(.ARM.Collect$$libinit$$00000013)
    __rt_lib_init_lc_monetary_1              0x00000143   Thumb Code     0  libinit2.o(.ARM.Collect$$libinit$$00000015)
    __rt_lib_init_lc_numeric_1               0x00000143   Thumb Code     0  libinit2.o(.ARM.Collect$$libinit$$00000017)
    __rt_lib_init_lc_time_1                  0x00000143   Thumb Code     0  libinit2.o(.ARM.Collect$$libinit$$00000019)
    __rt_lib_init_preinit_1                  0x00000143   Thumb Code     0  libinit2.o(.ARM.Collect$$libinit$$00000004)
    __rt_lib_init_rand_1                     0x00000143   Thumb Code     0  libinit2.o(.ARM.Collect$$libinit$$0000000E)
    __rt_lib_init_return                     0x00000143   Thumb Code     0  libinit2.o(.ARM.Collect$$libinit$$00000033)
    __rt_lib_init_signal_1                   0x00000143   Thumb Code     0  libinit2.o(.ARM.Collect$$libinit$$0000001D)
    __rt_lib_init_stdio_1                    0x00000143   Thumb Code     0  libinit2.o(.ARM.Collect$$libinit$$00000025)
    __rt_lib_init_user_alloc_1               0x00000143   Thumb Code     0  libinit2.o(.ARM.Collect$$libinit$$0000000C)
    __rt_lib_shutdown                        0x00000145   Thumb Code     0  libshutdown.o(.ARM.Collect$$libshutdown$$00000000)
    __rt_lib_shutdown_cpp_1                  0x00000147   Thumb Code     0  libshutdown2.o(.ARM.Collect$$libshutdown$$00000002)
    __rt_lib_shutdown_fp_trap_1              0x00000147   Thumb Code     0  libshutdown2.o(.ARM.Collect$$libshutdown$$00000007)
    __rt_lib_shutdown_heap_1                 0x00000147   Thumb Code     0  libshutdown2.o(.ARM.Collect$$libshutdown$$0000000F)
    __rt_lib_shutdown_return                 0x00000147   Thumb Code     0  libshutdown2.o(.ARM.Collect$$libshutdown$$00000010)
    __rt_lib_shutdown_signal_1               0x00000147   Thumb Code     0  libshutdown2.o(.ARM.Collect$$libshutdown$$0000000A)
    __rt_lib_shutdown_stdio_1                0x00000147   Thumb Code     0  libshutdown2.o(.ARM.Collect$$libshutdown$$00000004)
    __rt_lib_shutdown_user_alloc_1           0x00000147   Thumb Code     0  libshutdown2.o(.ARM.Collect$$libshutdown$$0000000C)
    __rt_entry                               0x00000149   Thumb Code     0  __rtentry.o(.ARM.Collect$$rtentry$$00000000)
    __rt_entry_presh_1                       0x00000149   Thumb Code     0  __rtentry2.o(.ARM.Collect$$rtentry$$00000002)
    __rt_entry_sh                            0x00000149   Thumb Code     0  __rtentry4.o(.ARM.Collect$$rtentry$$00000004)
    __rt_entry_li                            0x0000014f   Thumb Code     0  __rtentry2.o(.ARM.Collect$$rtentry$$0000000A)
    __rt_entry_postsh_1                      0x0000014f   Thumb Code     0  __rtentry2.o(.ARM.Collect$$rtentry$$00000009)
    __rt_entry_main                          0x00000153   Thumb Code     0  __rtentry2.o(.ARM.Collect$$rtentry$$0000000D)
    __rt_entry_postli_1                      0x00000153   Thumb Code     0  __rtentry2.o(.ARM.Collect$$rtentry$$0000000C)
    __rt_exit                                0x0000015b   Thumb Code     0  rtexit.o(.ARM.Collect$$rtexit$$00000000)
    __rt_exit_ls                             0x0000015d   Thumb Code     0  rtexit2.o(.ARM.Collect$$rtexit$$00000003)
    __rt_exit_prels_1                        0x0000015d   Thumb Code     0  rtexit2.o(.ARM.Collect$$rtexit$$00000002)
    __rt_exit_exit                           0x00000161   Thumb Code     0  rtexit2.o(.ARM.Collect$$rtexit$$00000004)
    Reset_Handler                            0x00000169   Thumb Code     8  startup_lpc17xx.o(.text)
    NMI_Handler                              0x00000171   Thumb Code     2  startup_lpc17xx.o(.text)
    HardFault_Handler                        0x00000173   Thumb Code     2  startup_lpc17xx.o(.text)
    MemManage_Handler                        0x00000175   Thumb Code     2  startup_lpc17xx.o(.text)
    BusFault_Handler                         0x00000177   Thumb Code     2  startup_lpc17xx.o(.text)
    UsageFault_Handler                       0x00000179   Thumb Code     2  startup_lpc17xx.o(.text)
    SVC_Handler                              0x0000017b   Thumb Code     2  startup_lpc17xx.o(.text)
    DebugMon_Handler                         0x0000017d   Thumb Code     2  startup_lpc17xx.o(.text)
    PendSV_Handler                           0x0000017f   Thumb Code     2  startup_lpc17xx.o(.text)
    SysTick_Handler                          0x00000181   Thumb Code     2  startup_lpc17xx.o(.text)
    ADC_IRQHandler                           0x00000183   Thumb Code     0  startup_lpc17xx.o(.text)
    BOD_IRQHandler                           0x00000183   Thumb Code     0  startup_lpc17xx.o(.text)
    CANActivity_IRQHandler                   0x00000183   Thumb Code     0  startup_lpc17xx.o(.text)
    CAN_IRQHandler                           0x00000183   Thumb Code     0  startup_lpc17xx.o(.text)
    EINT0_IRQHandler                         0x00000183   Thumb Code     0  startup_lpc17xx.o(.text)
    EINT1_IRQHandler                         0x00000183   Thumb Code     0  startup_lpc17xx.o(.text)
    EINT2_IRQHandler                         0x00000183   Thumb Code     0  startup_lpc17xx.o(.text)
    EINT3_IRQHandler                         0x00000183   Thumb Code     0  startup_lpc17xx.o(.text)
    ENET_IRQHandler                          0x00000183   Thumb Code     0  startup_lpc17xx.o(.text)
    I2C1_IRQHandler                          0x00000183   Thumb Code     0  startup_lpc17xx.o(.text)
    I2C2_IRQHandler                          0x00000183   Thumb Code     0  startup_lpc17xx.o(.text)
    I2S_IRQHandler                           0x00000183   Thumb Code     0  startup_lpc17xx.o(.text)
    MCPWM_IRQHandler                         0x00000183   Thumb Code     0  startup_lpc17xx.o(.text)
    PLL0_IRQHandler                          0x00000183   Thumb Code     0  startup_lpc17xx.o(.text)
    PLL1_IRQHandler                          0x00000183   Thumb Code     0  startup_lpc17xx.o(.text)
    PWM1_IRQHandler                          0x00000183   Thumb Code     0  startup_lpc17xx.o(.text)
    QEI_IRQHandler                           0x00000183   Thumb Code     0  startup_lpc17xx.o(.text)
    RIT_IRQHandler                           0x00000183   Thumb Code     0  startup_lpc17xx.o(.text)
    RTC_IRQHandler                           0x00000183   Thumb Code     0  startup_lpc17xx.o(.text)
    SPI_IRQHandler                           0x00000183   Thumb Code     0  startup_lpc17xx.o(.text)
    SSP0_IRQHandler                          0x00000183   Thumb Code     0  startup_lpc17xx.o(.text)
    SSP1_IRQHandler                          0x00000183   Thumb Code     0  startup_lpc17xx.o(.text)
    TIMER0_IRQHandler                        0x00000183   Thumb Code     0  startup_lpc17xx.o(.text)
    TIMER1_IRQHandler                        0x00000183   Thumb Code     0  startup_lpc17xx.o(.text)
    TIMER2_IRQHandler                        0x00000183   Thumb Code     0  startup_lpc17xx.o(.text)
    TIMER3_IRQHandler                        0x00000183   Thumb Code     0  startup_lpc17xx.o(.text)
    UART0_IRQHandler                         0x00000183   Thumb Code     0  startup_lpc17xx.o(.text)
    UART2_IRQHandler                         0x00000183   Thumb Code     0  startup_lpc17xx.o(.text)
    UART3_IRQHandler                         0x00000183   Thumb Code     0  startup_lpc17xx.o(.text)
    USBActivity_IRQHandler                   0x00000183   Thumb Code     0  startup_lpc17xx.o(.text)
    USB_IRQHandler                           0x00000183   Thumb Code     0  startup_lpc17xx.o(.text)
    WDT_IRQHandler                           0x00000183   Thumb Code     0  startup_lpc17xx.o(.text)
    __user_initial_stackheap                 0x00000185   Thumb Code     0  startup_lpc17xx.o(.text)
    __aeabi_uldivmod                         0x000001a5   Thumb Code     0  lludivv7m.o(.text)
    _ll_udiv                                 0x000001a5   Thumb Code   238  lludivv7m.o(.text)
    __aeabi_memclr4                          0x00000293   Thumb Code     0  rt_memclr_w.o(.text)
    __aeabi_memclr8                          0x00000293   Thumb Code     0  rt_memclr_w.o(.text)
    __rt_memclr_w                            0x00000293   Thumb Code    78  rt_memclr_w.o(.text)
    _memset_w                                0x00000297   Thumb Code     0  rt_memclr_w.o(.text)
    __use_two_region_memory                  0x000002e1   Thumb Code     2  heapauxi.o(.text)
    __rt_heap_escrow$2region                 0x000002e3   Thumb Code     2  heapauxi.o(.text)
    __rt_heap_expand$2region                 0x000002e5   Thumb Code     2  heapauxi.o(.text)
    exit                                     0x000002e7   Thumb Code    18  exit.o(.text)
    __I$use$semihosting                      0x000002f9   Thumb Code     0  use_no_semi.o(.text)
    __use_no_semihosting_swi                 0x000002f9   Thumb Code     2  use_no_semi.o(.text)
    __semihosting_library_function           0x000002fb   Thumb Code     0  indicate_semi.o(.text)
    __user_setup_stackheap                   0x00000301   Thumb Code    74  sys_stackheap_outer.o(.text)
    __user_libspace                          0x0000034d   Thumb Code     8  libspace.o(.text)
    __user_perproc_libspace                  0x0000034d   Thumb Code     0  libspace.o(.text)
    __user_perthread_libspace                0x0000034d   Thumb Code     0  libspace.o(.text)
    _sys_exit                                0x00000355   Thumb Code     8  sys_exit.o(.text)
    DMA_IRQHandler                           0x00000381   Thumb Code   372  gpdma_lpc17xx.o(i.DMA_IRQHandler)
    GPDMA_ChannelConfigure                   0x00000501   Thumb Code   232  gpdma_lpc17xx.o(i.GPDMA_ChannelConfigure)
    GPDMA_ChannelDisable                     0x000005f5   Thumb Code    44  gpdma_lpc17xx.o(i.GPDMA_ChannelDisable)
    GPDMA_ChannelGetCount                    0x00000625   Thumb Code    38  gpdma_lpc17xx.o(i.GPDMA_ChannelGetCount)
    GPDMA_Initialize                         0x00000655   Thumb Code   138  gpdma_lpc17xx.o(i.GPDMA_Initialize)
    GPDMA_PeripheralSelect                   0x000006f5   Thumb Code    62  gpdma_lpc17xx.o(i.GPDMA_PeripheralSelect)
    GPDMA_Uninitialize                       0x00000739   Thumb Code    74  gpdma_lpc17xx.o(i.GPDMA_Uninitialize)
    I2C0_IRQHandler                          0x0000084d   Thumb Code    10  i2c_lpc17xx.o(i.I2C0_IRQHandler)
    Init_UART                                0x000012d1   Thumb Code    52  main.o(i.Init_UART)
    PIN_Configure                            0x00001381   Thumb Code   246  pin_lpc17xx.o(i.PIN_Configure)
    PIN_ConfigureI2C0Pins                    0x0000147d   Thumb Code    28  pin_lpc17xx.o(i.PIN_ConfigureI2C0Pins)
    SystemInit                               0x000014d5   Thumb Code   302  system_lpc17xx.o(i.SystemInit)
    UART1_IRQHandler                         0x00001615   Thumb Code    10  uart_lpc17xx.o(i.UART1_IRQHandler)
    USART1_GPDMA_Rx_Event                    0x0000163d   Thumb Code    14  uart_lpc17xx.o(i.USART1_GPDMA_Rx_Event)
    USART1_GPDMA_Tx_Event                    0x00001651   Thumb Code    14  uart_lpc17xx.o(i.USART1_GPDMA_Tx_Event)
    USART_SetBaudrate                        0x0000287d   Thumb Code   302  uart_lpc17xx.o(i.USART_SetBaudrate)
    main                                     0x00002bbd   Thumb Code    38  main.o(i.main)
    Driver_I2C0                              0x00002c30   Data          48  i2c_lpc17xx.o(.constdata)
    Driver_USART1                            0x00002df8   Data          56  uart_lpc17xx.o(.constdata)
    Region$$Table$$Base                      0x00002e30   Number         0  anon$$obj.o(Region$$Table)
    Region$$Table$$Limit                     0x00002e50   Number         0  anon$$obj.o(Region$$Table)
    I2C0_PIN                                 0x10000000   Data           4  i2c_lpc17xx.o(.data)
    SystemCoreClock                          0x10000010   Data           4  system_lpc17xx.o(.data)
    __libspace_start                         0x1000010c   Data          96  libspace.o(.bss)
    __temporary_stack_top$libspace           0x1000016c   Data           0  libspace.o(.bss)



==============================================================================

Memory Map of the image

  Image Entry point : 0x000000cd

  Load Region LR_IROM1 (Base: 0x00000000, Size: 0x00002e64, Max: 0x00080000, ABSOLUTE)

    Execution Region ER_IROM1 (Base: 0x00000000, Size: 0x00002e50, Max: 0x00080000, ABSOLUTE)

    Base Addr    Size         Type   Attr      Idx    E Section Name        Object

    0x00000000   0x000000cc   Data   RO          672    RESET               startup_lpc17xx.o
    0x000000cc   0x00000008   Code   RO          724  * !!!main             c_w.l(__main.o)
    0x000000d4   0x00000034   Code   RO          891    !!!scatter          c_w.l(__scatter.o)
    0x00000108   0x0000001a   Code   RO          893    !!handler_copy      c_w.l(__scatter_copy.o)
    0x00000122   0x00000002   PAD
    0x00000124   0x0000001c   Code   RO          895    !!handler_zi        c_w.l(__scatter_zi.o)
    0x00000140   0x00000002   Code   RO          761    .ARM.Collect$$libinit$$00000000  c_w.l(libinit.o)
    0x00000142   0x00000000   Code   RO          774    .ARM.Collect$$libinit$$00000002  c_w.l(libinit2.o)
    0x00000142   0x00000000   Code   RO          776    .ARM.Collect$$libinit$$00000004  c_w.l(libinit2.o)
    0x00000142   0x00000000   Code   RO          779    .ARM.Collect$$libinit$$0000000A  c_w.l(libinit2.o)
    0x00000142   0x00000000   Code   RO          781    .ARM.Collect$$libinit$$0000000C  c_w.l(libinit2.o)
    0x00000142   0x00000000   Code   RO          783    .ARM.Collect$$libinit$$0000000E  c_w.l(libinit2.o)
    0x00000142   0x00000000   Code   RO          786    .ARM.Collect$$libinit$$00000011  c_w.l(libinit2.o)
    0x00000142   0x00000000   Code   RO          788    .ARM.Collect$$libinit$$00000013  c_w.l(libinit2.o)
    0x00000142   0x00000000   Code   RO          790    .ARM.Collect$$libinit$$00000015  c_w.l(libinit2.o)
    0x00000142   0x00000000   Code   RO          792    .ARM.Collect$$libinit$$00000017  c_w.l(libinit2.o)
    0x00000142   0x00000000   Code   RO          794    .ARM.Collect$$libinit$$00000019  c_w.l(libinit2.o)
    0x00000142   0x00000000   Code   RO          796    .ARM.Collect$$libinit$$0000001B  c_w.l(libinit2.o)
    0x00000142   0x00000000   Code   RO          798    .ARM.Collect$$libinit$$0000001D  c_w.l(libinit2.o)
    0x00000142   0x00000000   Code   RO          800    .ARM.Collect$$libinit$$0000001F  c_w.l(libinit2.o)
    0x00000142   0x00000000   Code   RO          802    .ARM.Collect$$libinit$$00000021  c_w.l(libinit2.o)
    0x00000142   0x00000000   Code   RO          804    .ARM.Collect$$libinit$$00000023  c_w.l(libinit2.o)
    0x00000142   0x00000000   Code   RO          806    .ARM.Collect$$libinit$$00000025  c_w.l(libinit2.o)
    0x00000142   0x00000000   Code   RO          810    .ARM.Collect$$libinit$$0000002C  c_w.l(libinit2.o)
    0x00000142   0x00000000   Code   RO          812    .ARM.Collect$$libinit$$0000002E  c_w.l(libinit2.o)
    0x00000142   0x00000000   Code   RO          814    .ARM.Collect$$libinit$$00000030  c_w.l(libinit2.o)
    0x00000142   0x00000000   Code   RO          816    .ARM.Collect$$libinit$$00000032  c_w.l(libinit2.o)
    0x00000142   0x00000002   Code   RO          817    .ARM.Collect$$libinit$$00000033  c_w.l(libinit2.o)
    0x00000144   0x00000002   Code   RO          848    .ARM.Collect$$libshutdown$$00000000  c_w.l(libshutdown.o)
    0x00000146   0x00000000   Code   RO          874    .ARM.Collect$$libshutdown$$00000002  c_w.l(libshutdown2.o)
    0x00000146   0x00000000   Code   RO          876    .ARM.Collect$$libshutdown$$00000004  c_w.l(libshutdown2.o)
    0x00000146   0x00000000   Code   RO          879    .ARM.Collect$$libshutdown$$00000007  c_w.l(libshutdown2.o)
    0x00000146   0x00000000   Code   RO          882    .ARM.Collect$$libshutdown$$0000000A  c_w.l(libshutdown2.o)
    0x00000146   0x00000000   Code   RO          884    .ARM.Collect$$libshutdown$$0000000C  c_w.l(libshutdown2.o)
    0x00000146   0x00000000   Code   RO          887    .ARM.Collect$$libshutdown$$0000000F  c_w.l(libshutdown2.o)
    0x00000146   0x00000002   Code   RO          888    .ARM.Collect$$libshutdown$$00000010  c_w.l(libshutdown2.o)
    0x00000148   0x00000000   Code   RO          726    .ARM.Collect$$rtentry$$00000000  c_w.l(__rtentry.o)
    0x00000148   0x00000000   Code   RO          732    .ARM.Collect$$rtentry$$00000002  c_w.l(__rtentry2.o)
    0x00000148   0x00000006   Code   RO          744    .ARM.Collect$$rtentry$$00000004  c_w.l(__rtentry4.o)
    0x0000014e   0x00000000   Code   RO          734    .ARM.Collect$$rtentry$$00000009  c_w.l(__rtentry2.o)
    0x0000014e   0x00000004   Code   RO          735    .ARM.Collect$$rtentry$$0000000A  c_w.l(__rtentry2.o)
    0x00000152   0x00000000   Code   RO          737    .ARM.Collect$$rtentry$$0000000C  c_w.l(__rtentry2.o)
    0x00000152   0x00000008   Code   RO          738    .ARM.Collect$$rtentry$$0000000D  c_w.l(__rtentry2.o)
    0x0000015a   0x00000002   Code   RO          765    .ARM.Collect$$rtexit$$00000000  c_w.l(rtexit.o)
    0x0000015c   0x00000000   Code   RO          821    .ARM.Collect$$rtexit$$00000002  c_w.l(rtexit2.o)
    0x0000015c   0x00000004   Code   RO          822    .ARM.Collect$$rtexit$$00000003  c_w.l(rtexit2.o)
    0x00000160   0x00000006   Code   RO          823    .ARM.Collect$$rtexit$$00000004  c_w.l(rtexit2.o)
    0x00000166   0x00000002   PAD
    0x00000168   0x0000003c   Code   RO          674    .text               startup_lpc17xx.o
    0x000001a4   0x000000ee   Code   RO          718    .text               c_w.l(lludivv7m.o)
    0x00000292   0x0000004e   Code   RO          720    .text               c_w.l(rt_memclr_w.o)
    0x000002e0   0x00000006   Code   RO          722    .text               c_w.l(heapauxi.o)
    0x000002e6   0x00000012   Code   RO          750    .text               c_w.l(exit.o)
    0x000002f8   0x00000002   Code   RO          837    .text               c_w.l(use_no_semi.o)
    0x000002fa   0x00000000   Code   RO          839    .text               c_w.l(indicate_semi.o)
    0x000002fa   0x00000002   PAD
    0x000002fc   0x00000004   Code   RO          673    .ARM.__at_0x02FC    startup_lpc17xx.o
    0x00000300   0x0000004a   Code   RO          748    .text               c_w.l(sys_stackheap_outer.o)
    0x0000034a   0x00000002   PAD
    0x0000034c   0x00000008   Code   RO          762    .text               c_w.l(libspace.o)
    0x00000354   0x0000000c   Code   RO          818    .text               c_w.l(sys_exit.o)
    0x00000360   0x00000020   Code   RO          490    i.Clear_Channel_active_flag  gpdma_lpc17xx.o
    0x00000380   0x00000180   Code   RO          491    i.DMA_IRQHandler    gpdma_lpc17xx.o
    0x00000500   0x000000f4   Code   RO          492    i.GPDMA_ChannelConfigure  gpdma_lpc17xx.o
    0x000005f4   0x00000030   Code   RO          493    i.GPDMA_ChannelDisable  gpdma_lpc17xx.o
    0x00000624   0x00000030   Code   RO          495    i.GPDMA_ChannelGetCount  gpdma_lpc17xx.o
    0x00000654   0x000000a0   Code   RO          497    i.GPDMA_Initialize  gpdma_lpc17xx.o
    0x000006f4   0x00000044   Code   RO          498    i.GPDMA_PeripheralSelect  gpdma_lpc17xx.o
    0x00000738   0x00000058   Code   RO          499    i.GPDMA_Uninitialize  gpdma_lpc17xx.o
    0x00000790   0x00000040   Code   RO           73    i.GetI2CClockFreq   i2c_lpc17xx.o
    0x000007d0   0x00000044   Code   RO          272    i.GetUsartClockFreq  uart_lpc17xx.o
    0x00000814   0x00000018   Code   RO           74    i.I2C0_Control      i2c_lpc17xx.o
    0x0000082c   0x00000010   Code   RO           75    i.I2C0_GetDataCount  i2c_lpc17xx.o
    0x0000083c   0x00000010   Code   RO           76    i.I2C0_GetStatus    i2c_lpc17xx.o
    0x0000084c   0x00000010   Code   RO           77    i.I2C0_IRQHandler   i2c_lpc17xx.o
    0x0000085c   0x00000014   Code   RO           78    i.I2C0_Initialize   i2c_lpc17xx.o
    0x00000870   0x00000020   Code   RO           79    i.I2C0_MasterReceive  i2c_lpc17xx.o
    0x00000890   0x00000020   Code   RO           80    i.I2C0_MasterTransmit  i2c_lpc17xx.o
    0x000008b0   0x00000014   Code   RO           81    i.I2C0_PowerControl  i2c_lpc17xx.o
    0x000008c4   0x00000018   Code   RO           82    i.I2C0_SlaveReceive  i2c_lpc17xx.o
    0x000008dc   0x00000018   Code   RO           83    i.I2C0_SlaveTransmit  i2c_lpc17xx.o
    0x000008f4   0x00000010   Code   RO           84    i.I2C0_Uninitialize  i2c_lpc17xx.o
    0x00000904   0x0000000c   Code   RO           85    i.I2C_GetCapabilities  i2c_lpc17xx.o
    0x00000910   0x00000010   Code   RO           86    i.I2C_GetVersion    i2c_lpc17xx.o
    0x00000920   0x0000018c   Code   RO           87    i.I2Cx_Control      i2c_lpc17xx.o
    0x00000aac   0x00000008   Code   RO           88    i.I2Cx_GetDataCount  i2c_lpc17xx.o
    0x00000ab4   0x00000008   Code   RO           89    i.I2Cx_GetStatus    i2c_lpc17xx.o
    0x00000abc   0x00000030   Code   RO           90    i.I2Cx_IRQHandler   i2c_lpc17xx.o
    0x00000aec   0x0000004e   Code   RO           91    i.I2Cx_Initialize   i2c_lpc17xx.o
    0x00000b3a   0x000001ce   Code   RO           92    i.I2Cx_MasterHandler  i2c_lpc17xx.o
    0x00000d08   0x000000ce   Code   RO           93    i.I2Cx_MasterReceive  i2c_lpc17xx.o
    0x00000dd6   0x000000cc   Code   RO           94    i.I2Cx_MasterTransmit  i2c_lpc17xx.o
    0x00000ea2   0x00000140   Code   RO           95    i.I2Cx_PowerControl  i2c_lpc17xx.o
    0x00000fe2   0x000001d4   Code   RO           96    i.I2Cx_SlaveHandler  i2c_lpc17xx.o
    0x000011b6   0x00000074   Code   RO           97    i.I2Cx_SlaveReceive  i2c_lpc17xx.o
    0x0000122a   0x00000074   Code   RO           98    i.I2Cx_SlaveTransmit  i2c_lpc17xx.o
    0x0000129e   0x00000030   Code   RO           99    i.I2Cx_Uninitialize  i2c_lpc17xx.o
    0x000012ce   0x00000002   PAD
    0x000012d0   0x00000038   Code   RO            4    i.Init_UART         main.o
    0x00001308   0x00000018   Code   RO          100    i.NVIC_ClearPendingIRQ  i2c_lpc17xx.o
    0x00001320   0x00000018   Code   RO          273    i.NVIC_ClearPendingIRQ  uart_lpc17xx.o
    0x00001338   0x00000018   Code   RO          500    i.NVIC_ClearPendingIRQ  gpdma_lpc17xx.o
    0x00001350   0x00000018   Code   RO          101    i.NVIC_DisableIRQ   i2c_lpc17xx.o
    0x00001368   0x00000016   Code   RO          102    i.NVIC_EnableIRQ    i2c_lpc17xx.o
    0x0000137e   0x00000002   PAD
    0x00001380   0x000000fc   Code   RO          637    i.PIN_Configure     pin_lpc17xx.o
    0x0000147c   0x00000020   Code   RO          638    i.PIN_ConfigureI2C0Pins  pin_lpc17xx.o
    0x0000149c   0x00000038   Code   RO          501    i.Set_Channel_active_flag  gpdma_lpc17xx.o
    0x000014d4   0x00000140   Code   RO          684    i.SystemInit        system_lpc17xx.o
    0x00001614   0x00000010   Code   RO          274    i.UART1_IRQHandler  uart_lpc17xx.o
    0x00001624   0x00000018   Code   RO          275    i.USART1_Control    uart_lpc17xx.o
    0x0000163c   0x00000014   Code   RO          276    i.USART1_GPDMA_Rx_Event  uart_lpc17xx.o
    0x00001650   0x00000014   Code   RO          277    i.USART1_GPDMA_Tx_Event  uart_lpc17xx.o
    0x00001664   0x00000010   Code   RO          278    i.USART1_GetCapabilities  uart_lpc17xx.o
    0x00001674   0x00000010   Code   RO          279    i.USART1_GetModemStatus  uart_lpc17xx.o
    0x00001684   0x00000010   Code   RO          280    i.USART1_GetRxCount  uart_lpc17xx.o
    0x00001694   0x00000010   Code   RO          281    i.USART1_GetStatus  uart_lpc17xx.o
    0x000016a4   0x00000010   Code   RO          282    i.USART1_GetTxCount  uart_lpc17xx.o
    0x000016b4   0x00000014   Code   RO          283    i.USART1_Initialize  uart_lpc17xx.o
    0x000016c8   0x00000014   Code   RO          284    i.USART1_PowerControl  uart_lpc17xx.o
    0x000016dc   0x00000018   Code   RO          285    i.USART1_Receive    uart_lpc17xx.o
    0x000016f4   0x00000018   Code   RO          286    i.USART1_Send       uart_lpc17xx.o
    0x0000170c   0x00000014   Code   RO          287    i.USART1_SetModemControl  uart_lpc17xx.o
    0x00001720   0x0000001c   Code   RO          288    i.USART1_Transfer   uart_lpc17xx.o
    0x0000173c   0x00000010   Code   RO          289    i.USART1_Uninitialize  uart_lpc17xx.o
    0x0000174c   0x00000670   Code   RO          290    i.USART_Control     uart_lpc17xx.o
    0x00001dbc   0x00000086   Code   RO          291    i.USART_GPDMA_Rx_Event  uart_lpc17xx.o
    0x00001e42   0x0000004a   Code   RO          292    i.USART_GPDMA_Tx_Event  uart_lpc17xx.o
    0x00001e8c   0x00000006   Code   RO          293    i.USART_GetCapabilities  uart_lpc17xx.o
    0x00001e92   0x000000b2   Code   RO          294    i.USART_GetModemStatus  uart_lpc17xx.o
    0x00001f44   0x0000001c   Code   RO          295    i.USART_GetRxCount  uart_lpc17xx.o
    0x00001f60   0x0000005e   Code   RO          296    i.USART_GetStatus   uart_lpc17xx.o
    0x00001fbe   0x0000001c   Code   RO          297    i.USART_GetTxCount  uart_lpc17xx.o
    0x00001fda   0x0000026c   Code   RO          298    i.USART_IRQHandler  uart_lpc17xx.o
    0x00002246   0x000000fe   Code   RO          299    i.USART_Initialize  uart_lpc17xx.o
    0x00002344   0x00000224   Code   RO          300    i.USART_PowerControl  uart_lpc17xx.o
    0x00002568   0x00000110   Code   RO          301    i.USART_Receive     uart_lpc17xx.o
    0x00002678   0x00000068   Code   RO          302    i.USART_RxLineIntHandler  uart_lpc17xx.o
    0x000026e0   0x0000019c   Code   RO          303    i.USART_Send        uart_lpc17xx.o
    0x0000287c   0x00000134   Code   RO          304    i.USART_SetBaudrate  uart_lpc17xx.o
    0x000029b0   0x000000a0   Code   RO          305    i.USART_SetModemControl  uart_lpc17xx.o
    0x00002a50   0x0000007a   Code   RO          306    i.USART_Transfer    uart_lpc17xx.o
    0x00002aca   0x000000e2   Code   RO          307    i.USART_Uninitialize  uart_lpc17xx.o
    0x00002bac   0x00000010   Code   RO          308    i.USARTx_GetVersion  uart_lpc17xx.o
    0x00002bbc   0x00000040   Code   RO            5    i.main              main.o
    0x00002bfc   0x00000064   Data   RO          104    .constdata          i2c_lpc17xx.o
    0x00002c60   0x000001d0   Data   RO          310    .constdata          uart_lpc17xx.o
    0x00002e30   0x00000020   Data   RO          889    Region$$Table       anon$$obj.o


    Execution Region RW_IRAM1 (Base: 0x10000000, Size: 0x00000370, Max: 0x00008000, ABSOLUTE)

    Base Addr    Size         Type   Attr      Idx    E Section Name        Object

    0x10000000   0x00000004   Data   RW          105    .data               i2c_lpc17xx.o
    0x10000004   0x00000004   Data   RW          311    .data               uart_lpc17xx.o
    0x10000008   0x00000008   Data   RW          503    .data               gpdma_lpc17xx.o
    0x10000010   0x00000004   Data   RW          685    .data               system_lpc17xx.o
    0x10000014   0x00000024   Zero   RW          103    .bss                i2c_lpc17xx.o
    0x10000038   0x00000034   Zero   RW          309    .bss                uart_lpc17xx.o
    0x1000006c   0x000000a0   Zero   RW          502    .bss                gpdma_lpc17xx.o
    0x1000010c   0x00000060   Zero   RW          763    .bss                c_w.l(libspace.o)
    0x1000016c   0x00000004   PAD
    0x10000170   0x00000000   Zero   RW          671    HEAP                startup_lpc17xx.o
    0x10000170   0x00000200   Zero   RW          670    STACK               startup_lpc17xx.o


==============================================================================

Image component sizes


      Code (inc. data)   RO Data    RW Data    ZI Data      Debug   Object Name

      1152         96          0          8        160       8014   gpdma_lpc17xx.o
      2880        132        100          4         36      48136   i2c_lpc17xx.o
       120         30          0          0          0      28759   main.o
       284         10          0          0          0       1464   pin_lpc17xx.o
        64         26        204          0        512        948   startup_lpc17xx.o
       320         18          0          4          0        763   system_lpc17xx.o
      5636        154        464          4         52      36547   uart_lpc17xx.o

    ----------------------------------------------------------------------
     10460        466        800         20        760     124631   Object Totals
         0          0         32          0          0          0   (incl. Generated)
         4          0          0          0          0          0   (incl. Padding)

    ----------------------------------------------------------------------

      Code (inc. data)   RO Data    RW Data    ZI Data      Debug   Library Member Name

         8          0          0          0          0         68   __main.o
         0          0          0          0          0          0   __rtentry.o
        12          0          0          0          0          0   __rtentry2.o
         6          0          0          0          0          0   __rtentry4.o
        52          8          0          0          0          0   __scatter.o
        26          0          0          0          0          0   __scatter_copy.o
        28          0          0          0          0          0   __scatter_zi.o
        18          0          0          0          0         80   exit.o
         6          0          0          0          0        152   heapauxi.o
         0          0          0          0          0          0   indicate_semi.o
         2          0          0          0          0          0   libinit.o
         2          0          0          0          0          0   libinit2.o
         2          0          0          0          0          0   libshutdown.o
         2          0          0          0          0          0   libshutdown2.o
         8          4          0          0         96         68   libspace.o
       238          0          0          0          0        100   lludivv7m.o
        78          0          0          0          0         80   rt_memclr_w.o
         2          0          0          0          0          0   rtexit.o
        10          0          0          0          0          0   rtexit2.o
        12          4          0          0          0         68   sys_exit.o
        74          0          0          0          0         80   sys_stackheap_outer.o
         2          0          0          0          0         68   use_no_semi.o

    ----------------------------------------------------------------------
       596         16          0          0        100        764   Library Totals
         8          0          0          0          4          0   (incl. Padding)

    ----------------------------------------------------------------------

      Code (inc. data)   RO Data    RW Data    ZI Data      Debug   Library Name

       588         16          0          0         96        764   c_w.l

    ----------------------------------------------------------------------
       596         16          0          0        100        764   Library Totals

    ----------------------------------------------------------------------

==============================================================================


      Code (inc. data)   RO Data    RW Data    ZI Data      Debug   

     11056        482        800         20        860     120971   Grand Totals
     11056        482        800         20        860     120971   ELF Image Totals
     11056        482        800         20          0          0   ROM Totals

==============================================================================

    Total RO  Size (Code + RO Data)                11856 (  11.58kB)
    Total RW  Size (RW Data + ZI Data)               880 (   0.86kB)
    Total ROM Size (Code + RO Data + RW Data)      11876 (  11.60kB)

==============================================================================

